Archive member included to satisfy reference by file (symbol)

/opt/st/stm32cubeide_1.14.0/plugins/com.st.stm32cube.ide.mcu.externaltools.gnu-tools-for-stm32.11.3.rel1.linux64_1.1.100.202309141235/tools/bin/../lib/gcc/arm-none-eabi/11.3.1/../../../../arm-none-eabi/lib/thumb/v7-m/nofp/libc_nano.a(libc_a-exit.o)
                              /opt/st/stm32cubeide_1.14.0/plugins/com.st.stm32cube.ide.mcu.externaltools.gnu-tools-for-stm32.11.3.rel1.linux64_1.1.100.202309141235/tools/bin/../lib/gcc/arm-none-eabi/11.3.1/../../../../arm-none-eabi/lib/thumb/v7-m/nofp/crt0.o (exit)
/opt/st/stm32cubeide_1.14.0/plugins/com.st.stm32cube.ide.mcu.externaltools.gnu-tools-for-stm32.11.3.rel1.linux64_1.1.100.202309141235/tools/bin/../lib/gcc/arm-none-eabi/11.3.1/../../../../arm-none-eabi/lib/thumb/v7-m/nofp/libc_nano.a(libc_a-findfp.o)
                              ./Middlewares/Third_Party/FreeRTOS/Source/tasks.o (__sf)
/opt/st/stm32cubeide_1.14.0/plugins/com.st.stm32cube.ide.mcu.externaltools.gnu-tools-for-stm32.11.3.rel1.linux64_1.1.100.202309141235/tools/bin/../lib/gcc/arm-none-eabi/11.3.1/../../../../arm-none-eabi/lib/thumb/v7-m/nofp/libc_nano.a(libc_a-fwalk.o)
                              /opt/st/stm32cubeide_1.14.0/plugins/com.st.stm32cube.ide.mcu.externaltools.gnu-tools-for-stm32.11.3.rel1.linux64_1.1.100.202309141235/tools/bin/../lib/gcc/arm-none-eabi/11.3.1/../../../../arm-none-eabi/lib/thumb/v7-m/nofp/libc_nano.a(libc_a-findfp.o) (_fwalk_sglue)
/opt/st/stm32cubeide_1.14.0/plugins/com.st.stm32cube.ide.mcu.externaltools.gnu-tools-for-stm32.11.3.rel1.linux64_1.1.100.202309141235/tools/bin/../lib/gcc/arm-none-eabi/11.3.1/../../../../arm-none-eabi/lib/thumb/v7-m/nofp/libc_nano.a(libc_a-stdio.o)
                              /opt/st/stm32cubeide_1.14.0/plugins/com.st.stm32cube.ide.mcu.externaltools.gnu-tools-for-stm32.11.3.rel1.linux64_1.1.100.202309141235/tools/bin/../lib/gcc/arm-none-eabi/11.3.1/../../../../arm-none-eabi/lib/thumb/v7-m/nofp/libc_nano.a(libc_a-findfp.o) (__sread)
/opt/st/stm32cubeide_1.14.0/plugins/com.st.stm32cube.ide.mcu.externaltools.gnu-tools-for-stm32.11.3.rel1.linux64_1.1.100.202309141235/tools/bin/../lib/gcc/arm-none-eabi/11.3.1/../../../../arm-none-eabi/lib/thumb/v7-m/nofp/libc_nano.a(libc_a-memset.o)
                              /opt/st/stm32cubeide_1.14.0/plugins/com.st.stm32cube.ide.mcu.externaltools.gnu-tools-for-stm32.11.3.rel1.linux64_1.1.100.202309141235/tools/bin/../lib/gcc/arm-none-eabi/11.3.1/../../../../arm-none-eabi/lib/thumb/v7-m/nofp/crt0.o (memset)
/opt/st/stm32cubeide_1.14.0/plugins/com.st.stm32cube.ide.mcu.externaltools.gnu-tools-for-stm32.11.3.rel1.linux64_1.1.100.202309141235/tools/bin/../lib/gcc/arm-none-eabi/11.3.1/../../../../arm-none-eabi/lib/thumb/v7-m/nofp/libc_nano.a(libc_a-closer.o)
                              /opt/st/stm32cubeide_1.14.0/plugins/com.st.stm32cube.ide.mcu.externaltools.gnu-tools-for-stm32.11.3.rel1.linux64_1.1.100.202309141235/tools/bin/../lib/gcc/arm-none-eabi/11.3.1/../../../../arm-none-eabi/lib/thumb/v7-m/nofp/libc_nano.a(libc_a-stdio.o) (_close_r)
/opt/st/stm32cubeide_1.14.0/plugins/com.st.stm32cube.ide.mcu.externaltools.gnu-tools-for-stm32.11.3.rel1.linux64_1.1.100.202309141235/tools/bin/../lib/gcc/arm-none-eabi/11.3.1/../../../../arm-none-eabi/lib/thumb/v7-m/nofp/libc_nano.a(libc_a-reent.o)
                              ./Middlewares/Third_Party/FreeRTOS/Source/tasks.o (_reclaim_reent)
/opt/st/stm32cubeide_1.14.0/plugins/com.st.stm32cube.ide.mcu.externaltools.gnu-tools-for-stm32.11.3.rel1.linux64_1.1.100.202309141235/tools/bin/../lib/gcc/arm-none-eabi/11.3.1/../../../../arm-none-eabi/lib/thumb/v7-m/nofp/libc_nano.a(libc_a-impure.o)
                              ./Middlewares/Third_Party/FreeRTOS/Source/tasks.o (_impure_ptr)
/opt/st/stm32cubeide_1.14.0/plugins/com.st.stm32cube.ide.mcu.externaltools.gnu-tools-for-stm32.11.3.rel1.linux64_1.1.100.202309141235/tools/bin/../lib/gcc/arm-none-eabi/11.3.1/../../../../arm-none-eabi/lib/thumb/v7-m/nofp/libc_nano.a(libc_a-lseekr.o)
                              /opt/st/stm32cubeide_1.14.0/plugins/com.st.stm32cube.ide.mcu.externaltools.gnu-tools-for-stm32.11.3.rel1.linux64_1.1.100.202309141235/tools/bin/../lib/gcc/arm-none-eabi/11.3.1/../../../../arm-none-eabi/lib/thumb/v7-m/nofp/libc_nano.a(libc_a-stdio.o) (_lseek_r)
/opt/st/stm32cubeide_1.14.0/plugins/com.st.stm32cube.ide.mcu.externaltools.gnu-tools-for-stm32.11.3.rel1.linux64_1.1.100.202309141235/tools/bin/../lib/gcc/arm-none-eabi/11.3.1/../../../../arm-none-eabi/lib/thumb/v7-m/nofp/libc_nano.a(libc_a-readr.o)
                              /opt/st/stm32cubeide_1.14.0/plugins/com.st.stm32cube.ide.mcu.externaltools.gnu-tools-for-stm32.11.3.rel1.linux64_1.1.100.202309141235/tools/bin/../lib/gcc/arm-none-eabi/11.3.1/../../../../arm-none-eabi/lib/thumb/v7-m/nofp/libc_nano.a(libc_a-stdio.o) (_read_r)
[...]
Memory Configuration

Name             Origin             Length             Attributes
RAM              0x0000000020000000 0x0000000000005000 xrw
FLASH            0x0000000008000000 0x0000000000010000 xr
*default*        0x0000000000000000 0xffffffffffffffff

Linker script and memory map

LOAD /opt/st/stm32cubeide_1.14.0/plugins/com.st.stm32cube.ide.mcu.externaltools.gnu-tools-for-stm32.11.3.rel1.linux64_1.1.100.202309141235/tools/bin/../lib/gcc/arm-none-eabi/11.3.1/thumb/v7-m/nofp/crti.o
LOAD /opt/st/stm32cubeide_1.14.0/plugins/com.st.stm32cube.ide.mcu.externaltools.gnu-tools-for-stm32.11.3.rel1.linux64_1.1.100.202309141235/tools/bin/../lib/gcc/arm-none-eabi/11.3.1/thumb/v7-m/nofp/crtbegin.o
LOAD /opt/st/stm32cubeide_1.14.0/plugins/com.st.stm32cube.ide.mcu.externaltools.gnu-tools-for-stm32.11.3.rel1.linux64_1.1.100.202309141235/tools/bin/../lib/gcc/arm-none-eabi/11.3.1/../../../../arm-none-eabi/lib/thumb/v7-m/nofp/crt0.o
LOAD ./Core/Src/ADXL.o
LOAD ./Core/Src/Accelerometer.o
LOAD ./Core/Src/freertos.o
LOAD ./Core/Src/gpio.o
LOAD ./Core/Src/main.o
LOAD ./Core/Src/spi.o
LOAD ./Core/Src/stm32f1xx_hal_msp.o
LOAD ./Core/Src/stm32f1xx_hal_timebase_tim.o
LOAD ./Core/Src/stm32f1xx_it.o
LOAD ./Core/Src/syscalls.o
LOAD ./Core/Src/sysmem.o
LOAD ./Core/Src/system_stm32f1xx.o
LOAD ./Core/Src/tim.o
LOAD ./Core/Src/usart.o
LOAD ./Core/Startup/startup_stm32f103c8tx.o
LOAD ./Drivers/STM32F1xx_HAL_Driver/Src/stm32f1xx_hal.o
LOAD ./Drivers/STM32F1xx_HAL_Driver/Src/stm32f1xx_hal_cortex.o
LOAD ./Drivers/STM32F1xx_HAL_Driver/Src/stm32f1xx_hal_dma.o
LOAD ./Drivers/STM32F1xx_HAL_Driver/Src/stm32f1xx_hal_exti.o
LOAD ./Drivers/STM32F1xx_HAL_Driver/Src/stm32f1xx_hal_flash.o
LOAD ./Drivers/STM32F1xx_HAL_Driver/Src/stm32f1xx_hal_flash_ex.o
LOAD ./Drivers/STM32F1xx_HAL_Driver/Src/stm32f1xx_hal_gpio.o
LOAD ./Drivers/STM32F1xx_HAL_Driver/Src/stm32f1xx_hal_gpio_ex.o
LOAD ./Drivers/STM32F1xx_HAL_Driver/Src/stm32f1xx_hal_pwr.o
LOAD ./Drivers/STM32F1xx_HAL_Driver/Src/stm32f1xx_hal_rcc.o
LOAD ./Drivers/STM32F1xx_HAL_Driver/Src/stm32f1xx_hal_rcc_ex.o
LOAD ./Drivers/STM32F1xx_HAL_Driver/Src/stm32f1xx_hal_spi.o
LOAD ./Drivers/STM32F1xx_HAL_Driver/Src/stm32f1xx_hal_tim.o
LOAD ./Drivers/STM32F1xx_HAL_Driver/Src/stm32f1xx_hal_tim_ex.o
LOAD ./Drivers/STM32F1xx_HAL_Driver/Src/stm32f1xx_hal_uart.o
LOAD ./Middlewares/Third_Party/FreeRTOS/Source/CMSIS_RTOS/cmsis_os.o
LOAD ./Middlewares/Third_Party/FreeRTOS/Source/croutine.o
LOAD ./Middlewares/Third_Party/FreeRTOS/Source/event_groups.o
LOAD ./Middlewares/Third_Party/FreeRTOS/Source/list.o
LOAD ./Middlewares/Third_Party/FreeRTOS/Source/queue.o
LOAD ./Middlewares/Third_Party/FreeRTOS/Source/stream_buffer.o
LOAD ./Middlewares/Third_Party/FreeRTOS/Source/tasks.o
LOAD ./Middlewares/Third_Party/FreeRTOS/Source/timers.o
LOAD ./Middlewares/Third_Party/FreeRTOS/Source/portable/GCC/ARM_CM3/port.o
LOAD ./Middlewares/Third_Party/FreeRTOS/Source/portable/MemMang/heap_4.o
START GROUP
LOAD /opt/st/stm32cubeide_1.14.0/plugins/com.st.stm32cube.ide.mcu.externaltools.gnu-tools-for-stm32.11.3.rel1.linux64_1.1.100.202309141235/tools/bin/../lib/gcc/arm-none-eabi/11.3.1/../../../../arm-none-eabi/lib/thumb/v7-m/nofp/libc_nano.a
LOAD /opt/st/stm32cubeide_1.14.0/plugins/com.st.stm32cube.ide.mcu.externaltools.gnu-tools-for-stm32.11.3.rel1.linux64_1.1.100.202309141235/tools/bin/../lib/gcc/arm-none-eabi/11.3.1/../../../../arm-none-eabi/lib/thumb/v7-m/nofp/libm.a
END GROUP
START GROUP
LOAD /opt/st/stm32cubeide_1.14.0/plugins/com.st.stm32cube.ide.mcu.externaltools.gnu-tools-for-stm32.11.3.rel1.linux64_1.1.100.202309141235/tools/bin/../lib/gcc/arm-none-eabi/11.3.1/thumb/v7-m/nofp/libgcc.a
LOAD /opt/st/stm32cubeide_1.14.0/plugins/com.st.stm32cube.ide.mcu.externaltools.gnu-tools-for-stm32.11.3.rel1.linux64_1.1.100.202309141235/tools/bin/../lib/gcc/arm-none-eabi/11.3.1/../../../../arm-none-eabi/lib/thumb/v7-m/nofp/libc_nano.a
END GROUP
START GROUP
LOAD /opt/st/stm32cubeide_1.14.0/plugins/com.st.stm32cube.ide.mcu.externaltools.gnu-tools-for-stm32.11.3.rel1.linux64_1.1.100.202309141235/tools/bin/../lib/gcc/arm-none-eabi/11.3.1/thumb/v7-m/nofp/libgcc.a
LOAD /opt/st/stm32cubeide_1.14.0/plugins/com.st.stm32cube.ide.mcu.externaltools.gnu-tools-for-stm32.11.3.rel1.linux64_1.1.100.202309141235/tools/bin/../lib/gcc/arm-none-eabi/11.3.1/../../../../arm-none-eabi/lib/thumb/v7-m/nofp/libc_nano.a
LOAD /opt/st/stm32cubeide_1.14.0/plugins/com.st.stm32cube.ide.mcu.externaltools.gnu-tools-for-stm32.11.3.rel1.linux64_1.1.100.202309141235/tools/bin/../lib/gcc/arm-none-eabi/11.3.1/../../../../arm-none-eabi/lib/thumb/v7-m/nofp/libnosys.a
END GROUP
START GROUP
LOAD /opt/st/stm32cubeide_1.14.0/plugins/com.st.stm32cube.ide.mcu.externaltools.gnu-tools-for-stm32.11.3.rel1.linux64_1.1.100.202309141235/tools/bin/../lib/gcc/arm-none-eabi/11.3.1/thumb/v7-m/nofp/libgcc.a
LOAD /opt/st/stm32cubeide_1.14.0/plugins/com.st.stm32cube.ide.mcu.externaltools.gnu-tools-for-stm32.11.3.rel1.linux64_1.1.100.202309141235/tools/bin/../lib/gcc/arm-none-eabi/11.3.1/../../../../arm-none-eabi/lib/thumb/v7-m/nofp/libc_nano.a
LOAD /opt/st/stm32cubeide_1.14.0/plugins/com.st.stm32cube.ide.mcu.externaltools.gnu-tools-for-stm32.11.3.rel1.linux64_1.1.100.202309141235/tools/bin/../lib/gcc/arm-none-eabi/11.3.1/../../../../arm-none-eabi/lib/thumb/v7-m/nofp/libnosys.a
END GROUP
LOAD /opt/st/stm32cubeide_1.14.0/plugins/com.st.stm32cube.ide.mcu.externaltools.gnu-tools-for-stm32.11.3.rel1.linux64_1.1.100.202309141235/tools/bin/../lib/gcc/arm-none-eabi/11.3.1/thumb/v7-m/nofp/crtend.o
LOAD /opt/st/stm32cubeide_1.14.0/plugins/com.st.stm32cube.ide.mcu.externaltools.gnu-tools-for-stm32.11.3.rel1.linux64_1.1.100.202309141235/tools/bin/../lib/gcc/arm-none-eabi/11.3.1/thumb/v7-m/nofp/crtn.o
                0x0000000020005000                _estack = (ORIGIN (RAM) + LENGTH (RAM))
                0x0000000000000200                _Min_Heap_Size = 0x200
                0x0000000000000400                _Min_Stack_Size = 0x400

.isr_vector     0x0000000008000000      0x10c
                0x0000000008000000                . = ALIGN (0x4)
 *(.isr_vector)
 .isr_vector    0x0000000008000000      0x10c ./Core/Startup/startup_stm32f103c8tx.o
                0x0000000008000000                g_pfnVectors
                0x000000000800010c                . = ALIGN (0x4)

.text           0x0000000008000110     0x6cf0
                0x0000000008000110                . = ALIGN (0x4)
 *(.text)
 .text          0x0000000008000110       0x40 /opt/st/stm32cubeide_1.14.0/plugins/com.st.stm32cube.ide.mcu.externaltools.gnu-tools-for-stm32.11.3.rel1.linux64_1.1.100.202309141235/tools/bin/../lib/gcc/arm-none-eabi/11.3.1/thumb/v7-m/nofp/crtbegin.o
 .text          0x0000000008000150      0x254 /opt/st/stm32cubeide_1.14.0/plugins/com.st.stm32cube.ide.mcu.externaltools.gnu-tools-for-stm32.11.3.rel1.linux64_1.1.100.202309141235/tools/bin/../lib/gcc/arm-none-eabi/11.3.1/thumb/v7-m/nofp/libgcc.a(_arm_muldf3.o)
                0x0000000008000150                __aeabi_dmul
                0x0000000008000150                __muldf3
 .text          0x00000000080003a4      0x378 /opt/st/stm32cubeide_1.14.0/plugins/com.st.stm32cube.ide.mcu.externaltools.gnu-tools-for-stm32.11.3.rel1.linux64_1.1.100.202309141235/tools/bin/../lib/gcc/arm-none-eabi/11.3.1/thumb/v7-m/nofp/libgcc.a(_arm_addsubdf3.o)
                0x00000000080003a4                __aeabi_drsub
                0x00000000080003ac                __aeabi_dsub
                0x00000000080003ac                __subdf3
                0x00000000080003b0                __adddf3
                0x00000000080003b0                __aeabi_dadd
                0x0000000008000628                __aeabi_ui2d
                0x0000000008000628                __floatunsidf
                0x0000000008000648                __floatsidf
                0x0000000008000648                __aeabi_i2d
                0x000000000800066c                __extendsfdf2
                0x000000000800066c                __aeabi_f2d
                0x00000000080006b0                __aeabi_ul2d
                0x00000000080006b0                __floatundidf
                0x00000000080006c0                __floatdidf
                0x00000000080006c0                __aeabi_l2d
 .text          0x000000000800071c       0x50 /opt/st/stm32cubeide_1.14.0/plugins/com.st.stm32cube.ide.mcu.externaltools.gnu-tools-for-stm32.11.3.rel1.linux64_1.1.100.202309141235/tools/bin/../lib/gcc/arm-none-eabi/11.3.1/thumb/v7-m/nofp/libgcc.a(_arm_fixdfsi.o)
                0x000000000800071c                __fixdfsi
                0x000000000800071c                __aeabi_d2iz
 .text          0x000000000800076c      0x21c /opt/st/stm32cubeide_1.14.0/plugins/com.st.stm32cube.ide.mcu.externaltools.gnu-tools-for-stm32.11.3.rel1.linux64_1.1.100.202309141235/tools/bin/../lib/gcc/arm-none-eabi/11.3.1/thumb/v7-m/nofp/libgcc.a(_arm_addsubsf3.o)
                0x000000000800076c                __aeabi_frsub
                0x0000000008000774                __subsf3
                0x0000000008000774                __aeabi_fsub
                0x0000000008000778                __aeabi_fadd
                0x0000000008000778                __addsf3
                0x00000000080008d8                __aeabi_ui2f
                0x00000000080008d8                __floatunsisf
                0x00000000080008e0                __aeabi_i2f
                0x00000000080008e0                __floatsisf
                0x00000000080008fc                __floatundisf
                0x00000000080008fc                __aeabi_ul2f
                0x000000000800090c                __floatdisf
                0x000000000800090c                __aeabi_l2f
 .text          0x0000000008000988      0x2a0 /opt/st/stm32cubeide_1.14.0/plugins/com.st.stm32cube.ide.mcu.externaltools.gnu-tools-for-stm32.11.3.rel1.linux64_1.1.100.202309141235/tools/bin/../lib/gcc/arm-none-eabi/11.3.1/thumb/v7-m/nofp/libgcc.a(_arm_muldivsf3.o)
                0x0000000008000988                __mulsf3
                0x0000000008000988                __aeabi_fmul
                0x0000000008000af0                __divsf3
                0x0000000008000af0                __aeabi_fdiv
 .text          0x0000000008000c28       0xec /opt/st/stm32cubeide_1.14.0/plugins/com.st.stm32cube.ide.mcu.externaltools.gnu-tools-for-stm32.11.3.rel1.linux64_1.1.100.202309141235/tools/bin/../lib/gcc/arm-none-eabi/11.3.1/thumb/v7-m/nofp/libgcc.a(_arm_cmpsf2.o)
                0x0000000008000c28                __gtsf2
                0x0000000008000c28                __gesf2
                0x0000000008000c30                __lesf2
                0x0000000008000c30                __ltsf2
                0x0000000008000c38                __nesf2
                0x0000000008000c38                __eqsf2
                0x0000000008000c38                __cmpsf2
                0x0000000008000c98                __aeabi_cfrcmple
                0x0000000008000ca0                __aeabi_cfcmple
                0x0000000008000ca0                __aeabi_cfcmpeq
                0x0000000008000cb0                __aeabi_fcmpeq
                0x0000000008000cc4                __aeabi_fcmplt
                0x0000000008000cd8                __aeabi_fcmple
                0x0000000008000cec                __aeabi_fcmpge
                0x0000000008000d00                __aeabi_fcmpgt
 *(.text*)
 .text.ADXL_Init
                0x0000000008000d14      0x164 ./Core/Src/ADXL.o
                0x0000000008000d14                ADXL_Init
 .text.ADXL_getAccel
                0x0000000008000e78      0x124 ./Core/Src/ADXL.o
                0x0000000008000e78                ADXL_getAccel
 .text.ADXL_Measure
                0x0000000008000f9c       0x62 ./Core/Src/ADXL.o
                0x0000000008000f9c                ADXL_Measure
 .text.adxlInterrupt
                0x0000000008000ffe       0x7c ./Core/Src/ADXL.o
 .text.ADXL_enableDoubleTap
                0x000000000800107a       0xbc ./Core/Src/ADXL.o
                0x000000000800107a                ADXL_enableDoubleTap
 .text.ADXL_IntProto
                0x0000000008001136       0x36 ./Core/Src/ADXL.o
                0x0000000008001136                ADXL_IntProto
 .text.writeRegister
                0x000000000800116c       0x60 ./Core/Src/ADXL.o
 .text.readRegister
                0x00000000080011cc       0x80 ./Core/Src/ADXL.o
 .text.adxlBW   0x000000000800124c       0x88 ./Core/Src/ADXL.o
 .text.adxlFormat
                0x00000000080012d4       0x60 ./Core/Src/ADXL.o
 *fill*         0x0000000008001334        0x4 
 .text.StartReadAccel
                0x0000000008001338      0x2c8 ./Core/Src/Accelerometer.o
                0x0000000008001338                StartReadAccel
 .text.HAL_GPIO_EXTI_Callback
                0x0000000008001600       0x58 ./Core/Src/Accelerometer.o
                0x0000000008001600                HAL_GPIO_EXTI_Callback
 .text.calcDisplacement
                0x0000000008001658       0xe4 ./Core/Src/Accelerometer.o
 .text.vApplicationGetIdleTaskMemory
                0x000000000800173c       0x30 ./Core/Src/freertos.o
                0x000000000800173c                vApplicationGetIdleTaskMemory
 .text.MX_FREERTOS_Init
                0x000000000800176c       0x84 ./Core/Src/freertos.o
                0x000000000800176c                MX_FREERTOS_Init
 .text.StartDefaultTask
                0x00000000080017f0       0x28 ./Core/Src/freertos.o
                0x00000000080017f0                StartDefaultTask
 .text.MX_GPIO_Init
                0x0000000008001818      0x158 ./Core/Src/gpio.o
                0x0000000008001818                MX_GPIO_Init
 .text.main     0x0000000008001970       0x30 ./Core/Src/main.o
                0x0000000008001970                main
 .text.SystemClock_Config
                0x00000000080019a0       0x8a ./Core/Src/main.o
                0x00000000080019a0                SystemClock_Config
 *fill*         0x0000000008001a2a        0x2 
 .text.TaskSwitchedIn
                0x0000000008001a2c       0x34 ./Core/Src/main.o
                0x0000000008001a2c                TaskSwitchedIn
 .text.TaskSwitchedOut
                0x0000000008001a60       0x38 ./Core/Src/main.o
                0x0000000008001a60                TaskSwitchedOut
 .text.vApplicationIdleHook
                0x0000000008001a98       0x20 ./Core/Src/main.o
                0x0000000008001a98                vApplicationIdleHook
 .text.HAL_TIM_PeriodElapsedCallback
                0x0000000008001ab8       0x24 ./Core/Src/main.o
                0x0000000008001ab8                HAL_TIM_PeriodElapsedCallback
 .text.Error_Handler
                0x0000000008001adc        0xa ./Core/Src/main.o
                0x0000000008001adc                Error_Handler
 *fill*         0x0000000008001ae6        0x2 
 .text.MX_SPI1_Init
                0x0000000008001ae8       0x6c ./Core/Src/spi.o
                0x0000000008001ae8                MX_SPI1_Init
 .text.HAL_SPI_MspInit
                0x0000000008001b54       0x94 ./Core/Src/spi.o
                0x0000000008001b54                HAL_SPI_MspInit
 .text.HAL_MspInit
                0x0000000008001be8       0x70 ./Core/Src/stm32f1xx_hal_msp.o
                0x0000000008001be8                HAL_MspInit
 .text.HAL_InitTick
                0x0000000008001c58       0xe4 ./Core/Src/stm32f1xx_hal_timebase_tim.o
                0x0000000008001c58                HAL_InitTick
 .text.NMI_Handler
                0x0000000008001d3c        0x6 ./Core/Src/stm32f1xx_it.o
                0x0000000008001d3c                NMI_Handler
 .text.HardFault_Handler
                0x0000000008001d42        0x6 ./Core/Src/stm32f1xx_it.o
                0x0000000008001d42                HardFault_Handler
 .text.MemManage_Handler
                0x0000000008001d48        0x6 ./Core/Src/stm32f1xx_it.o
                0x0000000008001d48                MemManage_Handler
 .text.BusFault_Handler
                0x0000000008001d4e        0x6 ./Core/Src/stm32f1xx_it.o
                0x0000000008001d4e                BusFault_Handler
 .text.UsageFault_Handler
                0x0000000008001d54        0x6 ./Core/Src/stm32f1xx_it.o
                0x0000000008001d54                UsageFault_Handler
 .text.DebugMon_Handler
                0x0000000008001d5a        0xc ./Core/Src/stm32f1xx_it.o
                0x0000000008001d5a                DebugMon_Handler
 .text.EXTI0_IRQHandler
                0x0000000008001d66        0xe ./Core/Src/stm32f1xx_it.o
                0x0000000008001d66                EXTI0_IRQHandler
 .text.EXTI1_IRQHandler
                0x0000000008001d74        0xe ./Core/Src/stm32f1xx_it.o
                0x0000000008001d74                EXTI1_IRQHandler
 *fill*         0x0000000008001d82        0x2 
 .text.TIM1_UP_IRQHandler
                0x0000000008001d84       0x14 ./Core/Src/stm32f1xx_it.o
                0x0000000008001d84                TIM1_UP_IRQHandler
 .text.TIM2_IRQHandler
                0x0000000008001d98       0x14 ./Core/Src/stm32f1xx_it.o
                0x0000000008001d98                TIM2_IRQHandler
 .text.SystemInit
                0x0000000008001dac        0xc ./Core/Src/system_stm32f1xx.o
                0x0000000008001dac                SystemInit
 .text.MX_TIM2_Init
                0x0000000008001db8       0x9c ./Core/Src/tim.o
                0x0000000008001db8                MX_TIM2_Init
 .text.HAL_TIM_Base_MspInit
                0x0000000008001e54       0x48 ./Core/Src/tim.o
                0x0000000008001e54                HAL_TIM_Base_MspInit
 .text.MX_USART1_UART_Init
                0x0000000008001e9c       0x54 ./Core/Src/usart.o
                0x0000000008001e9c                MX_USART1_UART_Init
 .text.HAL_UART_MspInit
                0x0000000008001ef0       0x98 ./Core/Src/usart.o
                0x0000000008001ef0                HAL_UART_MspInit
 .text.Reset_Handler
                0x0000000008001f88       0x48 ./Core/Startup/startup_stm32f103c8tx.o
                0x0000000008001f88                Reset_Handler
 .text.Default_Handler
                0x0000000008001fd0        0x2 ./Core/Startup/startup_stm32f103c8tx.o
                0x0000000008001fd0                RTC_Alarm_IRQHandler
                0x0000000008001fd0                EXTI2_IRQHandler
                0x0000000008001fd0                TIM1_CC_IRQHandler
                0x0000000008001fd0                PVD_IRQHandler
                0x0000000008001fd0                EXTI3_IRQHandler
                0x0000000008001fd0                I2C2_EV_IRQHandler
                0x0000000008001fd0                ADC1_2_IRQHandler
                0x0000000008001fd0                SPI1_IRQHandler
                0x0000000008001fd0                TAMPER_IRQHandler
                0x0000000008001fd0                DMA1_Channel4_IRQHandler
                0x0000000008001fd0                USART3_IRQHandler
                0x0000000008001fd0                RTC_IRQHandler
                0x0000000008001fd0                DMA1_Channel7_IRQHandler
                0x0000000008001fd0                CAN1_RX1_IRQHandler
                0x0000000008001fd0                TIM4_IRQHandler
                0x0000000008001fd0                I2C1_EV_IRQHandler
                0x0000000008001fd0                DMA1_Channel6_IRQHandler
                0x0000000008001fd0                TIM3_IRQHandler
                0x0000000008001fd0                RCC_IRQHandler
                0x0000000008001fd0                TIM1_TRG_COM_IRQHandler
                0x0000000008001fd0                DMA1_Channel1_IRQHandler
                0x0000000008001fd0                Default_Handler
                0x0000000008001fd0                EXTI15_10_IRQHandler
                0x0000000008001fd0                EXTI9_5_IRQHandler
                0x0000000008001fd0                SPI2_IRQHandler
                0x0000000008001fd0                DMA1_Channel5_IRQHandler
                0x0000000008001fd0                EXTI4_IRQHandler
                0x0000000008001fd0                USB_LP_CAN1_RX0_IRQHandler
                0x0000000008001fd0                USB_HP_CAN1_TX_IRQHandler
                0x0000000008001fd0                DMA1_Channel3_IRQHandler
                0x0000000008001fd0                WWDG_IRQHandler
                0x0000000008001fd0                TIM1_BRK_IRQHandler
                0x0000000008001fd0                USART2_IRQHandler
                0x0000000008001fd0                I2C2_ER_IRQHandler
                0x0000000008001fd0                DMA1_Channel2_IRQHandler
                0x0000000008001fd0                CAN1_SCE_IRQHandler
                0x0000000008001fd0                FLASH_IRQHandler
                0x0000000008001fd0                USART1_IRQHandler
                0x0000000008001fd0                I2C1_ER_IRQHandler
                0x0000000008001fd0                USBWakeUp_IRQHandler
 *fill*         0x0000000008001fd2        0x2 
 .text.HAL_Init
                0x0000000008001fd4       0x2c ./Drivers/STM32F1xx_HAL_Driver/Src/stm32f1xx_hal.o
                0x0000000008001fd4                HAL_Init
 .text.HAL_IncTick
                0x0000000008002000       0x24 ./Drivers/STM32F1xx_HAL_Driver/Src/stm32f1xx_hal.o
                0x0000000008002000                HAL_IncTick
 .text.HAL_GetTick
                0x0000000008002024       0x14 ./Drivers/STM32F1xx_HAL_Driver/Src/stm32f1xx_hal.o
                0x0000000008002024                HAL_GetTick
 .text.__NVIC_SetPriorityGrouping
                0x0000000008002038       0x48 ./Drivers/STM32F1xx_HAL_Driver/Src/stm32f1xx_hal_cortex.o
 .text.__NVIC_GetPriorityGrouping
                0x0000000008002080       0x1c ./Drivers/STM32F1xx_HAL_Driver/Src/stm32f1xx_hal_cortex.o
 .text.__NVIC_EnableIRQ
                0x000000000800209c       0x38 ./Drivers/STM32F1xx_HAL_Driver/Src/stm32f1xx_hal_cortex.o
 .text.__NVIC_SetPriority
                0x00000000080020d4       0x54 ./Drivers/STM32F1xx_HAL_Driver/Src/stm32f1xx_hal_cortex.o
 .text.NVIC_EncodePriority
                0x0000000008002128       0x64 ./Drivers/STM32F1xx_HAL_Driver/Src/stm32f1xx_hal_cortex.o
 .text.HAL_NVIC_SetPriorityGrouping
                0x000000000800218c       0x16 ./Drivers/STM32F1xx_HAL_Driver/Src/stm32f1xx_hal_cortex.o
                0x000000000800218c                HAL_NVIC_SetPriorityGrouping
 .text.HAL_NVIC_SetPriority
                0x00000000080021a2       0x38 ./Drivers/STM32F1xx_HAL_Driver/Src/stm32f1xx_hal_cortex.o
                0x00000000080021a2                HAL_NVIC_SetPriority
 .text.HAL_NVIC_EnableIRQ
                0x00000000080021da       0x1c ./Drivers/STM32F1xx_HAL_Driver/Src/stm32f1xx_hal_cortex.o
                0x00000000080021da                HAL_NVIC_EnableIRQ
 *fill*         0x00000000080021f6        0x2 
 .text.HAL_GPIO_Init
                0x00000000080021f8      0x308 ./Drivers/STM32F1xx_HAL_Driver/Src/stm32f1xx_hal_gpio.o
                0x00000000080021f8                HAL_GPIO_Init
 .text.HAL_GPIO_WritePin
                0x0000000008002500       0x30 ./Drivers/STM32F1xx_HAL_Driver/Src/stm32f1xx_hal_gpio.o
                0x0000000008002500                HAL_GPIO_WritePin
 .text.HAL_GPIO_TogglePin
                0x0000000008002530       0x32 ./Drivers/STM32F1xx_HAL_Driver/Src/stm32f1xx_hal_gpio.o
                0x0000000008002530                HAL_GPIO_TogglePin
 *fill*         0x0000000008002562        0x2 
 .text.HAL_GPIO_EXTI_IRQHandler
                0x0000000008002564       0x30 ./Drivers/STM32F1xx_HAL_Driver/Src/stm32f1xx_hal_gpio.o
                0x0000000008002564                HAL_GPIO_EXTI_IRQHandler
 .text.HAL_RCC_OscConfig
                0x0000000008002594      0x504 ./Drivers/STM32F1xx_HAL_Driver/Src/stm32f1xx_hal_rcc.o
                0x0000000008002594                HAL_RCC_OscConfig
 .text.HAL_RCC_ClockConfig
                0x0000000008002a98      0x1d4 ./Drivers/STM32F1xx_HAL_Driver/Src/stm32f1xx_hal_rcc.o
                0x0000000008002a98                HAL_RCC_ClockConfig
 .text.HAL_RCC_GetSysClockFreq
                0x0000000008002c6c       0xa8 ./Drivers/STM32F1xx_HAL_Driver/Src/stm32f1xx_hal_rcc.o
                0x0000000008002c6c                HAL_RCC_GetSysClockFreq
 .text.HAL_RCC_GetHCLKFreq
                0x0000000008002d14       0x14 ./Drivers/STM32F1xx_HAL_Driver/Src/stm32f1xx_hal_rcc.o
                0x0000000008002d14                HAL_RCC_GetHCLKFreq
 .text.HAL_RCC_GetPCLK1Freq
                0x0000000008002d28       0x28 ./Drivers/STM32F1xx_HAL_Driver/Src/stm32f1xx_hal_rcc.o
                0x0000000008002d28                HAL_RCC_GetPCLK1Freq
 .text.HAL_RCC_GetPCLK2Freq
                0x0000000008002d50       0x28 ./Drivers/STM32F1xx_HAL_Driver/Src/stm32f1xx_hal_rcc.o
                0x0000000008002d50                HAL_RCC_GetPCLK2Freq
 .text.HAL_RCC_GetClockConfig
                0x0000000008002d78       0x60 ./Drivers/STM32F1xx_HAL_Driver/Src/stm32f1xx_hal_rcc.o
                0x0000000008002d78                HAL_RCC_GetClockConfig
 .text.RCC_Delay
                0x0000000008002dd8       0x3c ./Drivers/STM32F1xx_HAL_Driver/Src/stm32f1xx_hal_rcc.o
 .text.HAL_SPI_Init
                0x0000000008002e14      0x108 ./Drivers/STM32F1xx_HAL_Driver/Src/stm32f1xx_hal_spi.o
                0x0000000008002e14                HAL_SPI_Init
 .text.HAL_SPI_Transmit
                0x0000000008002f1c      0x286 ./Drivers/STM32F1xx_HAL_Driver/Src/stm32f1xx_hal_spi.o
                0x0000000008002f1c                HAL_SPI_Transmit
 .text.HAL_SPI_Receive
                0x00000000080031a2      0x230 ./Drivers/STM32F1xx_HAL_Driver/Src/stm32f1xx_hal_spi.o
                0x00000000080031a2                HAL_SPI_Receive
 .text.HAL_SPI_TransmitReceive
                0x00000000080033d2      0x360 ./Drivers/STM32F1xx_HAL_Driver/Src/stm32f1xx_hal_spi.o
                0x00000000080033d2                HAL_SPI_TransmitReceive
 *fill*         0x0000000008003732        0x2 
 .text.SPI_WaitFlagStateUntilTimeout
                0x0000000008003734      0x110 ./Drivers/STM32F1xx_HAL_Driver/Src/stm32f1xx_hal_spi.o
 .text.SPI_EndRxTransaction
                0x0000000008003844       0xa4 ./Drivers/STM32F1xx_HAL_Driver/Src/stm32f1xx_hal_spi.o
 .text.SPI_EndRxTxTransaction
                0x00000000080038e8       0x3c ./Drivers/STM32F1xx_HAL_Driver/Src/stm32f1xx_hal_spi.o
 .text.HAL_TIM_Base_Init
                0x0000000008003924       0x9e ./Drivers/STM32F1xx_HAL_Driver/Src/stm32f1xx_hal_tim.o
                0x0000000008003924                HAL_TIM_Base_Init
 *fill*         0x00000000080039c2        0x2 
 .text.HAL_TIM_Base_Start_IT
                0x00000000080039c4       0xa4 ./Drivers/STM32F1xx_HAL_Driver/Src/stm32f1xx_hal_tim.o
                0x00000000080039c4                HAL_TIM_Base_Start_IT
 .text.HAL_TIM_IRQHandler
                0x0000000008003a68      0x210 ./Drivers/STM32F1xx_HAL_Driver/Src/stm32f1xx_hal_tim.o
                0x0000000008003a68                HAL_TIM_IRQHandler
 .text.HAL_TIM_ConfigClockSource
                0x0000000008003c78      0x18e ./Drivers/STM32F1xx_HAL_Driver/Src/stm32f1xx_hal_tim.o
                0x0000000008003c78                HAL_TIM_ConfigClockSource
 .text.HAL_TIM_OC_DelayElapsedCallback
                0x0000000008003e06       0x12 ./Drivers/STM32F1xx_HAL_Driver/Src/stm32f1xx_hal_tim.o
                0x0000000008003e06                HAL_TIM_OC_DelayElapsedCallback
 .text.HAL_TIM_IC_CaptureCallback
                0x0000000008003e18       0x12 ./Drivers/STM32F1xx_HAL_Driver/Src/stm32f1xx_hal_tim.o
                0x0000000008003e18                HAL_TIM_IC_CaptureCallback
 .text.HAL_TIM_PWM_PulseFinishedCallback
                0x0000000008003e2a       0x12 ./Drivers/STM32F1xx_HAL_Driver/Src/stm32f1xx_hal_tim.o
                0x0000000008003e2a                HAL_TIM_PWM_PulseFinishedCallback
 .text.HAL_TIM_TriggerCallback
                0x0000000008003e3c       0x12 ./Drivers/STM32F1xx_HAL_Driver/Src/stm32f1xx_hal_tim.o
                0x0000000008003e3c                HAL_TIM_TriggerCallback
 *fill*         0x0000000008003e4e        0x2 
 .text.TIM_Base_SetConfig
                0x0000000008003e50       0xc4 ./Drivers/STM32F1xx_HAL_Driver/Src/stm32f1xx_hal_tim.o
                0x0000000008003e50                TIM_Base_SetConfig
 .text.TIM_TI1_ConfigInputStage
                0x0000000008003f14       0x5c ./Drivers/STM32F1xx_HAL_Driver/Src/stm32f1xx_hal_tim.o
 .text.TIM_TI2_ConfigInputStage
                0x0000000008003f70       0x5e ./Drivers/STM32F1xx_HAL_Driver/Src/stm32f1xx_hal_tim.o
 .text.TIM_ITRx_SetConfig
                0x0000000008003fce       0x34 ./Drivers/STM32F1xx_HAL_Driver/Src/stm32f1xx_hal_tim.o
 .text.TIM_ETR_SetConfig
                0x0000000008004002       0x3e ./Drivers/STM32F1xx_HAL_Driver/Src/stm32f1xx_hal_tim.o
                0x0000000008004002                TIM_ETR_SetConfig
 .text.HAL_TIMEx_MasterConfigSynchronization
                0x0000000008004040       0xbc ./Drivers/STM32F1xx_HAL_Driver/Src/stm32f1xx_hal_tim_ex.o
                0x0000000008004040                HAL_TIMEx_MasterConfigSynchronization
 .text.HAL_TIMEx_CommutCallback
                0x00000000080040fc       0x12 ./Drivers/STM32F1xx_HAL_Driver/Src/stm32f1xx_hal_tim_ex.o
                0x00000000080040fc                HAL_TIMEx_CommutCallback
 .text.HAL_TIMEx_BreakCallback
                0x000000000800410e       0x12 ./Drivers/STM32F1xx_HAL_Driver/Src/stm32f1xx_hal_tim_ex.o
                0x000000000800410e                HAL_TIMEx_BreakCallback
 .text.HAL_UART_Init
                0x0000000008004120       0xa0 ./Drivers/STM32F1xx_HAL_Driver/Src/stm32f1xx_hal_uart.o
                0x0000000008004120                HAL_UART_Init
 .text.HAL_UART_Transmit
                0x00000000080041c0      0x106 ./Drivers/STM32F1xx_HAL_Driver/Src/stm32f1xx_hal_uart.o
                0x00000000080041c0                HAL_UART_Transmit
 .text.UART_WaitOnFlagUntilTimeout
                0x00000000080042c6       0xdc ./Drivers/STM32F1xx_HAL_Driver/Src/stm32f1xx_hal_uart.o
 *fill*         0x00000000080043a2        0x2 
 .text.UART_SetConfig
                0x00000000080043a4      0x11c ./Drivers/STM32F1xx_HAL_Driver/Src/stm32f1xx_hal_uart.o
 .text.makeFreeRtosPriority
                0x00000000080044c0       0x2e ./Middlewares/Third_Party/FreeRTOS/Source/CMSIS_RTOS/cmsis_os.o
 .text.inHandlerMode
                0x00000000080044ee       0x22 ./Middlewares/Third_Party/FreeRTOS/Source/CMSIS_RTOS/cmsis_os.o
 .text.osKernelStart
                0x0000000008004510        0xe ./Middlewares/Third_Party/FreeRTOS/Source/CMSIS_RTOS/cmsis_os.o
                0x0000000008004510                osKernelStart
 .text.osThreadCreate
                0x000000000800451e       0x98 ./Middlewares/Third_Party/FreeRTOS/Source/CMSIS_RTOS/cmsis_os.o
                0x000000000800451e                osThreadCreate
 .text.osDelay  0x00000000080045b6       0x28 ./Middlewares/Third_Party/FreeRTOS/Source/CMSIS_RTOS/cmsis_os.o
                0x00000000080045b6                osDelay
 .text.osSemaphoreCreate
                0x00000000080045de       0x64 ./Middlewares/Third_Party/FreeRTOS/Source/CMSIS_RTOS/cmsis_os.o
                0x00000000080045de                osSemaphoreCreate
 *fill*         0x0000000008004642        0x2 
 .text.osSemaphoreWait
                0x0000000008004644       0x9c ./Middlewares/Third_Party/FreeRTOS/Source/CMSIS_RTOS/cmsis_os.o
                0x0000000008004644                osSemaphoreWait
 .text.osSemaphoreRelease
                0x00000000080046e0       0x6c ./Middlewares/Third_Party/FreeRTOS/Source/CMSIS_RTOS/cmsis_os.o
                0x00000000080046e0                osSemaphoreRelease
 .text.vListInitialise
                0x000000000800474c       0x3e ./Middlewares/Third_Party/FreeRTOS/Source/list.o
                0x000000000800474c                vListInitialise
 .text.vListInitialiseItem
                0x000000000800478a       0x18 ./Middlewares/Third_Party/FreeRTOS/Source/list.o
                0x000000000800478a                vListInitialiseItem
 .text.vListInsertEnd
                0x00000000080047a2       0x46 ./Middlewares/Third_Party/FreeRTOS/Source/list.o
                0x00000000080047a2                vListInsertEnd
 .text.vListInsert
                0x00000000080047e8       0x70 ./Middlewares/Third_Party/FreeRTOS/Source/list.o
                0x00000000080047e8                vListInsert
 .text.uxListRemove
                0x0000000008004858       0x52 ./Middlewares/Third_Party/FreeRTOS/Source/list.o
                0x0000000008004858                uxListRemove
 *fill*         0x00000000080048aa        0x2 
 .text.xQueueGenericReset
                0x00000000080048ac       0xd0 ./Middlewares/Third_Party/FreeRTOS/Source/queue.o
                0x00000000080048ac                xQueueGenericReset
 .text.xQueueGenericCreateStatic
                0x000000000800497c       0xee ./Middlewares/Third_Party/FreeRTOS/Source/queue.o
                0x000000000800497c                xQueueGenericCreateStatic
 .text.xQueueGenericCreate
                0x0000000008004a6a       0x7c ./Middlewares/Third_Party/FreeRTOS/Source/queue.o
                0x0000000008004a6a                xQueueGenericCreate
 .text.prvInitialiseNewQueue
                0x0000000008004ae6       0x3e ./Middlewares/Third_Party/FreeRTOS/Source/queue.o
 .text.xQueueGenericSend
                0x0000000008004b24      0x1fc ./Middlewares/Third_Party/FreeRTOS/Source/queue.o
                0x0000000008004b24                xQueueGenericSend
 .text.xQueueGiveFromISR
                0x0000000008004d20      0x11a ./Middlewares/Third_Party/FreeRTOS/Source/queue.o
                0x0000000008004d20                xQueueGiveFromISR
 *fill*         0x0000000008004e3a        0x2 
 .text.xQueueSemaphoreTake
                0x0000000008004e3c      0x218 ./Middlewares/Third_Party/FreeRTOS/Source/queue.o
                0x0000000008004e3c                xQueueSemaphoreTake
 .text.xQueueReceiveFromISR
                0x0000000008005054      0x100 ./Middlewares/Third_Party/FreeRTOS/Source/queue.o
                0x0000000008005054                xQueueReceiveFromISR
 .text.prvGetDisinheritPriorityAfterTimeout
                0x0000000008005154       0x2e ./Middlewares/Third_Party/FreeRTOS/Source/queue.o
 .text.prvCopyDataToQueue
                0x0000000008005182       0xd4 ./Middlewares/Third_Party/FreeRTOS/Source/queue.o
 .text.prvCopyDataFromQueue
                0x0000000008005256       0x4c ./Middlewares/Third_Party/FreeRTOS/Source/queue.o
 .text.prvUnlockQueue
                0x00000000080052a2       0xa4 ./Middlewares/Third_Party/FreeRTOS/Source/queue.o
 .text.prvIsQueueEmpty
                0x0000000008005346       0x2c ./Middlewares/Third_Party/FreeRTOS/Source/queue.o
 .text.prvIsQueueFull
                0x0000000008005372       0x30 ./Middlewares/Third_Party/FreeRTOS/Source/queue.o
 .text.xTaskCreateStatic
                0x00000000080053a2       0xb8 ./Middlewares/Third_Party/FreeRTOS/Source/tasks.o
                0x00000000080053a2                xTaskCreateStatic
 .text.xTaskCreate
                0x000000000800545a       0x8a ./Middlewares/Third_Party/FreeRTOS/Source/tasks.o
                0x000000000800545a                xTaskCreate
 .text.prvInitialiseNewTask
                0x00000000080054e4      0x134 ./Middlewares/Third_Party/FreeRTOS/Source/tasks.o
 .text.prvAddNewTaskToReadyList
                0x0000000008005618       0xd4 ./Middlewares/Third_Party/FreeRTOS/Source/tasks.o
 .text.vTaskDelay
                0x00000000080056ec       0x68 ./Middlewares/Third_Party/FreeRTOS/Source/tasks.o
                0x00000000080056ec                vTaskDelay
 .text.vTaskStartScheduler
                0x0000000008005754       0xd4 ./Middlewares/Third_Party/FreeRTOS/Source/tasks.o
                0x0000000008005754                vTaskStartScheduler
 .text.vTaskSuspendAll
                0x0000000008005828       0x1c ./Middlewares/Third_Party/FreeRTOS/Source/tasks.o
                0x0000000008005828                vTaskSuspendAll
 .text.xTaskResumeAll
                0x0000000008005844      0x138 ./Middlewares/Third_Party/FreeRTOS/Source/tasks.o
                0x0000000008005844                xTaskResumeAll
 .text.xTaskIncrementTick
                0x000000000800597c      0x17c ./Middlewares/Third_Party/FreeRTOS/Source/tasks.o
                0x000000000800597c                xTaskIncrementTick
 .text.vTaskSetApplicationTaskTag
                0x0000000008005af8       0x38 ./Middlewares/Third_Party/FreeRTOS/Source/tasks.o
                0x0000000008005af8                vTaskSetApplicationTaskTag
 .text.vTaskSwitchContext
                0x0000000008005b30       0xd8 ./Middlewares/Third_Party/FreeRTOS/Source/tasks.o
                0x0000000008005b30                vTaskSwitchContext
 .text.vTaskPlaceOnEventList
                0x0000000008005c08       0x48 ./Middlewares/Third_Party/FreeRTOS/Source/tasks.o
                0x0000000008005c08                vTaskPlaceOnEventList
 .text.xTaskRemoveFromEventList
                0x0000000008005c50       0xc4 ./Middlewares/Third_Party/FreeRTOS/Source/tasks.o
                0x0000000008005c50                xTaskRemoveFromEventList
 .text.vTaskInternalSetTimeOutState
                0x0000000008005d14       0x2c ./Middlewares/Third_Party/FreeRTOS/Source/tasks.o
                0x0000000008005d14                vTaskInternalSetTimeOutState
 .text.xTaskCheckForTimeOut
                0x0000000008005d40       0xc4 ./Middlewares/Third_Party/FreeRTOS/Source/tasks.o
                0x0000000008005d40                xTaskCheckForTimeOut
 .text.vTaskMissedYield
                0x0000000008005e04       0x18 ./Middlewares/Third_Party/FreeRTOS/Source/tasks.o
                0x0000000008005e04                vTaskMissedYield
 .text.prvIdleTask
                0x0000000008005e1c       0x34 ./Middlewares/Third_Party/FreeRTOS/Source/tasks.o
 .text.prvInitialiseTaskLists
                0x0000000008005e50       0x80 ./Middlewares/Third_Party/FreeRTOS/Source/tasks.o
 .text.prvCheckTasksWaitingTermination
                0x0000000008005ed0       0x5c ./Middlewares/Third_Party/FreeRTOS/Source/tasks.o
 .text.prvDeleteTCB
                0x0000000008005f2c       0x68 ./Middlewares/Third_Party/FreeRTOS/Source/tasks.o
 .text.prvResetNextTaskUnblockTime
                0x0000000008005f94       0x48 ./Middlewares/Third_Party/FreeRTOS/Source/tasks.o
 .text.xTaskGetSchedulerState
                0x0000000008005fdc       0x3c ./Middlewares/Third_Party/FreeRTOS/Source/tasks.o
                0x0000000008005fdc                xTaskGetSchedulerState
 .text.xTaskPriorityInherit
                0x0000000008006018      0x10c ./Middlewares/Third_Party/FreeRTOS/Source/tasks.o
                0x0000000008006018                xTaskPriorityInherit
 .text.xTaskPriorityDisinherit
                0x0000000008006124      0x10c ./Middlewares/Third_Party/FreeRTOS/Source/tasks.o
                0x0000000008006124                xTaskPriorityDisinherit
 .text.vTaskPriorityDisinheritAfterTimeout
                0x0000000008006230      0x140 ./Middlewares/Third_Party/FreeRTOS/Source/tasks.o
                0x0000000008006230                vTaskPriorityDisinheritAfterTimeout
 .text.pvTaskIncrementMutexHeldCount
                0x0000000008006370       0x28 ./Middlewares/Third_Party/FreeRTOS/Source/tasks.o
                0x0000000008006370                pvTaskIncrementMutexHeldCount
 .text.prvAddCurrentTaskToDelayedList
                0x0000000008006398       0xcc ./Middlewares/Third_Party/FreeRTOS/Source/tasks.o
 .text.pxPortInitialiseStack
                0x0000000008006464       0x58 ./Middlewares/Third_Party/FreeRTOS/Source/portable/GCC/ARM_CM3/port.o
                0x0000000008006464                pxPortInitialiseStack
 .text.prvTaskExitError
                0x00000000080064bc       0x58 ./Middlewares/Third_Party/FreeRTOS/Source/portable/GCC/ARM_CM3/port.o
 *fill*         0x0000000008006514        0xc 
 .text.SVC_Handler
                0x0000000008006520       0x28 ./Middlewares/Third_Party/FreeRTOS/Source/portable/GCC/ARM_CM3/port.o
                0x0000000008006520                SVC_Handler
 .text.prvPortStartFirstTask
                0x0000000008006548       0x20 ./Middlewares/Third_Party/FreeRTOS/Source/portable/GCC/ARM_CM3/port.o
 .text.xPortStartScheduler
                0x0000000008006568      0x104 ./Middlewares/Third_Party/FreeRTOS/Source/portable/GCC/ARM_CM3/port.o
                0x0000000008006568                xPortStartScheduler
 .text.vPortEnterCritical
                0x000000000800666c       0x60 ./Middlewares/Third_Party/FreeRTOS/Source/portable/GCC/ARM_CM3/port.o
                0x000000000800666c                vPortEnterCritical
 .text.vPortExitCritical
                0x00000000080066cc       0x50 ./Middlewares/Third_Party/FreeRTOS/Source/portable/GCC/ARM_CM3/port.o
                0x00000000080066cc                vPortExitCritical
 *fill*         0x000000000800671c        0x4 
 .text.PendSV_Handler
                0x0000000008006720       0x48 ./Middlewares/Third_Party/FreeRTOS/Source/portable/GCC/ARM_CM3/port.o
                0x0000000008006720                PendSV_Handler
 .text.SysTick_Handler
                0x0000000008006768       0x44 ./Middlewares/Third_Party/FreeRTOS/Source/portable/GCC/ARM_CM3/port.o
                0x0000000008006768                SysTick_Handler
 .text.vPortSetupTimerInterrupt
                0x00000000080067ac       0x44 ./Middlewares/Third_Party/FreeRTOS/Source/portable/GCC/ARM_CM3/port.o
                0x00000000080067ac                vPortSetupTimerInterrupt
 .text.vPortValidateInterruptPriority
                0x00000000080067f0       0x7c ./Middlewares/Third_Party/FreeRTOS/Source/portable/GCC/ARM_CM3/port.o
                0x00000000080067f0                vPortValidateInterruptPriority
 .text.pvPortMalloc
                0x000000000800686c      0x188 ./Middlewares/Third_Party/FreeRTOS/Source/portable/MemMang/heap_4.o
                0x000000000800686c                pvPortMalloc
 .text.vPortFree
                0x00000000080069f4       0xb4 ./Middlewares/Third_Party/FreeRTOS/Source/portable/MemMang/heap_4.o
                0x00000000080069f4                vPortFree
 .text.prvHeapInit
                0x0000000008006aa8       0xc4 ./Middlewares/Third_Party/FreeRTOS/Source/portable/MemMang/heap_4.o
 .text.prvInsertBlockIntoFreeList
                0x0000000008006b6c       0xb0 ./Middlewares/Third_Party/FreeRTOS/Source/portable/MemMang/heap_4.o
 .text.memset   0x0000000008006c1c       0x10 /opt/st/stm32cubeide_1.14.0/plugins/com.st.stm32cube.ide.mcu.externaltools.gnu-tools-for-stm32.11.3.rel1.linux64_1.1.100.202309141235/tools/bin/../lib/gcc/arm-none-eabi/11.3.1/../../../../arm-none-eabi/lib/thumb/v7-m/nofp/libc_nano.a(libc_a-memset.o)
                0x0000000008006c1c                memset
 .text._reclaim_reent
                0x0000000008006c2c       0xac /opt/st/stm32cubeide_1.14.0/plugins/com.st.stm32cube.ide.mcu.externaltools.gnu-tools-for-stm32.11.3.rel1.linux64_1.1.100.202309141235/tools/bin/../lib/gcc/arm-none-eabi/11.3.1/../../../../arm-none-eabi/lib/thumb/v7-m/nofp/libc_nano.a(libc_a-reent.o)
                0x0000000008006c2c                _reclaim_reent
 .text.__libc_init_array
                0x0000000008006cd8       0x48 /opt/st/stm32cubeide_1.14.0/plugins/com.st.stm32cube.ide.mcu.externaltools.gnu-tools-for-stm32.11.3.rel1.linux64_1.1.100.202309141235/tools/bin/../lib/gcc/arm-none-eabi/11.3.1/../../../../arm-none-eabi/lib/thumb/v7-m/nofp/libc_nano.a(libc_a-init.o)
                0x0000000008006cd8                __libc_init_array
 .text.__retarget_lock_acquire_recursive
                0x0000000008006d20        0x2 /opt/st/stm32cubeide_1.14.0/plugins/com.st.stm32cube.ide.mcu.externaltools.gnu-tools-for-stm32.11.3.rel1.linux64_1.1.100.202309141235/tools/bin/../lib/gcc/arm-none-eabi/11.3.1/../../../../arm-none-eabi/lib/thumb/v7-m/nofp/libc_nano.a(libc_a-lock.o)
                0x0000000008006d20                __retarget_lock_acquire_recursive
 .text.__retarget_lock_release_recursive
                0x0000000008006d22        0x2 /opt/st/stm32cubeide_1.14.0/plugins/com.st.stm32cube.ide.mcu.externaltools.gnu-tools-for-stm32.11.3.rel1.linux64_1.1.100.202309141235/tools/bin/../lib/gcc/arm-none-eabi/11.3.1/../../../../arm-none-eabi/lib/thumb/v7-m/nofp/libc_nano.a(libc_a-lock.o)
                0x0000000008006d22                __retarget_lock_release_recursive
 .text.memcpy   0x0000000008006d24       0x1c /opt/st/stm32cubeide_1.14.0/plugins/com.st.stm32cube.ide.mcu.externaltools.gnu-tools-for-stm32.11.3.rel1.linux64_1.1.100.202309141235/tools/bin/../lib/gcc/arm-none-eabi/11.3.1/../../../../arm-none-eabi/lib/thumb/v7-m/nofp/libc_nano.a(libc_a-memcpy-stub.o)
                0x0000000008006d24                memcpy
 .text._free_r  0x0000000008006d40       0x90 /opt/st/stm32cubeide_1.14.0/plugins/com.st.stm32cube.ide.mcu.externaltools.gnu-tools-for-stm32.11.3.rel1.linux64_1.1.100.202309141235/tools/bin/../lib/gcc/arm-none-eabi/11.3.1/../../../../arm-none-eabi/lib/thumb/v7-m/nofp/libc_nano.a(libc_a-freer.o)
                0x0000000008006d40                _free_r
 .text.__malloc_lock
                0x0000000008006dd0        0xc /opt/st/stm32cubeide_1.14.0/plugins/com.st.stm32cube.ide.mcu.externaltools.gnu-tools-for-stm32.11.3.rel1.linux64_1.1.100.202309141235/tools/bin/../lib/gcc/arm-none-eabi/11.3.1/../../../../arm-none-eabi/lib/thumb/v7-m/nofp/libc_nano.a(libc_a-mlock.o)
                0x0000000008006dd0                __malloc_lock
 .text.__malloc_unlock
                0x0000000008006ddc        0xc /opt/st/stm32cubeide_1.14.0/plugins/com.st.stm32cube.ide.mcu.externaltools.gnu-tools-for-stm32.11.3.rel1.linux64_1.1.100.202309141235/tools/bin/../lib/gcc/arm-none-eabi/11.3.1/../../../../arm-none-eabi/lib/thumb/v7-m/nofp/libc_nano.a(libc_a-mlock.o)
                0x0000000008006ddc                __malloc_unlock
 *(.glue_7)
 .glue_7        0x0000000008006de8        0x0 linker stubs
 *(.glue_7t)
 .glue_7t       0x0000000008006de8        0x0 linker stubs
 *(.eh_frame)
 .eh_frame      0x0000000008006de8        0x0 /opt/st/stm32cubeide_1.14.0/plugins/com.st.stm32cube.ide.mcu.externaltools.gnu-tools-for-stm32.11.3.rel1.linux64_1.1.100.202309141235/tools/bin/../lib/gcc/arm-none-eabi/11.3.1/thumb/v7-m/nofp/crtbegin.o
 *(.init)
 .init          0x0000000008006de8        0x4 /opt/st/stm32cubeide_1.14.0/plugins/com.st.stm32cube.ide.mcu.externaltools.gnu-tools-for-stm32.11.3.rel1.linux64_1.1.100.202309141235/tools/bin/../lib/gcc/arm-none-eabi/11.3.1/thumb/v7-m/nofp/crti.o
                0x0000000008006de8                _init
 .init          0x0000000008006dec        0x8 /opt/st/stm32cubeide_1.14.0/plugins/com.st.stm32cube.ide.mcu.externaltools.gnu-tools-for-stm32.11.3.rel1.linux64_1.1.100.202309141235/tools/bin/../lib/gcc/arm-none-eabi/11.3.1/thumb/v7-m/nofp/crtn.o
 *(.fini)
 .fini          0x0000000008006df4        0x4 /opt/st/stm32cubeide_1.14.0/plugins/com.st.stm32cube.ide.mcu.externaltools.gnu-tools-for-stm32.11.3.rel1.linux64_1.1.100.202309141235/tools/bin/../lib/gcc/arm-none-eabi/11.3.1/thumb/v7-m/nofp/crti.o
                0x0000000008006df4                _fini
 .fini          0x0000000008006df8        0x8 /opt/st/stm32cubeide_1.14.0/plugins/com.st.stm32cube.ide.mcu.externaltools.gnu-tools-for-stm32.11.3.rel1.linux64_1.1.100.202309141235/tools/bin/../lib/gcc/arm-none-eabi/11.3.1/thumb/v7-m/nofp/crtn.o
                0x0000000008006e00                . = ALIGN (0x4)
                0x0000000008006e00                _etext = .

.vfp11_veneer   0x0000000008006e00        0x0
 .vfp11_veneer  0x0000000008006e00        0x0 linker stubs

.v4_bx          0x0000000008006e00        0x0
 .v4_bx         0x0000000008006e00        0x0 linker stubs

.iplt           0x0000000008006e00        0x0
 .iplt          0x0000000008006e00        0x0 /opt/st/stm32cubeide_1.14.0/plugins/com.st.stm32cube.ide.mcu.externaltools.gnu-tools-for-stm32.11.3.rel1.linux64_1.1.100.202309141235/tools/bin/../lib/gcc/arm-none-eabi/11.3.1/thumb/v7-m/nofp/crtbegin.o

.rodata         0x0000000008006e00       0x8c
                0x0000000008006e00                . = ALIGN (0x4)
 *(.rodata)
 .rodata        0x0000000008006e00        0x6 ./Core/Src/ADXL.o
 *fill*         0x0000000008006e06        0x2 
 .rodata        0x0000000008006e08       0x50 ./Core/Src/freertos.o
 .rodata        0x0000000008006e58        0x5 ./Middlewares/Third_Party/FreeRTOS/Source/tasks.o
 *(.rodata*)
 *fill*         0x0000000008006e5d        0x3 
 .rodata.AHBPrescTable
                0x0000000008006e60       0x10 ./Core/Src/system_stm32f1xx.o
                0x0000000008006e60                AHBPrescTable
 .rodata.APBPrescTable
                0x0000000008006e70        0x8 ./Core/Src/system_stm32f1xx.o
                0x0000000008006e70                APBPrescTable
 .rodata.aPLLMULFactorTable.1
                0x0000000008006e78       0x10 ./Drivers/STM32F1xx_HAL_Driver/Src/stm32f1xx_hal_rcc.o
 .rodata.aPredivFactorTable.0
                0x0000000008006e88        0x2 ./Drivers/STM32F1xx_HAL_Driver/Src/stm32f1xx_hal_rcc.o
                0x0000000008006e8c                . = ALIGN (0x4)
 *fill*         0x0000000008006e8a        0x2 

.rel.dyn        0x0000000008006e8c        0x0
 .rel.iplt      0x0000000008006e8c        0x0 /opt/st/stm32cubeide_1.14.0/plugins/com.st.stm32cube.ide.mcu.externaltools.gnu-tools-for-stm32.11.3.rel1.linux64_1.1.100.202309141235/tools/bin/../lib/gcc/arm-none-eabi/11.3.1/thumb/v7-m/nofp/crtbegin.o

.ARM.extab      0x0000000008006e8c        0x0
                0x0000000008006e8c                . = ALIGN (0x4)
 *(.ARM.extab* .gnu.linkonce.armextab.*)
                0x0000000008006e8c                . = ALIGN (0x4)

.ARM            0x0000000008006e8c        0x0
                0x0000000008006e8c                . = ALIGN (0x4)
                0x0000000008006e8c                __exidx_start = .
 *(.ARM.exidx*)
                0x0000000008006e8c                __exidx_end = .
                0x0000000008006e8c                . = ALIGN (0x4)

.preinit_array  0x0000000008006e8c        0x0
                0x0000000008006e8c                . = ALIGN (0x4)
                0x0000000008006e8c                PROVIDE (__preinit_array_start = .)
 *(.preinit_array*)
                0x0000000008006e8c                PROVIDE (__preinit_array_end = .)
                0x0000000008006e8c                . = ALIGN (0x4)

.init_array     0x0000000008006e8c        0x4
                0x0000000008006e8c                . = ALIGN (0x4)
                0x0000000008006e8c                PROVIDE (__init_array_start = .)
 *(SORT_BY_NAME(.init_array.*))
 *(.init_array*)
 .init_array    0x0000000008006e8c        0x4 /opt/st/stm32cubeide_1.14.0/plugins/com.st.stm32cube.ide.mcu.externaltools.gnu-tools-for-stm32.11.3.rel1.linux64_1.1.100.202309141235/tools/bin/../lib/gcc/arm-none-eabi/11.3.1/thumb/v7-m/nofp/crtbegin.o
                0x0000000008006e90                PROVIDE (__init_array_end = .)
                0x0000000008006e90                . = ALIGN (0x4)

.fini_array     0x0000000008006e90        0x4
                0x0000000008006e90                . = ALIGN (0x4)
                [!provide]                        PROVIDE (__fini_array_start = .)
 *(SORT_BY_NAME(.fini_array.*))
 *(.fini_array*)
 .fini_array    0x0000000008006e90        0x4 /opt/st/stm32cubeide_1.14.0/plugins/com.st.stm32cube.ide.mcu.externaltools.gnu-tools-for-stm32.11.3.rel1.linux64_1.1.100.202309141235/tools/bin/../lib/gcc/arm-none-eabi/11.3.1/thumb/v7-m/nofp/crtbegin.o
                [!provide]                        PROVIDE (__fini_array_end = .)
                0x0000000008006e94                . = ALIGN (0x4)
                0x0000000008006e94                _sidata = LOADADDR (.data)

.data           0x0000000020000000       0x64 load address 0x0000000008006e94
                0x0000000020000000                . = ALIGN (0x4)
                0x0000000020000000                _sdata = .
 *(.data)
 *(.data*)
 .data.accelNumOfPoints
                0x0000000020000000        0x2 ./Core/Src/Accelerometer.o
 *fill*         0x0000000020000002        0x2 
 .data.SystemCoreClock
                0x0000000020000004        0x4 ./Core/Src/system_stm32f1xx.o
                0x0000000020000004                SystemCoreClock
 .data.uwTickPrio
                0x0000000020000008        0x4 ./Drivers/STM32F1xx_HAL_Driver/Src/stm32f1xx_hal.o
                0x0000000020000008                uwTickPrio
 .data.uwTickFreq
                0x000000002000000c        0x1 ./Drivers/STM32F1xx_HAL_Driver/Src/stm32f1xx_hal.o
                0x000000002000000c                uwTickFreq
 *fill*         0x000000002000000d        0x3 
 .data.uxCriticalNesting
                0x0000000020000010        0x4 ./Middlewares/Third_Party/FreeRTOS/Source/portable/GCC/ARM_CM3/port.o
 .data._impure_data
                0x0000000020000014       0x4c /opt/st/stm32cubeide_1.14.0/plugins/com.st.stm32cube.ide.mcu.externaltools.gnu-tools-for-stm32.11.3.rel1.linux64_1.1.100.202309141235/tools/bin/../lib/gcc/arm-none-eabi/11.3.1/../../../../arm-none-eabi/lib/thumb/v7-m/nofp/libc_nano.a(libc_a-impure.o)
                0x0000000020000014                _impure_data
 .data._impure_ptr
                0x0000000020000060        0x4 /opt/st/stm32cubeide_1.14.0/plugins/com.st.stm32cube.ide.mcu.externaltools.gnu-tools-for-stm32.11.3.rel1.linux64_1.1.100.202309141235/tools/bin/../lib/gcc/arm-none-eabi/11.3.1/../../../../arm-none-eabi/lib/thumb/v7-m/nofp/libc_nano.a(libc_a-impure.o)
                0x0000000020000060                _impure_ptr
 *(.RamFunc)
 *(.RamFunc*)
                0x0000000020000064                . = ALIGN (0x4)
                0x0000000020000064                _edata = .

.igot.plt       0x0000000020000064        0x0 load address 0x0000000008006ef8
 .igot.plt      0x0000000020000064        0x0 /opt/st/stm32cubeide_1.14.0/plugins/com.st.stm32cube.ide.mcu.externaltools.gnu-tools-for-stm32.11.3.rel1.linux64_1.1.100.202309141235/tools/bin/../lib/gcc/arm-none-eabi/11.3.1/thumb/v7-m/nofp/crtbegin.o
                0x0000000020000064                . = ALIGN (0x4)

.bss            0x0000000020000064     0x2264 load address 0x0000000008006ef8
                0x0000000020000064                _sbss = .
                0x0000000020000064                __bss_start__ = _sbss
 *(.bss)
 .bss           0x0000000020000064       0x1c /opt/st/stm32cubeide_1.14.0/plugins/com.st.stm32cube.ide.mcu.externaltools.gnu-tools-for-stm32.11.3.rel1.linux64_1.1.100.202309141235/tools/bin/../lib/gcc/arm-none-eabi/11.3.1/thumb/v7-m/nofp/crtbegin.o
 *(.bss*)
 .bss.ADXL_InitStruct
                0x0000000020000080        0xb ./Core/Src/ADXL.o
                0x0000000020000080                ADXL_InitStruct
 *fill*         0x000000002000008b        0x1 
 .bss.ADXL_acc  0x000000002000008c        0xc ./Core/Src/ADXL.o
                0x000000002000008c                ADXL_acc
 .bss.ADXL_accSquare
                0x0000000020000098        0x4 ./Core/Src/ADXL.o
                0x0000000020000098                ADXL_accSquare
 .bss.GAINX     0x000000002000009c        0x4 ./Core/Src/ADXL.o
 .bss.GAINY     0x00000000200000a0        0x4 ./Core/Src/ADXL.o
 .bss.GAINZ     0x00000000200000a4        0x4 ./Core/Src/ADXL.o
 .bss.accelStartTime
                0x00000000200000a8        0x4 ./Core/Src/Accelerometer.o
 .bss.accelEndTime
                0x00000000200000ac        0x4 ./Core/Src/Accelerometer.o
 .bss.displacement
                0x00000000200000b0        0x4 ./Core/Src/Accelerometer.o
 .bss.accelArray
                0x00000000200000b4      0xfa0 ./Core/Src/Accelerometer.o
 .bss.accelArrayPointer
                0x0000000020001054        0x2 ./Core/Src/Accelerometer.o
 .bss.double_tap_count
                0x0000000020001056        0x2 ./Core/Src/Accelerometer.o
 .bss.defaultTaskHandle
                0x0000000020001058        0x4 ./Core/Src/freertos.o
                0x0000000020001058                defaultTaskHandle
 .bss.ReadAccelHandle
                0x000000002000105c        0x4 ./Core/Src/freertos.o
                0x000000002000105c                ReadAccelHandle
 .bss.AccelDataReadyHandle
                0x0000000020001060        0x4 ./Core/Src/freertos.o
                0x0000000020001060                AccelDataReadyHandle
 .bss.xIdleTaskTCBBuffer
                0x0000000020001064       0xa4 ./Core/Src/freertos.o
 .bss.xIdleStack
                0x0000000020001108      0x200 ./Core/Src/freertos.o
 .bss.hspi1     0x0000000020001308       0x58 ./Core/Src/spi.o
                0x0000000020001308                hspi1
 .bss.htim1     0x0000000020001360       0x48 ./Core/Src/stm32f1xx_hal_timebase_tim.o
                0x0000000020001360                htim1
 .bss.htim2     0x00000000200013a8       0x48 ./Core/Src/tim.o
                0x00000000200013a8                htim2
 .bss.huart1    0x00000000200013f0       0x48 ./Core/Src/usart.o
                0x00000000200013f0                huart1
 .bss.uwTick    0x0000000020001438        0x4 ./Drivers/STM32F1xx_HAL_Driver/Src/stm32f1xx_hal.o
                0x0000000020001438                uwTick
 .bss.pxCurrentTCB
                0x000000002000143c        0x4 ./Middlewares/Third_Party/FreeRTOS/Source/tasks.o
                0x000000002000143c                pxCurrentTCB
 .bss.pxReadyTasksLists
                0x0000000020001440       0x8c ./Middlewares/Third_Party/FreeRTOS/Source/tasks.o
 .bss.xDelayedTaskList1
                0x00000000200014cc       0x14 ./Middlewares/Third_Party/FreeRTOS/Source/tasks.o
 .bss.xDelayedTaskList2
                0x00000000200014e0       0x14 ./Middlewares/Third_Party/FreeRTOS/Source/tasks.o
 .bss.pxDelayedTaskList
                0x00000000200014f4        0x4 ./Middlewares/Third_Party/FreeRTOS/Source/tasks.o
 .bss.pxOverflowDelayedTaskList
                0x00000000200014f8        0x4 ./Middlewares/Third_Party/FreeRTOS/Source/tasks.o
 .bss.xPendingReadyList
                0x00000000200014fc       0x14 ./Middlewares/Third_Party/FreeRTOS/Source/tasks.o
 .bss.xTasksWaitingTermination
                0x0000000020001510       0x14 ./Middlewares/Third_Party/FreeRTOS/Source/tasks.o
 .bss.uxDeletedTasksWaitingCleanUp
                0x0000000020001524        0x4 ./Middlewares/Third_Party/FreeRTOS/Source/tasks.o
 .bss.xSuspendedTaskList
                0x0000000020001528       0x14 ./Middlewares/Third_Party/FreeRTOS/Source/tasks.o
 .bss.uxCurrentNumberOfTasks
                0x000000002000153c        0x4 ./Middlewares/Third_Party/FreeRTOS/Source/tasks.o
 .bss.xTickCount
                0x0000000020001540        0x4 ./Middlewares/Third_Party/FreeRTOS/Source/tasks.o
 .bss.uxTopReadyPriority
                0x0000000020001544        0x4 ./Middlewares/Third_Party/FreeRTOS/Source/tasks.o
 .bss.xSchedulerRunning
                0x0000000020001548        0x4 ./Middlewares/Third_Party/FreeRTOS/Source/tasks.o
 .bss.uxPendedTicks
                0x000000002000154c        0x4 ./Middlewares/Third_Party/FreeRTOS/Source/tasks.o
 .bss.xYieldPending
                0x0000000020001550        0x4 ./Middlewares/Third_Party/FreeRTOS/Source/tasks.o
 .bss.xNumOfOverflows
                0x0000000020001554        0x4 ./Middlewares/Third_Party/FreeRTOS/Source/tasks.o
 .bss.uxTaskNumber
                0x0000000020001558        0x4 ./Middlewares/Third_Party/FreeRTOS/Source/tasks.o
 .bss.xNextTaskUnblockTime
                0x000000002000155c        0x4 ./Middlewares/Third_Party/FreeRTOS/Source/tasks.o
 .bss.xIdleTaskHandle
                0x0000000020001560        0x4 ./Middlewares/Third_Party/FreeRTOS/Source/tasks.o
 .bss.uxSchedulerSuspended
                0x0000000020001564        0x4 ./Middlewares/Third_Party/FreeRTOS/Source/tasks.o
 .bss.ucMaxSysCallPriority
                0x0000000020001568        0x1 ./Middlewares/Third_Party/FreeRTOS/Source/portable/GCC/ARM_CM3/port.o
 *fill*         0x0000000020001569        0x3 
 .bss.ulMaxPRIGROUPValue
                0x000000002000156c        0x4 ./Middlewares/Third_Party/FreeRTOS/Source/portable/GCC/ARM_CM3/port.o
 .bss.ucHeap    0x0000000020001570      0xc00 ./Middlewares/Third_Party/FreeRTOS/Source/portable/MemMang/heap_4.o
 .bss.xStart    0x0000000020002170        0x8 ./Middlewares/Third_Party/FreeRTOS/Source/portable/MemMang/heap_4.o
 .bss.pxEnd     0x0000000020002178        0x4 ./Middlewares/Third_Party/FreeRTOS/Source/portable/MemMang/heap_4.o
 .bss.xFreeBytesRemaining
                0x000000002000217c        0x4 ./Middlewares/Third_Party/FreeRTOS/Source/portable/MemMang/heap_4.o
 .bss.xMinimumEverFreeBytesRemaining
                0x0000000020002180        0x4 ./Middlewares/Third_Party/FreeRTOS/Source/portable/MemMang/heap_4.o
 .bss.xBlockAllocatedBit
                0x0000000020002184        0x4 ./Middlewares/Third_Party/FreeRTOS/Source/portable/MemMang/heap_4.o
 .bss.__sf      0x0000000020002188      0x138 /opt/st/stm32cubeide_1.14.0/plugins/com.st.stm32cube.ide.mcu.externaltools.gnu-tools-for-stm32.11.3.rel1.linux64_1.1.100.202309141235/tools/bin/../lib/gcc/arm-none-eabi/11.3.1/../../../../arm-none-eabi/lib/thumb/v7-m/nofp/libc_nano.a(libc_a-findfp.o)
                0x0000000020002188                __sf
 .bss.__lock___malloc_recursive_mutex
                0x00000000200022c0        0x1 /opt/st/stm32cubeide_1.14.0/plugins/com.st.stm32cube.ide.mcu.externaltools.gnu-tools-for-stm32.11.3.rel1.linux64_1.1.100.202309141235/tools/bin/../lib/gcc/arm-none-eabi/11.3.1/../../../../arm-none-eabi/lib/thumb/v7-m/nofp/libc_nano.a(libc_a-lock.o)
                0x00000000200022c0                __lock___malloc_recursive_mutex
 *fill*         0x00000000200022c1        0x3 
 .bss.__malloc_free_list
                0x00000000200022c4        0x4 /opt/st/stm32cubeide_1.14.0/plugins/com.st.stm32cube.ide.mcu.externaltools.gnu-tools-for-stm32.11.3.rel1.linux64_1.1.100.202309141235/tools/bin/../lib/gcc/arm-none-eabi/11.3.1/../../../../arm-none-eabi/lib/thumb/v7-m/nofp/libc_nano.a(libc_a-mallocr.o)
                0x00000000200022c4                __malloc_free_list
 *(COMMON)
                0x00000000200022c8                . = ALIGN (0x4)
                0x00000000200022c8                _ebss = .
                0x00000000200022c8                __bss_end__ = _ebss

._user_heap_stack
                0x00000000200022c8      0x600 load address 0x0000000008006ef8
                0x00000000200022c8                . = ALIGN (0x8)
                [!provide]                        PROVIDE (end = .)
                0x00000000200022c8                PROVIDE (_end = .)
                0x00000000200024c8                . = (. + _Min_Heap_Size)
 *fill*         0x00000000200022c8      0x200 
                0x00000000200028c8                . = (. + _Min_Stack_Size)
 *fill*         0x00000000200024c8      0x400 
                0x00000000200028c8                . = ALIGN (0x8)

/DISCARD/
 libc.a(*)
 libm.a(*)
 libgcc.a(*)

.ARM.attributes
                0x0000000000000000       0x29
 *(.ARM.attributes)
 .ARM.attributes
                0x0000000000000000       0x1d /opt/st/stm32cubeide_1.14.0/plugins/com.st.stm32cube.ide.mcu.externaltools.gnu-tools-for-stm32.11.3.rel1.linux64_1.1.100.202309141235/tools/bin/../lib/gcc/arm-none-eabi/11.3.1/thumb/v7-m/nofp/crti.o
 .ARM.attributes
                0x000000000000001d       0x2d /opt/st/stm32cubeide_1.14.0/plugins/com.st.stm32cube.ide.mcu.externaltools.gnu-tools-for-stm32.11.3.rel1.linux64_1.1.100.202309141235/tools/bin/../lib/gcc/arm-none-eabi/11.3.1/thumb/v7-m/nofp/crtbegin.o
 .ARM.attributes
                0x000000000000004a       0x2d ./Core/Src/ADXL.o
 .ARM.attributes
                0x0000000000000077       0x2d ./Core/Src/Accelerometer.o
 .ARM.attributes
                0x00000000000000a4       0x2d ./Core/Src/freertos.o
 .ARM.attributes
                0x00000000000000d1       0x2d ./Core/Src/gpio.o
 .ARM.attributes
                0x00000000000000fe       0x2d ./Core/Src/main.o
 .ARM.attributes
                0x000000000000012b       0x2d ./Core/Src/spi.o
 .ARM.attributes
                0x0000000000000158       0x2d ./Core/Src/stm32f1xx_hal_msp.o
 .ARM.attributes
                0x0000000000000185       0x2d ./Core/Src/stm32f1xx_hal_timebase_tim.o
 .ARM.attributes
                0x00000000000001b2       0x2d ./Core/Src/stm32f1xx_it.o
 .ARM.attributes
                0x00000000000001df       0x2d ./Core/Src/system_stm32f1xx.o
 .ARM.attributes
                0x000000000000020c       0x2d ./Core/Src/tim.o
 .ARM.attributes
                0x0000000000000239       0x2d ./Core/Src/usart.o
 .ARM.attributes
                0x0000000000000266       0x21 ./Core/Startup/startup_stm32f103c8tx.o
 .ARM.attributes
                0x0000000000000287       0x2d ./Drivers/STM32F1xx_HAL_Driver/Src/stm32f1xx_hal.o
 .ARM.attributes
                0x00000000000002b4       0x2d ./Drivers/STM32F1xx_HAL_Driver/Src/stm32f1xx_hal_cortex.o
 .ARM.attributes
                0x00000000000002e1       0x2d ./Drivers/STM32F1xx_HAL_Driver/Src/stm32f1xx_hal_gpio.o
 .ARM.attributes
                0x000000000000030e       0x2d ./Drivers/STM32F1xx_HAL_Driver/Src/stm32f1xx_hal_rcc.o
 .ARM.attributes
                0x000000000000033b       0x2d ./Drivers/STM32F1xx_HAL_Driver/Src/stm32f1xx_hal_spi.o
 .ARM.attributes
                0x0000000000000368       0x2d ./Drivers/STM32F1xx_HAL_Driver/Src/stm32f1xx_hal_tim.o
 .ARM.attributes
                0x0000000000000395       0x2d ./Drivers/STM32F1xx_HAL_Driver/Src/stm32f1xx_hal_tim_ex.o
 .ARM.attributes
                0x00000000000003c2       0x2d ./Drivers/STM32F1xx_HAL_Driver/Src/stm32f1xx_hal_uart.o
 .ARM.attributes
                0x00000000000003ef       0x2d ./Middlewares/Third_Party/FreeRTOS/Source/CMSIS_RTOS/cmsis_os.o
 .ARM.attributes
                0x000000000000041c       0x2d ./Middlewares/Third_Party/FreeRTOS/Source/list.o
 .ARM.attributes
                0x0000000000000449       0x2d ./Middlewares/Third_Party/FreeRTOS/Source/queue.o
 .ARM.attributes
                0x0000000000000476       0x2d ./Middlewares/Third_Party/FreeRTOS/Source/tasks.o
 .ARM.attributes
                0x00000000000004a3       0x2d ./Middlewares/Third_Party/FreeRTOS/Source/portable/GCC/ARM_CM3/port.o
 .ARM.attributes
                0x00000000000004d0       0x2d ./Middlewares/Third_Party/FreeRTOS/Source/portable/MemMang/heap_4.o
 .ARM.attributes
                0x00000000000004fd       0x2d /opt/st/stm32cubeide_1.14.0/plugins/com.st.stm32cube.ide.mcu.externaltools.gnu-tools-for-stm32.11.3.rel1.linux64_1.1.100.202309141235/tools/bin/../lib/gcc/arm-none-eabi/11.3.1/../../../../arm-none-eabi/lib/thumb/v7-m/nofp/libc_nano.a(libc_a-findfp.o)
 .ARM.attributes
                0x000000000000052a       0x2d /opt/st/stm32cubeide_1.14.0/plugins/com.st.stm32cube.ide.mcu.externaltools.gnu-tools-for-stm32.11.3.rel1.linux64_1.1.100.202309141235/tools/bin/../lib/gcc/arm-none-eabi/11.3.1/../../../../arm-none-eabi/lib/thumb/v7-m/nofp/libc_nano.a(libc_a-memset.o)
 .ARM.attributes
                0x0000000000000557       0x2d /opt/st/stm32cubeide_1.14.0/plugins/com.st.stm32cube.ide.mcu.externaltools.gnu-tools-for-stm32.11.3.rel1.linux64_1.1.100.202309141235/tools/bin/../lib/gcc/arm-none-eabi/11.3.1/../../../../arm-none-eabi/lib/thumb/v7-m/nofp/libc_nano.a(libc_a-reent.o)
 .ARM.attributes
                0x0000000000000584       0x2d /opt/st/stm32cubeide_1.14.0/plugins/com.st.stm32cube.ide.mcu.externaltools.gnu-tools-for-stm32.11.3.rel1.linux64_1.1.100.202309141235/tools/bin/../lib/gcc/arm-none-eabi/11.3.1/../../../../arm-none-eabi/lib/thumb/v7-m/nofp/libc_nano.a(libc_a-impure.o)
 .ARM.attributes
                0x00000000000005b1       0x2d /opt/st/stm32cubeide_1.14.0/plugins/com.st.stm32cube.ide.mcu.externaltools.gnu-tools-for-stm32.11.3.rel1.linux64_1.1.100.202309141235/tools/bin/../lib/gcc/arm-none-eabi/11.3.1/../../../../arm-none-eabi/lib/thumb/v7-m/nofp/libc_nano.a(libc_a-init.o)
 .ARM.attributes
                0x00000000000005de       0x2d /opt/st/stm32cubeide_1.14.0/plugins/com.st.stm32cube.ide.mcu.externaltools.gnu-tools-for-stm32.11.3.rel1.linux64_1.1.100.202309141235/tools/bin/../lib/gcc/arm-none-eabi/11.3.1/../../../../arm-none-eabi/lib/thumb/v7-m/nofp/libc_nano.a(libc_a-lock.o)
 .ARM.attributes
                0x000000000000060b       0x2d /opt/st/stm32cubeide_1.14.0/plugins/com.st.stm32cube.ide.mcu.externaltools.gnu-tools-for-stm32.11.3.rel1.linux64_1.1.100.202309141235/tools/bin/../lib/gcc/arm-none-eabi/11.3.1/../../../../arm-none-eabi/lib/thumb/v7-m/nofp/libc_nano.a(libc_a-memcpy-stub.o)
 .ARM.attributes
                0x0000000000000638       0x2d /opt/st/stm32cubeide_1.14.0/plugins/com.st.stm32cube.ide.mcu.externaltools.gnu-tools-for-stm32.11.3.rel1.linux64_1.1.100.202309141235/tools/bin/../lib/gcc/arm-none-eabi/11.3.1/../../../../arm-none-eabi/lib/thumb/v7-m/nofp/libc_nano.a(libc_a-freer.o)
 .ARM.attributes
                0x0000000000000665       0x2d /opt/st/stm32cubeide_1.14.0/plugins/com.st.stm32cube.ide.mcu.externaltools.gnu-tools-for-stm32.11.3.rel1.linux64_1.1.100.202309141235/tools/bin/../lib/gcc/arm-none-eabi/11.3.1/../../../../arm-none-eabi/lib/thumb/v7-m/nofp/libc_nano.a(libc_a-mallocr.o)
 .ARM.attributes
                0x0000000000000692       0x2d /opt/st/stm32cubeide_1.14.0/plugins/com.st.stm32cube.ide.mcu.externaltools.gnu-tools-for-stm32.11.3.rel1.linux64_1.1.100.202309141235/tools/bin/../lib/gcc/arm-none-eabi/11.3.1/../../../../arm-none-eabi/lib/thumb/v7-m/nofp/libc_nano.a(libc_a-mlock.o)
 .ARM.attributes
                0x00000000000006bf       0x1d /opt/st/stm32cubeide_1.14.0/plugins/com.st.stm32cube.ide.mcu.externaltools.gnu-tools-for-stm32.11.3.rel1.linux64_1.1.100.202309141235/tools/bin/../lib/gcc/arm-none-eabi/11.3.1/thumb/v7-m/nofp/libgcc.a(_arm_muldf3.o)
 .ARM.attributes
                0x00000000000006dc       0x1d /opt/st/stm32cubeide_1.14.0/plugins/com.st.stm32cube.ide.mcu.externaltools.gnu-tools-for-stm32.11.3.rel1.linux64_1.1.100.202309141235/tools/bin/../lib/gcc/arm-none-eabi/11.3.1/thumb/v7-m/nofp/libgcc.a(_arm_addsubdf3.o)
 .ARM.attributes
                0x00000000000006f9       0x1d /opt/st/stm32cubeide_1.14.0/plugins/com.st.stm32cube.ide.mcu.externaltools.gnu-tools-for-stm32.11.3.rel1.linux64_1.1.100.202309141235/tools/bin/../lib/gcc/arm-none-eabi/11.3.1/thumb/v7-m/nofp/libgcc.a(_arm_fixdfsi.o)
 .ARM.attributes
                0x0000000000000716       0x1d /opt/st/stm32cubeide_1.14.0/plugins/com.st.stm32cube.ide.mcu.externaltools.gnu-tools-for-stm32.11.3.rel1.linux64_1.1.100.202309141235/tools/bin/../lib/gcc/arm-none-eabi/11.3.1/thumb/v7-m/nofp/libgcc.a(_arm_addsubsf3.o)
 .ARM.attributes
                0x0000000000000733       0x1d /opt/st/stm32cubeide_1.14.0/plugins/com.st.stm32cube.ide.mcu.externaltools.gnu-tools-for-stm32.11.3.rel1.linux64_1.1.100.202309141235/tools/bin/../lib/gcc/arm-none-eabi/11.3.1/thumb/v7-m/nofp/libgcc.a(_arm_muldivsf3.o)
 .ARM.attributes
                0x0000000000000750       0x1d /opt/st/stm32cubeide_1.14.0/plugins/com.st.stm32cube.ide.mcu.externaltools.gnu-tools-for-stm32.11.3.rel1.linux64_1.1.100.202309141235/tools/bin/../lib/gcc/arm-none-eabi/11.3.1/thumb/v7-m/nofp/libgcc.a(_arm_cmpsf2.o)
 .ARM.attributes
                0x000000000000076d       0x1d /opt/st/stm32cubeide_1.14.0/plugins/com.st.stm32cube.ide.mcu.externaltools.gnu-tools-for-stm32.11.3.rel1.linux64_1.1.100.202309141235/tools/bin/../lib/gcc/arm-none-eabi/11.3.1/thumb/v7-m/nofp/crtn.o
OUTPUT(F103C8T6_ACL.elf elf32-littlearm)
LOAD linker stubs
LOAD /opt/st/stm32cubeide_1.14.0/plugins/com.st.stm32cube.ide.mcu.externaltools.gnu-tools-for-stm32.11.3.rel1.linux64_1.1.100.202309141235/tools/bin/../lib/gcc/arm-none-eabi/11.3.1/../../../../arm-none-eabi/lib/thumb/v7-m/nofp/libc.a
LOAD /opt/st/stm32cubeide_1.14.0/plugins/com.st.stm32cube.ide.mcu.externaltools.gnu-tools-for-stm32.11.3.rel1.linux64_1.1.100.202309141235/tools/bin/../lib/gcc/arm-none-eabi/11.3.1/../../../../arm-none-eabi/lib/thumb/v7-m/nofp/libm.a
LOAD /opt/st/stm32cubeide_1.14.0/plugins/com.st.stm32cube.ide.mcu.externaltools.gnu-tools-for-stm32.11.3.rel1.linux64_1.1.100.202309141235/tools/bin/../lib/gcc/arm-none-eabi/11.3.1/thumb/v7-m/nofp/libgcc.a

.comment        0x0000000000000000       0x43
 .comment       0x0000000000000000       0x43 /opt/st/stm32cubeide_1.14.0/plugins/com.st.stm32cube.ide.mcu.externaltools.gnu-tools-for-stm32.11.3.rel1.linux64_1.1.100.202309141235/tools/bin/../lib/gcc/arm-none-eabi/11.3.1/thumb/v7-m/nofp/crtbegin.o
                                         0x44 (size before relaxing)
 .comment       0x0000000000000043       0x44 ./Core/Src/ADXL.o
 .comment       0x0000000000000043       0x44 ./Core/Src/Accelerometer.o
 .comment       0x0000000000000043       0x44 ./Core/Src/freertos.o
 .comment       0x0000000000000043       0x44 ./Core/Src/gpio.o
 .comment       0x0000000000000043       0x44 ./Core/Src/main.o
 .comment       0x0000000000000043       0x44 ./Core/Src/spi.o
 .comment       0x0000000000000043       0x44 ./Core/Src/stm32f1xx_hal_msp.o
 .comment       0x0000000000000043       0x44 ./Core/Src/stm32f1xx_hal_timebase_tim.o
 .comment       0x0000000000000043       0x44 ./Core/Src/stm32f1xx_it.o
 .comment       0x0000000000000043       0x44 ./Core/Src/system_stm32f1xx.o
 .comment       0x0000000000000043       0x44 ./Core/Src/tim.o
 .comment       0x0000000000000043       0x44 ./Core/Src/usart.o
 .comment       0x0000000000000043       0x44 ./Drivers/STM32F1xx_HAL_Driver/Src/stm32f1xx_hal.o
 .comment       0x0000000000000043       0x44 ./Drivers/STM32F1xx_HAL_Driver/Src/stm32f1xx_hal_cortex.o
 .comment       0x0000000000000043       0x44 ./Drivers/STM32F1xx_HAL_Driver/Src/stm32f1xx_hal_gpio.o
 .comment       0x0000000000000043       0x44 ./Drivers/STM32F1xx_HAL_Driver/Src/stm32f1xx_hal_rcc.o
 .comment       0x0000000000000043       0x44 ./Drivers/STM32F1xx_HAL_Driver/Src/stm32f1xx_hal_spi.o
 .comment       0x0000000000000043       0x44 ./Drivers/STM32F1xx_HAL_Driver/Src/stm32f1xx_hal_tim.o
 .comment       0x0000000000000043       0x44 ./Drivers/STM32F1xx_HAL_Driver/Src/stm32f1xx_hal_tim_ex.o
 .comment       0x0000000000000043       0x44 ./Drivers/STM32F1xx_HAL_Driver/Src/stm32f1xx_hal_uart.o
 .comment       0x0000000000000043       0x44 ./Middlewares/Third_Party/FreeRTOS/Source/CMSIS_RTOS/cmsis_os.o
 .comment       0x0000000000000043       0x44 ./Middlewares/Third_Party/FreeRTOS/Source/list.o
 .comment       0x0000000000000043       0x44 ./Middlewares/Third_Party/FreeRTOS/Source/queue.o
 .comment       0x0000000000000043       0x44 ./Middlewares/Third_Party/FreeRTOS/Source/tasks.o
 .comment       0x0000000000000043       0x44 ./Middlewares/Third_Party/FreeRTOS/Source/portable/GCC/ARM_CM3/port.o
 .comment       0x0000000000000043       0x44 ./Middlewares/Third_Party/FreeRTOS/Source/portable/MemMang/heap_4.o

.debug_info     0x0000000000000000    0x16f54
 .debug_info    0x0000000000000000      0xf05 ./Core/Src/ADXL.o
 .debug_info    0x0000000000000f05      0xaf6 ./Core/Src/Accelerometer.o
 .debug_info    0x00000000000019fb      0xe9d ./Core/Src/freertos.o
 .debug_info    0x0000000000002898      0x44e ./Core/Src/gpio.o
 .debug_info    0x0000000000002ce6      0x9be ./Core/Src/main.o
 .debug_info    0x00000000000036a4      0x7b2 ./Core/Src/spi.o
 .debug_info    0x0000000000003e56      0x361 ./Core/Src/stm32f1xx_hal_msp.o
 .debug_info    0x00000000000041b7      0x99a ./Core/Src/stm32f1xx_hal_timebase_tim.o
 .debug_info    0x0000000000004b51      0x6ca ./Core/Src/stm32f1xx_it.o
 .debug_info    0x000000000000521b      0x222 ./Core/Src/system_stm32f1xx.o
 .debug_info    0x000000000000543d      0x9bb ./Core/Src/tim.o
 .debug_info    0x0000000000005df8      0x798 ./Core/Src/usart.o
 .debug_info    0x0000000000006590       0x23 ./Core/Startup/startup_stm32f103c8tx.o
 .debug_info    0x00000000000065b3      0x704 ./Drivers/STM32F1xx_HAL_Driver/Src/stm32f1xx_hal.o
 .debug_info    0x0000000000006cb7      0xa87 ./Drivers/STM32F1xx_HAL_Driver/Src/stm32f1xx_hal_cortex.o
 .debug_info    0x000000000000773e      0x5ab ./Drivers/STM32F1xx_HAL_Driver/Src/stm32f1xx_hal_gpio.o
 .debug_info    0x0000000000007ce9      0x7d5 ./Drivers/STM32F1xx_HAL_Driver/Src/stm32f1xx_hal_rcc.o
 .debug_info    0x00000000000084be     0x1503 ./Drivers/STM32F1xx_HAL_Driver/Src/stm32f1xx_hal_spi.o
 .debug_info    0x00000000000099c1     0x293b ./Drivers/STM32F1xx_HAL_Driver/Src/stm32f1xx_hal_tim.o
 .debug_info    0x000000000000c2fc     0x149b ./Drivers/STM32F1xx_HAL_Driver/Src/stm32f1xx_hal_tim_ex.o
 .debug_info    0x000000000000d797     0x2fa8 ./Drivers/STM32F1xx_HAL_Driver/Src/stm32f1xx_hal_uart.o
 .debug_info    0x000000000001073f     0x21cc ./Middlewares/Third_Party/FreeRTOS/Source/CMSIS_RTOS/cmsis_os.o
 .debug_info    0x000000000001290b      0x2aa ./Middlewares/Third_Party/FreeRTOS/Source/list.o
 .debug_info    0x0000000000012bb5     0x1722 ./Middlewares/Third_Party/FreeRTOS/Source/queue.o
 .debug_info    0x00000000000142d7     0x2409 ./Middlewares/Third_Party/FreeRTOS/Source/tasks.o
 .debug_info    0x00000000000166e0      0x4b1 ./Middlewares/Third_Party/FreeRTOS/Source/portable/GCC/ARM_CM3/port.o
 .debug_info    0x0000000000016b91      0x3c3 ./Middlewares/Third_Party/FreeRTOS/Source/portable/MemMang/heap_4.o

.debug_abbrev   0x0000000000000000     0x3c0f
 .debug_abbrev  0x0000000000000000      0x2ce ./Core/Src/ADXL.o
 .debug_abbrev  0x00000000000002ce      0x248 ./Core/Src/Accelerometer.o
 .debug_abbrev  0x0000000000000516      0x264 ./Core/Src/freertos.o
 .debug_abbrev  0x000000000000077a      0x161 ./Core/Src/gpio.o
 .debug_abbrev  0x00000000000008db      0x265 ./Core/Src/main.o
 .debug_abbrev  0x0000000000000b40      0x1e0 ./Core/Src/spi.o
 .debug_abbrev  0x0000000000000d20      0x11c ./Core/Src/stm32f1xx_hal_msp.o
 .debug_abbrev  0x0000000000000e3c      0x1f3 ./Core/Src/stm32f1xx_hal_timebase_tim.o
 .debug_abbrev  0x000000000000102f      0x195 ./Core/Src/stm32f1xx_it.o
 .debug_abbrev  0x00000000000011c4      0x13f ./Core/Src/system_stm32f1xx.o
 .debug_abbrev  0x0000000000001303      0x20e ./Core/Src/tim.o
 .debug_abbrev  0x0000000000001511      0x1e6 ./Core/Src/usart.o
 .debug_abbrev  0x00000000000016f7       0x12 ./Core/Startup/startup_stm32f103c8tx.o
 .debug_abbrev  0x0000000000001709      0x201 ./Drivers/STM32F1xx_HAL_Driver/Src/stm32f1xx_hal.o
 .debug_abbrev  0x000000000000190a      0x2f8 ./Drivers/STM32F1xx_HAL_Driver/Src/stm32f1xx_hal_cortex.o
 .debug_abbrev  0x0000000000001c02      0x1ca ./Drivers/STM32F1xx_HAL_Driver/Src/stm32f1xx_hal_gpio.o
 .debug_abbrev  0x0000000000001dcc      0x2b3 ./Drivers/STM32F1xx_HAL_Driver/Src/stm32f1xx_hal_rcc.o
 .debug_abbrev  0x000000000000207f      0x284 ./Drivers/STM32F1xx_HAL_Driver/Src/stm32f1xx_hal_spi.o
 .debug_abbrev  0x0000000000002303      0x277 ./Drivers/STM32F1xx_HAL_Driver/Src/stm32f1xx_hal_tim.o
 .debug_abbrev  0x000000000000257a      0x282 ./Drivers/STM32F1xx_HAL_Driver/Src/stm32f1xx_hal_tim_ex.o
 .debug_abbrev  0x00000000000027fc      0x2f8 ./Drivers/STM32F1xx_HAL_Driver/Src/stm32f1xx_hal_uart.o
 .debug_abbrev  0x0000000000002af4      0x416 ./Middlewares/Third_Party/FreeRTOS/Source/CMSIS_RTOS/cmsis_os.o
 .debug_abbrev  0x0000000000002f0a       0xf5 ./Middlewares/Third_Party/FreeRTOS/Source/list.o
 .debug_abbrev  0x0000000000002fff      0x3cd ./Middlewares/Third_Party/FreeRTOS/Source/queue.o
 .debug_abbrev  0x00000000000033cc      0x3e6 ./Middlewares/Third_Party/FreeRTOS/Source/tasks.o
 .debug_abbrev  0x00000000000037b2      0x258 ./Middlewares/Third_Party/FreeRTOS/Source/portable/GCC/ARM_CM3/port.o
 .debug_abbrev  0x0000000000003a0a      0x205 ./Middlewares/Third_Party/FreeRTOS/Source/portable/MemMang/heap_4.o

.debug_aranges  0x0000000000000000     0x14d0
 .debug_aranges
                0x0000000000000000       0xe0 ./Core/Src/ADXL.o
 .debug_aranges
                0x00000000000000e0       0x30 ./Core/Src/Accelerometer.o
 .debug_aranges
                0x0000000000000110       0x38 ./Core/Src/freertos.o
 .debug_aranges
                0x0000000000000148       0x20 ./Core/Src/gpio.o
 .debug_aranges
                0x0000000000000168       0x50 ./Core/Src/main.o
 .debug_aranges
                0x00000000000001b8       0x30 ./Core/Src/spi.o
 .debug_aranges
                0x00000000000001e8       0x20 ./Core/Src/stm32f1xx_hal_msp.o
 .debug_aranges
                0x0000000000000208       0x30 ./Core/Src/stm32f1xx_hal_timebase_tim.o
 .debug_aranges
                0x0000000000000238       0x68 ./Core/Src/stm32f1xx_it.o
 .debug_aranges
                0x00000000000002a0       0x28 ./Core/Src/system_stm32f1xx.o
 .debug_aranges
                0x00000000000002c8       0x30 ./Core/Src/tim.o
 .debug_aranges
                0x00000000000002f8       0x30 ./Core/Src/usart.o
 .debug_aranges
                0x0000000000000328       0x28 ./Core/Startup/startup_stm32f103c8tx.o
 .debug_aranges
                0x0000000000000350       0xe0 ./Drivers/STM32F1xx_HAL_Driver/Src/stm32f1xx_hal.o
 .debug_aranges
                0x0000000000000430      0x100 ./Drivers/STM32F1xx_HAL_Driver/Src/stm32f1xx_hal_cortex.o
 .debug_aranges
                0x0000000000000530       0x58 ./Drivers/STM32F1xx_HAL_Driver/Src/stm32f1xx_hal_gpio.o
 .debug_aranges
                0x0000000000000588       0x90 ./Drivers/STM32F1xx_HAL_Driver/Src/stm32f1xx_hal_rcc.o
 .debug_aranges
                0x0000000000000618      0x1d0 ./Drivers/STM32F1xx_HAL_Driver/Src/stm32f1xx_hal_spi.o
 .debug_aranges
                0x00000000000007e8      0x3d0 ./Drivers/STM32F1xx_HAL_Driver/Src/stm32f1xx_hal_tim.o
 .debug_aranges
                0x0000000000000bb8      0x168 ./Drivers/STM32F1xx_HAL_Driver/Src/stm32f1xx_hal_tim_ex.o
 .debug_aranges
                0x0000000000000d20      0x208 ./Drivers/STM32F1xx_HAL_Driver/Src/stm32f1xx_hal_uart.o
 .debug_aranges
                0x0000000000000f28      0x1d8 ./Middlewares/Third_Party/FreeRTOS/Source/CMSIS_RTOS/cmsis_os.o
 .debug_aranges
                0x0000000000001100       0x40 ./Middlewares/Third_Party/FreeRTOS/Source/list.o
 .debug_aranges
                0x0000000000001140      0x108 ./Middlewares/Third_Party/FreeRTOS/Source/queue.o
 .debug_aranges
                0x0000000000001248      0x1c0 ./Middlewares/Third_Party/FreeRTOS/Source/tasks.o
 .debug_aranges
                0x0000000000001408       0x78 ./Middlewares/Third_Party/FreeRTOS/Source/portable/GCC/ARM_CM3/port.o
 .debug_aranges
                0x0000000000001480       0x50 ./Middlewares/Third_Party/FreeRTOS/Source/portable/MemMang/heap_4.o

.debug_rnglists
                0x0000000000000000     0x1017
 .debug_rnglists
                0x0000000000000000       0xab ./Core/Src/ADXL.o
 .debug_rnglists
                0x00000000000000ab       0x21 ./Core/Src/Accelerometer.o
 .debug_rnglists
                0x00000000000000cc       0x26 ./Core/Src/freertos.o
 .debug_rnglists
                0x00000000000000f2       0x14 ./Core/Src/gpio.o
 .debug_rnglists
                0x0000000000000106       0x38 ./Core/Src/main.o
 .debug_rnglists
                0x000000000000013e       0x20 ./Core/Src/spi.o
 .debug_rnglists
                0x000000000000015e       0x13 ./Core/Src/stm32f1xx_hal_msp.o
 .debug_rnglists
                0x0000000000000171       0x20 ./Core/Src/stm32f1xx_hal_timebase_tim.o
 .debug_rnglists
                0x0000000000000191       0x49 ./Core/Src/stm32f1xx_it.o
 .debug_rnglists
                0x00000000000001da       0x1a ./Core/Src/system_stm32f1xx.o
 .debug_rnglists
                0x00000000000001f4       0x20 ./Core/Src/tim.o
 .debug_rnglists
                0x0000000000000214       0x20 ./Core/Src/usart.o
 .debug_rnglists
                0x0000000000000234       0x19 ./Core/Startup/startup_stm32f103c8tx.o
 .debug_rnglists
                0x000000000000024d       0xa3 ./Drivers/STM32F1xx_HAL_Driver/Src/stm32f1xx_hal.o
 .debug_rnglists
                0x00000000000002f0       0xbb ./Drivers/STM32F1xx_HAL_Driver/Src/stm32f1xx_hal_cortex.o
 .debug_rnglists
                0x00000000000003ab       0x3f ./Drivers/STM32F1xx_HAL_Driver/Src/stm32f1xx_hal_gpio.o
 .debug_rnglists
                0x00000000000003ea       0x6c ./Drivers/STM32F1xx_HAL_Driver/Src/stm32f1xx_hal_rcc.o
 .debug_rnglists
                0x0000000000000456      0x16e ./Drivers/STM32F1xx_HAL_Driver/Src/stm32f1xx_hal_spi.o
 .debug_rnglists
                0x00000000000005c4      0x31a ./Drivers/STM32F1xx_HAL_Driver/Src/stm32f1xx_hal_tim.o
 .debug_rnglists
                0x00000000000008de      0x125 ./Drivers/STM32F1xx_HAL_Driver/Src/stm32f1xx_hal_tim_ex.o
 .debug_rnglists
                0x0000000000000a03      0x1bc ./Drivers/STM32F1xx_HAL_Driver/Src/stm32f1xx_hal_uart.o
 .debug_rnglists
                0x0000000000000bbf      0x16a ./Middlewares/Third_Party/FreeRTOS/Source/CMSIS_RTOS/cmsis_os.o
 .debug_rnglists
                0x0000000000000d29       0x2b ./Middlewares/Third_Party/FreeRTOS/Source/list.o
 .debug_rnglists
                0x0000000000000d54       0xcd ./Middlewares/Third_Party/FreeRTOS/Source/queue.o
 .debug_rnglists
                0x0000000000000e21      0x165 ./Middlewares/Third_Party/FreeRTOS/Source/tasks.o
 .debug_rnglists
                0x0000000000000f86       0x56 ./Middlewares/Third_Party/FreeRTOS/Source/portable/GCC/ARM_CM3/port.o
 .debug_rnglists
                0x0000000000000fdc       0x3b ./Middlewares/Third_Party/FreeRTOS/Source/portable/MemMang/heap_4.o

.debug_macro    0x0000000000000000    0x1b3a0
 .debug_macro   0x0000000000000000      0x328 ./Core/Src/ADXL.o
 .debug_macro   0x0000000000000328      0xa9c ./Core/Src/ADXL.o
 .debug_macro   0x0000000000000dc4      0x221 ./Core/Src/ADXL.o
 .debug_macro   0x0000000000000fe5       0x2e ./Core/Src/ADXL.o
 .debug_macro   0x0000000000001013       0x22 ./Core/Src/ADXL.o
 .debug_macro   0x0000000000001035       0x22 ./Core/Src/ADXL.o
 .debug_macro   0x0000000000001057       0x8e ./Core/Src/ADXL.o
 .debug_macro   0x00000000000010e5       0x51 ./Core/Src/ADXL.o
 .debug_macro   0x0000000000001136      0x103 ./Core/Src/ADXL.o
 .debug_macro   0x0000000000001239       0x6a ./Core/Src/ADXL.o
 .debug_macro   0x00000000000012a3      0x1df ./Core/Src/ADXL.o
 .debug_macro   0x0000000000001482       0x1c ./Core/Src/ADXL.o
 .debug_macro   0x000000000000149e       0x22 ./Core/Src/ADXL.o
 .debug_macro   0x00000000000014c0       0xbd ./Core/Src/ADXL.o
 .debug_macro   0x000000000000157d      0xd23 ./Core/Src/ADXL.o
 .debug_macro   0x00000000000022a0     0xe09e ./Core/Src/ADXL.o
 .debug_macro   0x000000000001033e       0x6d ./Core/Src/ADXL.o
 .debug_macro   0x00000000000103ab     0x348d ./Core/Src/ADXL.o
 .debug_macro   0x0000000000013838      0x174 ./Core/Src/ADXL.o
 .debug_macro   0x00000000000139ac       0x5c ./Core/Src/ADXL.o
 .debug_macro   0x0000000000013a08      0x5bc ./Core/Src/ADXL.o
 .debug_macro   0x0000000000013fc4      0x289 ./Core/Src/ADXL.o
 .debug_macro   0x000000000001424d      0x1cb ./Core/Src/ADXL.o
 .debug_macro   0x0000000000014418      0x114 ./Core/Src/ADXL.o
 .debug_macro   0x000000000001452c      0x1b2 ./Core/Src/ADXL.o
 .debug_macro   0x00000000000146de       0x27 ./Core/Src/ADXL.o
 .debug_macro   0x0000000000014705      0x136 ./Core/Src/ADXL.o
 .debug_macro   0x000000000001483b      0x1bc ./Core/Src/ADXL.o
 .debug_macro   0x00000000000149f7       0x34 ./Core/Src/ADXL.o
 .debug_macro   0x0000000000014a2b       0x3c ./Core/Src/ADXL.o
 .debug_macro   0x0000000000014a67       0x57 ./Core/Src/ADXL.o
 .debug_macro   0x0000000000014abe       0x87 ./Core/Src/ADXL.o
 .debug_macro   0x0000000000014b45      0x240 ./Core/Src/ADXL.o
 .debug_macro   0x0000000000014d85      0x140 ./Core/Src/ADXL.o
 .debug_macro   0x0000000000014ec5      0x217 ./Core/Src/ADXL.o
 .debug_macro   0x00000000000150dc      0x8ed ./Core/Src/ADXL.o
 .debug_macro   0x00000000000159c9      0x28e ./Core/Src/ADXL.o
 .debug_macro   0x0000000000015c57       0x83 ./Core/Src/ADXL.o
 .debug_macro   0x0000000000015cda       0x8e ./Core/Src/ADXL.o
 .debug_macro   0x0000000000015d68       0x22 ./Core/Src/ADXL.o
 .debug_macro   0x0000000000015d8a      0x202 ./Core/Src/ADXL.o
 .debug_macro   0x0000000000015f8c       0xf1 ./Core/Src/ADXL.o
 .debug_macro   0x000000000001607d      0x15a ./Core/Src/ADXL.o
 .debug_macro   0x00000000000161d7       0xd7 ./Core/Src/ADXL.o
 .debug_macro   0x00000000000162ae       0x10 ./Core/Src/ADXL.o
 .debug_macro   0x00000000000162be       0x1f ./Core/Src/ADXL.o
 .debug_macro   0x00000000000162dd       0x61 ./Core/Src/ADXL.o
 .debug_macro   0x000000000001633e       0x24 ./Core/Src/ADXL.o
 .debug_macro   0x0000000000016362       0x43 ./Core/Src/ADXL.o
 .debug_macro   0x00000000000163a5       0x34 ./Core/Src/ADXL.o
 .debug_macro   0x00000000000163d9       0x16 ./Core/Src/ADXL.o
 .debug_macro   0x00000000000163ef       0x43 ./Core/Src/ADXL.o
 .debug_macro   0x0000000000016432       0x34 ./Core/Src/ADXL.o
 .debug_macro   0x0000000000016466       0x10 ./Core/Src/ADXL.o
 .debug_macro   0x0000000000016476       0x58 ./Core/Src/ADXL.o
 .debug_macro   0x00000000000164ce       0x8e ./Core/Src/ADXL.o
 .debug_macro   0x000000000001655c       0x1c ./Core/Src/ADXL.o
 .debug_macro   0x0000000000016578      0x177 ./Core/Src/ADXL.o
 .debug_macro   0x00000000000166ef       0x10 ./Core/Src/ADXL.o
 .debug_macro   0x00000000000166ff       0x35 ./Core/Src/ADXL.o
 .debug_macro   0x0000000000016734      0x49c ./Core/Src/ADXL.o
 .debug_macro   0x0000000000016bd0       0xb5 ./Core/Src/ADXL.o
 .debug_macro   0x0000000000016c85       0x8c ./Core/Src/ADXL.o
 .debug_macro   0x0000000000016d11       0x91 ./Core/Src/ADXL.o
 .debug_macro   0x0000000000016da2       0x8d ./Core/Src/ADXL.o
 .debug_macro   0x0000000000016e2f       0x7e ./Core/Src/ADXL.o
 .debug_macro   0x0000000000016ead       0x19 ./Core/Src/ADXL.o
 .debug_macro   0x0000000000016ec6       0xf2 ./Core/Src/ADXL.o
 .debug_macro   0x0000000000016fb8      0x3b6 ./Core/Src/Accelerometer.o
 .debug_macro   0x000000000001736e       0x5b ./Core/Src/Accelerometer.o
 .debug_macro   0x00000000000173c9       0x94 ./Core/Src/Accelerometer.o
 .debug_macro   0x000000000001745d       0x57 ./Core/Src/Accelerometer.o
 .debug_macro   0x00000000000174b4      0x369 ./Core/Src/Accelerometer.o
 .debug_macro   0x000000000001781d      0x19b ./Core/Src/Accelerometer.o
 .debug_macro   0x00000000000179b8       0xe3 ./Core/Src/Accelerometer.o
 .debug_macro   0x0000000000017a9b       0x56 ./Core/Src/Accelerometer.o
 .debug_macro   0x0000000000017af1       0x88 ./Core/Src/Accelerometer.o
 .debug_macro   0x0000000000017b79       0x12 ./Core/Src/Accelerometer.o
 .debug_macro   0x0000000000017b8b       0x16 ./Core/Src/Accelerometer.o
 .debug_macro   0x0000000000017ba1       0x16 ./Core/Src/Accelerometer.o
 .debug_macro   0x0000000000017bb7       0x20 ./Core/Src/Accelerometer.o
 .debug_macro   0x0000000000017bd7      0x316 ./Core/Src/freertos.o
 .debug_macro   0x0000000000017eed      0x1c6 ./Core/Src/gpio.o
 .debug_macro   0x00000000000180b3      0x364 ./Core/Src/main.o
 .debug_macro   0x0000000000018417       0xe3 ./Core/Src/main.o
 .debug_macro   0x00000000000184fa      0x1c6 ./Core/Src/spi.o
 .debug_macro   0x00000000000186c0      0x1bc ./Core/Src/stm32f1xx_hal_msp.o
 .debug_macro   0x000000000001887c      0x1ad ./Core/Src/stm32f1xx_hal_timebase_tim.o
 .debug_macro   0x0000000000018a29      0x1c6 ./Core/Src/stm32f1xx_it.o
 .debug_macro   0x0000000000018bef      0x1ad ./Core/Src/system_stm32f1xx.o
 .debug_macro   0x0000000000018d9c      0x1c6 ./Core/Src/tim.o
 .debug_macro   0x0000000000018f62      0x1c6 ./Core/Src/usart.o
 .debug_macro   0x0000000000019128      0x1d1 ./Drivers/STM32F1xx_HAL_Driver/Src/stm32f1xx_hal.o
 .debug_macro   0x00000000000192f9      0x1ad ./Drivers/STM32F1xx_HAL_Driver/Src/stm32f1xx_hal_cortex.o
 .debug_macro   0x00000000000194a6      0x218 ./Drivers/STM32F1xx_HAL_Driver/Src/stm32f1xx_hal_gpio.o
 .debug_macro   0x00000000000196be      0x1bf ./Drivers/STM32F1xx_HAL_Driver/Src/stm32f1xx_hal_rcc.o
 .debug_macro   0x000000000001987d      0x1b5 ./Drivers/STM32F1xx_HAL_Driver/Src/stm32f1xx_hal_spi.o
 .debug_macro   0x0000000000019a32      0x1ae ./Drivers/STM32F1xx_HAL_Driver/Src/stm32f1xx_hal_tim.o
 .debug_macro   0x0000000000019be0      0x1ad ./Drivers/STM32F1xx_HAL_Driver/Src/stm32f1xx_hal_tim_ex.o
 .debug_macro   0x0000000000019d8d      0x1ae ./Drivers/STM32F1xx_HAL_Driver/Src/stm32f1xx_hal_uart.o
 .debug_macro   0x0000000000019f3b      0x365 ./Middlewares/Third_Party/FreeRTOS/Source/CMSIS_RTOS/cmsis_os.o
 .debug_macro   0x000000000001a2a0       0x10 ./Middlewares/Third_Party/FreeRTOS/Source/CMSIS_RTOS/cmsis_os.o
 .debug_macro   0x000000000001a2b0      0x2f3 ./Middlewares/Third_Party/FreeRTOS/Source/list.o
 .debug_macro   0x000000000001a5a3      0x37e ./Middlewares/Third_Party/FreeRTOS/Source/queue.o
 .debug_macro   0x000000000001a921      0x3ec ./Middlewares/Third_Party/FreeRTOS/Source/tasks.o
 .debug_macro   0x000000000001ad0d       0x10 ./Middlewares/Third_Party/FreeRTOS/Source/tasks.o
 .debug_macro   0x000000000001ad1d      0x369 ./Middlewares/Third_Party/FreeRTOS/Source/portable/GCC/ARM_CM3/port.o
 .debug_macro   0x000000000001b086      0x31a ./Middlewares/Third_Party/FreeRTOS/Source/portable/MemMang/heap_4.o

.debug_line     0x0000000000000000    0x187b8
 .debug_line    0x0000000000000000      0xeb1 ./Core/Src/ADXL.o
 .debug_line    0x0000000000000eb1      0xb35 ./Core/Src/Accelerometer.o
 .debug_line    0x00000000000019e6      0x96a ./Core/Src/freertos.o
 .debug_line    0x0000000000002350      0x6a4 ./Core/Src/gpio.o
 .debug_line    0x00000000000029f4      0xa66 ./Core/Src/main.o
 .debug_line    0x000000000000345a      0x6d8 ./Core/Src/spi.o
 .debug_line    0x0000000000003b32      0x663 ./Core/Src/stm32f1xx_hal_msp.o
 .debug_line    0x0000000000004195      0x6cf ./Core/Src/stm32f1xx_hal_timebase_tim.o
 .debug_line    0x0000000000004864      0x745 ./Core/Src/stm32f1xx_it.o
 .debug_line    0x0000000000004fa9      0x6df ./Core/Src/system_stm32f1xx.o
 .debug_line    0x0000000000005688      0x6ce ./Core/Src/tim.o
 .debug_line    0x0000000000005d56      0x6d0 ./Core/Src/usart.o
 .debug_line    0x0000000000006426       0x78 ./Core/Startup/startup_stm32f103c8tx.o
 .debug_line    0x000000000000649e      0x90c ./Drivers/STM32F1xx_HAL_Driver/Src/stm32f1xx_hal.o
 .debug_line    0x0000000000006daa      0xaf4 ./Drivers/STM32F1xx_HAL_Driver/Src/stm32f1xx_hal_cortex.o
 .debug_line    0x000000000000789e      0x9a5 ./Drivers/STM32F1xx_HAL_Driver/Src/stm32f1xx_hal_gpio.o
 .debug_line    0x0000000000008243      0xd15 ./Drivers/STM32F1xx_HAL_Driver/Src/stm32f1xx_hal_rcc.o
 .debug_line    0x0000000000008f58     0x1b94 ./Drivers/STM32F1xx_HAL_Driver/Src/stm32f1xx_hal_spi.o