Archive member included to satisfy reference by file (symbol)

/opt/st/stm32cubeide_1.14.0/plugins/com.st.stm32cube.ide.mcu.externaltools.gnu-tools-for-stm32.11.3.rel1.linux64_1.1.100.202309141235/tools/bin/../lib/gcc/arm-none-eabi/11.3.1/../../../../arm-none-eabi/lib/thumb/v7-m/nofp/libc_nano.a(libc_a-exit.o)
                              /opt/st/stm32cubeide_1.14.0/plugins/com.st.stm32cube.ide.mcu.externaltools.gnu-tools-for-stm32.11.3.rel1.linux64_1.1.100.202309141235/tools/bin/../lib/gcc/arm-none-eabi/11.3.1/../../../../arm-none-eabi/lib/thumb/v7-m/nofp/crt0.o (exit)
/opt/st/stm32cubeide_1.14.0/plugins/com.st.stm32cube.ide.mcu.externaltools.gnu-tools-for-stm32.11.3.rel1.linux64_1.1.100.202309141235/tools/bin/../lib/gcc/arm-none-eabi/11.3.1/../../../../arm-none-eabi/lib/thumb/v7-m/nofp/libc_nano.a(libc_a-findfp.o)
                              ./Middlewares/Third_Party/FreeRTOS/Source/tasks.o (__sf)
/opt/st/stm32cubeide_1.14.0/plugins/com.st.stm32cube.ide.mcu.externaltools.gnu-tools-for-stm32.11.3.rel1.linux64_1.1.100.202309141235/tools/bin/../lib/gcc/arm-none-eabi/11.3.1/../../../../arm-none-eabi/lib/thumb/v7-m/nofp/libc_nano.a(libc_a-fwalk.o)
                              /opt/st/stm32cubeide_1.14.0/plugins/com.st.stm32cube.ide.mcu.externaltools.gnu-tools-for-stm32.11.3.rel1.linux64_1.1.100.202309141235/tools/bin/../lib/gcc/arm-none-eabi/11.3.1/../../../../arm-none-eabi/lib/thumb/v7-m/nofp/libc_nano.a(libc_a-findfp.o) (_fwalk_sglue)
/opt/st/stm32cubeide_1.14.0/plugins/com.st.stm32cube.ide.mcu.externaltools.gnu-tools-for-stm32.11.3.rel1.linux64_1.1.100.202309141235/tools/bin/../lib/gcc/arm-none-eabi/11.3.1/../../../../arm-none-eabi/lib/thumb/v7-m/nofp/libc_nano.a(libc_a-stdio.o)
                              /opt/st/stm32cubeide_1.14.0/plugins/com.st.stm32cube.ide.mcu.externaltools.gnu-tools-for-stm32.11.3.rel1.linux64_1.1.100.202309141235/tools/bin/../lib/gcc/arm-none-eabi/11.3.1/../../../../arm-none-eabi/lib/thumb/v7-m/nofp/libc_nano.a(libc_a-findfp.o) (__sread)
/opt/st/stm32cubeide_1.14.0/plugins/com.st.stm32cube.ide.mcu.externaltools.gnu-tools-for-stm32.11.3.rel1.linux64_1.1.100.202309141235/tools/bin/../lib/gcc/arm-none-eabi/11.3.1/../../../../arm-none-eabi/lib/thumb/v7-m/nofp/libc_nano.a(libc_a-memset.o)
                              /opt/st/stm32cubeide_1.14.0/plugins/com.st.stm32cube.ide.mcu.externaltools.gnu-tools-for-stm32.11.3.rel1.linux64_1.1.100.202309141235/tools/bin/../lib/gcc/arm-none-eabi/11.3.1/../../../../arm-none-eabi/lib/thumb/v7-m/nofp/crt0.o (memset)
/opt/st/stm32cubeide_1.14.0/plugins/com.st.stm32cube.ide.mcu.externaltools.gnu-tools-for-stm32.11.3.rel1.linux64_1.1.100.202309141235/tools/bin/../lib/gcc/arm-none-eabi/11.3.1/../../../../arm-none-eabi/lib/thumb/v7-m/nofp/libc_nano.a(libc_a-closer.o)
                              /opt/st/stm32cubeide_1.14.0/plugins/com.st.stm32cube.ide.mcu.externaltools.gnu-tools-for-stm32.11.3.rel1.linux64_1.1.100.202309141235/tools/bin/../lib/gcc/arm-none-eabi/11.3.1/../../../../arm-none-eabi/lib/thumb/v7-m/nofp/libc_nano.a(libc_a-stdio.o) (_close_r)
/opt/st/stm32cubeide_1.14.0/plugins/com.st.stm32cube.ide.mcu.externaltools.gnu-tools-for-stm32.11.3.rel1.linux64_1.1.100.202309141235/tools/bin/../lib/gcc/arm-none-eabi/11.3.1/../../../../arm-none-eabi/lib/thumb/v7-m/nofp/libc_nano.a(libc_a-reent.o)
                              ./Middlewares/Third_Party/FreeRTOS/Source/tasks.o (_reclaim_reent)
/opt/st/stm32cubeide_1.14.0/plugins/com.st.stm32cube.ide.mcu.externaltools.gnu-tools-for-stm32.11.3.rel1.linux64_1.1.100.202309141235/tools/bin/../lib/gcc/arm-none-eabi/11.3.1/../../../../arm-none-eabi/lib/thumb/v7-m/nofp/libc_nano.a(libc_a-impure.o)
                              ./Middlewares/Third_Party/FreeRTOS/Source/tasks.o (_impure_ptr)
/opt/st/stm32cubeide_1.14.0/plugins/com.st.stm32cube.ide.mcu.externaltools.gnu-tools-for-stm32.11.3.rel1.linux64_1.1.100.202309141235/tools/bin/../lib/gcc/arm-none-eabi/11.3.1/../../../../arm-none-eabi/lib/thumb/v7-m/nofp/libc_nano.a(libc_a-lseekr.o)
                              /opt/st/stm32cubeide_1.14.0/plugins/com.st.stm32cube.ide.mcu.externaltools.gnu-tools-for-stm32.11.3.rel1.linux64_1.1.100.202309141235/tools/bin/../lib/gcc/arm-none-eabi/11.3.1/../../../../arm-none-eabi/lib/thumb/v7-m/nofp/libc_nano.a(libc_a-stdio.o) (_lseek_r)
/opt/st/stm32cubeide_1.14.0/plugins/com.st.stm32cube.ide.mcu.externaltools.gnu-tools-for-stm32.11.3.rel1.linux64_1.1.100.202309141235/tools/bin/../lib/gcc/arm-none-eabi/11.3.1/../../../../arm-none-eabi/lib/thumb/v7-m/nofp/libc_nano.a(libc_a-readr.o)
                              /opt/st/stm32cubeide_1.14.0/plugins/com.st.stm32cube.ide.mcu.externaltools.gnu-tools-for-stm32.11.3.rel1.linux64_1.1.100.202309141235/tools/bin/../lib/gcc/arm-none-eabi/11.3.1/../../../../arm-none-eabi/lib/thumb/v7-m/nofp/libc_nano.a(libc_a-stdio.o) (_read_r)
[...]
Memory Configuration

Name             Origin             Length             Attributes
RAM              0x0000000020000000 0x0000000000005000 xrw
FLASH            0x0000000008000000 0x0000000000010000 xr
*default*        0x0000000000000000 0xffffffffffffffff

Linker script and memory map

LOAD /opt/st/stm32cubeide_1.14.0/plugins/com.st.stm32cube.ide.mcu.externaltools.gnu-tools-for-stm32.11.3.rel1.linux64_1.1.100.202309141235/tools/bin/../lib/gcc/arm-none-eabi/11.3.1/thumb/v7-m/nofp/crti.o
LOAD /opt/st/stm32cubeide_1.14.0/plugins/com.st.stm32cube.ide.mcu.externaltools.gnu-tools-for-stm32.11.3.rel1.linux64_1.1.100.202309141235/tools/bin/../lib/gcc/arm-none-eabi/11.3.1/thumb/v7-m/nofp/crtbegin.o
LOAD /opt/st/stm32cubeide_1.14.0/plugins/com.st.stm32cube.ide.mcu.externaltools.gnu-tools-for-stm32.11.3.rel1.linux64_1.1.100.202309141235/tools/bin/../lib/gcc/arm-none-eabi/11.3.1/../../../../arm-none-eabi/lib/thumb/v7-m/nofp/crt0.o
LOAD ./Core/Src/ADXL.o
LOAD ./Core/Src/Accelerometer.o
LOAD ./Core/Src/freertos.o
LOAD ./Core/Src/gpio.o
LOAD ./Core/Src/main.o
LOAD ./Core/Src/spi.o
LOAD ./Core/Src/stm32f1xx_hal_msp.o
LOAD ./Core/Src/stm32f1xx_hal_timebase_tim.o
LOAD ./Core/Src/stm32f1xx_it.o
LOAD ./Core/Src/syscalls.o
LOAD ./Core/Src/sysmem.o
LOAD ./Core/Src/system_stm32f1xx.o
LOAD ./Core/Src/tim.o
LOAD ./Core/Src/usart.o
LOAD ./Core/Startup/startup_stm32f103c8tx.o
LOAD ./Drivers/STM32F1xx_HAL_Driver/Src/stm32f1xx_hal.o
LOAD ./Drivers/STM32F1xx_HAL_Driver/Src/stm32f1xx_hal_cortex.o
LOAD ./Drivers/STM32F1xx_HAL_Driver/Src/stm32f1xx_hal_dma.o
LOAD ./Drivers/STM32F1xx_HAL_Driver/Src/stm32f1xx_hal_exti.o
LOAD ./Drivers/STM32F1xx_HAL_Driver/Src/stm32f1xx_hal_flash.o
LOAD ./Drivers/STM32F1xx_HAL_Driver/Src/stm32f1xx_hal_flash_ex.o
LOAD ./Drivers/STM32F1xx_HAL_Driver/Src/stm32f1xx_hal_gpio.o
LOAD ./Drivers/STM32F1xx_HAL_Driver/Src/stm32f1xx_hal_gpio_ex.o
LOAD ./Drivers/STM32F1xx_HAL_Driver/Src/stm32f1xx_hal_pwr.o
LOAD ./Drivers/STM32F1xx_HAL_Driver/Src/stm32f1xx_hal_rcc.o
LOAD ./Drivers/STM32F1xx_HAL_Driver/Src/stm32f1xx_hal_rcc_ex.o
LOAD ./Drivers/STM32F1xx_HAL_Driver/Src/stm32f1xx_hal_spi.o
LOAD ./Drivers/STM32F1xx_HAL_Driver/Src/stm32f1xx_hal_tim.o
LOAD ./Drivers/STM32F1xx_HAL_Driver/Src/stm32f1xx_hal_tim_ex.o
LOAD ./Drivers/STM32F1xx_HAL_Driver/Src/stm32f1xx_hal_uart.o
LOAD ./Middlewares/Third_Party/FreeRTOS/Source/CMSIS_RTOS/cmsis_os.o
LOAD ./Middlewares/Third_Party/FreeRTOS/Source/croutine.o
LOAD ./Middlewares/Third_Party/FreeRTOS/Source/event_groups.o
LOAD ./Middlewares/Third_Party/FreeRTOS/Source/list.o
LOAD ./Middlewares/Third_Party/FreeRTOS/Source/queue.o
LOAD ./Middlewares/Third_Party/FreeRTOS/Source/stream_buffer.o
LOAD ./Middlewares/Third_Party/FreeRTOS/Source/tasks.o
LOAD ./Middlewares/Third_Party/FreeRTOS/Source/timers.o
LOAD ./Middlewares/Third_Party/FreeRTOS/Source/portable/GCC/ARM_CM3/port.o
LOAD ./Middlewares/Third_Party/FreeRTOS/Source/portable/MemMang/heap_4.o
START GROUP
LOAD /opt/st/stm32cubeide_1.14.0/plugins/com.st.stm32cube.ide.mcu.externaltools.gnu-tools-for-stm32.11.3.rel1.linux64_1.1.100.202309141235/tools/bin/../lib/gcc/arm-none-eabi/11.3.1/../../../../arm-none-eabi/lib/thumb/v7-m/nofp/libc_nano.a
LOAD /opt/st/stm32cubeide_1.14.0/plugins/com.st.stm32cube.ide.mcu.externaltools.gnu-tools-for-stm32.11.3.rel1.linux64_1.1.100.202309141235/tools/bin/../lib/gcc/arm-none-eabi/11.3.1/../../../../arm-none-eabi/lib/thumb/v7-m/nofp/libm.a
END GROUP
START GROUP
LOAD /opt/st/stm32cubeide_1.14.0/plugins/com.st.stm32cube.ide.mcu.externaltools.gnu-tools-for-stm32.11.3.rel1.linux64_1.1.100.202309141235/tools/bin/../lib/gcc/arm-none-eabi/11.3.1/thumb/v7-m/nofp/libgcc.a
LOAD /opt/st/stm32cubeide_1.14.0/plugins/com.st.stm32cube.ide.mcu.externaltools.gnu-tools-for-stm32.11.3.rel1.linux64_1.1.100.202309141235/tools/bin/../lib/gcc/arm-none-eabi/11.3.1/../../../../arm-none-eabi/lib/thumb/v7-m/nofp/libc_nano.a
END GROUP
START GROUP
LOAD /opt/st/stm32cubeide_1.14.0/plugins/com.st.stm32cube.ide.mcu.externaltools.gnu-tools-for-stm32.11.3.rel1.linux64_1.1.100.202309141235/tools/bin/../lib/gcc/arm-none-eabi/11.3.1/thumb/v7-m/nofp/libgcc.a
LOAD /opt/st/stm32cubeide_1.14.0/plugins/com.st.stm32cube.ide.mcu.externaltools.gnu-tools-for-stm32.11.3.rel1.linux64_1.1.100.202309141235/tools/bin/../lib/gcc/arm-none-eabi/11.3.1/../../../../arm-none-eabi/lib/thumb/v7-m/nofp/libc_nano.a
LOAD /opt/st/stm32cubeide_1.14.0/plugins/com.st.stm32cube.ide.mcu.externaltools.gnu-tools-for-stm32.11.3.rel1.linux64_1.1.100.202309141235/tools/bin/../lib/gcc/arm-none-eabi/11.3.1/../../../../arm-none-eabi/lib/thumb/v7-m/nofp/libnosys.a
END GROUP
START GROUP
LOAD /opt/st/stm32cubeide_1.14.0/plugins/com.st.stm32cube.ide.mcu.externaltools.gnu-tools-for-stm32.11.3.rel1.linux64_1.1.100.202309141235/tools/bin/../lib/gcc/arm-none-eabi/11.3.1/thumb/v7-m/nofp/libgcc.a
LOAD /opt/st/stm32cubeide_1.14.0/plugins/com.st.stm32cube.ide.mcu.externaltools.gnu-tools-for-stm32.11.3.rel1.linux64_1.1.100.202309141235/tools/bin/../lib/gcc/arm-none-eabi/11.3.1/../../../../arm-none-eabi/lib/thumb/v7-m/nofp/libc_nano.a
LOAD /opt/st/stm32cubeide_1.14.0/plugins/com.st.stm32cube.ide.mcu.externaltools.gnu-tools-for-stm32.11.3.rel1.linux64_1.1.100.202309141235/tools/bin/../lib/gcc/arm-none-eabi/11.3.1/../../../../arm-none-eabi/lib/thumb/v7-m/nofp/libnosys.a
END GROUP
LOAD /opt/st/stm32cubeide_1.14.0/plugins/com.st.stm32cube.ide.mcu.externaltools.gnu-tools-for-stm32.11.3.rel1.linux64_1.1.100.202309141235/tools/bin/../lib/gcc/arm-none-eabi/11.3.1/thumb/v7-m/nofp/crtend.o
LOAD /opt/st/stm32cubeide_1.14.0/plugins/com.st.stm32cube.ide.mcu.externaltools.gnu-tools-for-stm32.11.3.rel1.linux64_1.1.100.202309141235/tools/bin/../lib/gcc/arm-none-eabi/11.3.1/thumb/v7-m/nofp/crtn.o
                0x0000000020005000                _estack = (ORIGIN (RAM) + LENGTH (RAM))
                0x0000000000000200                _Min_Heap_Size = 0x200
                0x0000000000000400                _Min_Stack_Size = 0x400

.isr_vector     0x0000000008000000      0x10c
                0x0000000008000000                . = ALIGN (0x4)
 *(.isr_vector)
 .isr_vector    0x0000000008000000      0x10c ./Core/Startup/startup_stm32f103c8tx.o
                0x0000000008000000                g_pfnVectors
                0x000000000800010c                . = ALIGN (0x4)

.text           0x0000000008000110     0x68d0
                0x0000000008000110                . = ALIGN (0x4)
 *(.text)
 .text          0x0000000008000110       0x40 /opt/st/stm32cubeide_1.14.0/plugins/com.st.stm32cube.ide.mcu.externaltools.gnu-tools-for-stm32.11.3.rel1.linux64_1.1.100.202309141235/tools/bin/../lib/gcc/arm-none-eabi/11.3.1/thumb/v7-m/nofp/crtbegin.o
 .text          0x0000000008000150      0x254 /opt/st/stm32cubeide_1.14.0/plugins/com.st.stm32cube.ide.mcu.externaltools.gnu-tools-for-stm32.11.3.rel1.linux64_1.1.100.202309141235/tools/bin/../lib/gcc/arm-none-eabi/11.3.1/thumb/v7-m/nofp/libgcc.a(_arm_muldf3.o)
                0x0000000008000150                __aeabi_dmul
                0x0000000008000150                __muldf3
 .text          0x00000000080003a4      0x168 /opt/st/stm32cubeide_1.14.0/plugins/com.st.stm32cube.ide.mcu.externaltools.gnu-tools-for-stm32.11.3.rel1.linux64_1.1.100.202309141235/tools/bin/../lib/gcc/arm-none-eabi/11.3.1/thumb/v7-m/nofp/libgcc.a(_arm_mulsf3.o)
                0x00000000080003a4                __mulsf3
                0x00000000080003a4                __aeabi_fmul
 .text          0x000000000800050c      0x378 /opt/st/stm32cubeide_1.14.0/plugins/com.st.stm32cube.ide.mcu.externaltools.gnu-tools-for-stm32.11.3.rel1.linux64_1.1.100.202309141235/tools/bin/../lib/gcc/arm-none-eabi/11.3.1/thumb/v7-m/nofp/libgcc.a(_arm_addsubdf3.o)
                0x000000000800050c                __aeabi_drsub
                0x0000000008000514                __aeabi_dsub
                0x0000000008000514                __subdf3
                0x0000000008000518                __adddf3
                0x0000000008000518                __aeabi_dadd
                0x0000000008000790                __aeabi_ui2d
                0x0000000008000790                __floatunsidf
                0x00000000080007b0                __floatsidf
                0x00000000080007b0                __aeabi_i2d
                0x00000000080007d4                __extendsfdf2
                0x00000000080007d4                __aeabi_f2d
                0x0000000008000818                __aeabi_ul2d
                0x0000000008000818                __floatundidf
                0x0000000008000828                __floatdidf
                0x0000000008000828                __aeabi_l2d
 .text          0x0000000008000884       0x50 /opt/st/stm32cubeide_1.14.0/plugins/com.st.stm32cube.ide.mcu.externaltools.gnu-tools-for-stm32.11.3.rel1.linux64_1.1.100.202309141235/tools/bin/../lib/gcc/arm-none-eabi/11.3.1/thumb/v7-m/nofp/libgcc.a(_arm_fixdfsi.o)
                0x0000000008000884                __fixdfsi
                0x0000000008000884                __aeabi_d2iz
 .text          0x00000000080008d4      0x21c /opt/st/stm32cubeide_1.14.0/plugins/com.st.stm32cube.ide.mcu.externaltools.gnu-tools-for-stm32.11.3.rel1.linux64_1.1.100.202309141235/tools/bin/../lib/gcc/arm-none-eabi/11.3.1/thumb/v7-m/nofp/libgcc.a(_arm_addsubsf3.o)
                0x00000000080008d4                __aeabi_frsub
                0x00000000080008dc                __subsf3
                0x00000000080008dc                __aeabi_fsub
                0x00000000080008e0                __aeabi_fadd
                0x00000000080008e0                __addsf3
                0x0000000008000a40                __aeabi_ui2f
                0x0000000008000a40                __floatunsisf
                0x0000000008000a48                __aeabi_i2f
                0x0000000008000a48                __floatsisf
                0x0000000008000a64                __floatundisf
                0x0000000008000a64                __aeabi_ul2f
                0x0000000008000a74                __floatdisf
                0x0000000008000a74                __aeabi_l2f
 *(.text*)
 .text.ADXL_Init
                0x0000000008000af0      0x164 ./Core/Src/ADXL.o
                0x0000000008000af0                ADXL_Init
 .text.ADXL_getAccel
                0x0000000008000c54      0x124 ./Core/Src/ADXL.o
                0x0000000008000c54                ADXL_getAccel
 .text.ADXL_Measure
                0x0000000008000d78       0x62 ./Core/Src/ADXL.o
                0x0000000008000d78                ADXL_Measure
 .text.adxlInterrupt
                0x0000000008000dda       0x7c ./Core/Src/ADXL.o
 .text.ADXL_enableDoubleTap
                0x0000000008000e56       0xbc ./Core/Src/ADXL.o
                0x0000000008000e56                ADXL_enableDoubleTap
 .text.ADXL_IntProto
                0x0000000008000f12       0x36 ./Core/Src/ADXL.o
                0x0000000008000f12                ADXL_IntProto
 .text.writeRegister
                0x0000000008000f48       0x60 ./Core/Src/ADXL.o
 .text.readRegister
                0x0000000008000fa8       0x80 ./Core/Src/ADXL.o
 .text.adxlBW   0x0000000008001028       0x88 ./Core/Src/ADXL.o
 .text.adxlFormat
                0x00000000080010b0       0x60 ./Core/Src/ADXL.o
 .text.StartReadAccel
                0x0000000008001110      0x1c0 ./Core/Src/Accelerometer.o
                0x0000000008001110                StartReadAccel
 .text.HAL_GPIO_EXTI_Callback
                0x00000000080012d0       0x58 ./Core/Src/Accelerometer.o
                0x00000000080012d0                HAL_GPIO_EXTI_Callback
 .text.vApplicationGetIdleTaskMemory
                0x0000000008001328       0x30 ./Core/Src/freertos.o
                0x0000000008001328                vApplicationGetIdleTaskMemory
 .text.MX_FREERTOS_Init
                0x0000000008001358       0x84 ./Core/Src/freertos.o
                0x0000000008001358                MX_FREERTOS_Init
 .text.StartDefaultTask
                0x00000000080013dc       0x28 ./Core/Src/freertos.o
                0x00000000080013dc                StartDefaultTask
 .text.MX_GPIO_Init
                0x0000000008001404      0x158 ./Core/Src/gpio.o
                0x0000000008001404                MX_GPIO_Init
 .text.main     0x000000000800155c       0x30 ./Core/Src/main.o
                0x000000000800155c                main
 .text.SystemClock_Config
                0x000000000800158c       0x8a ./Core/Src/main.o
                0x000000000800158c                SystemClock_Config
 *fill*         0x0000000008001616        0x2 
 .text.TaskSwitchedIn
                0x0000000008001618       0x34 ./Core/Src/main.o
                0x0000000008001618                TaskSwitchedIn
 .text.TaskSwitchedOut
                0x000000000800164c       0x38 ./Core/Src/main.o
                0x000000000800164c                TaskSwitchedOut
 .text.vApplicationIdleHook
                0x0000000008001684       0x20 ./Core/Src/main.o
                0x0000000008001684                vApplicationIdleHook
 .text.HAL_TIM_PeriodElapsedCallback
                0x00000000080016a4       0x24 ./Core/Src/main.o
                0x00000000080016a4                HAL_TIM_PeriodElapsedCallback
 .text.Error_Handler
                0x00000000080016c8        0xa ./Core/Src/main.o
                0x00000000080016c8                Error_Handler
 *fill*         0x00000000080016d2        0x2 
 .text.MX_SPI1_Init
                0x00000000080016d4       0x6c ./Core/Src/spi.o
                0x00000000080016d4                MX_SPI1_Init
 .text.HAL_SPI_MspInit
                0x0000000008001740       0x94 ./Core/Src/spi.o
                0x0000000008001740                HAL_SPI_MspInit
 .text.HAL_MspInit
                0x00000000080017d4       0x70 ./Core/Src/stm32f1xx_hal_msp.o
                0x00000000080017d4                HAL_MspInit
 .text.HAL_InitTick
                0x0000000008001844       0xe4 ./Core/Src/stm32f1xx_hal_timebase_tim.o
                0x0000000008001844                HAL_InitTick
 .text.NMI_Handler
                0x0000000008001928        0x6 ./Core/Src/stm32f1xx_it.o
                0x0000000008001928                NMI_Handler
 .text.HardFault_Handler
                0x000000000800192e        0x6 ./Core/Src/stm32f1xx_it.o
                0x000000000800192e                HardFault_Handler
 .text.MemManage_Handler
                0x0000000008001934        0x6 ./Core/Src/stm32f1xx_it.o
                0x0000000008001934                MemManage_Handler
 .text.BusFault_Handler
                0x000000000800193a        0x6 ./Core/Src/stm32f1xx_it.o
                0x000000000800193a                BusFault_Handler
 .text.UsageFault_Handler
                0x0000000008001940        0x6 ./Core/Src/stm32f1xx_it.o
                0x0000000008001940                UsageFault_Handler
 .text.DebugMon_Handler
                0x0000000008001946        0xc ./Core/Src/stm32f1xx_it.o
                0x0000000008001946                DebugMon_Handler
 .text.EXTI0_IRQHandler
                0x0000000008001952        0xe ./Core/Src/stm32f1xx_it.o
                0x0000000008001952                EXTI0_IRQHandler
 .text.EXTI1_IRQHandler
                0x0000000008001960        0xe ./Core/Src/stm32f1xx_it.o
                0x0000000008001960                EXTI1_IRQHandler
 *fill*         0x000000000800196e        0x2 
 .text.TIM1_UP_IRQHandler
                0x0000000008001970       0x14 ./Core/Src/stm32f1xx_it.o
                0x0000000008001970                TIM1_UP_IRQHandler
 .text.TIM2_IRQHandler
                0x0000000008001984       0x14 ./Core/Src/stm32f1xx_it.o
                0x0000000008001984                TIM2_IRQHandler
 .text.SystemInit
                0x0000000008001998        0xc ./Core/Src/system_stm32f1xx.o
                0x0000000008001998                SystemInit
 .text.MX_TIM2_Init
                0x00000000080019a4       0x9c ./Core/Src/tim.o
                0x00000000080019a4                MX_TIM2_Init
 .text.HAL_TIM_Base_MspInit
                0x0000000008001a40       0x48 ./Core/Src/tim.o
                0x0000000008001a40                HAL_TIM_Base_MspInit
 .text.MX_USART1_UART_Init
                0x0000000008001a88       0x54 ./Core/Src/usart.o
                0x0000000008001a88                MX_USART1_UART_Init
 .text.HAL_UART_MspInit
                0x0000000008001adc       0x98 ./Core/Src/usart.o
                0x0000000008001adc                HAL_UART_MspInit
 .text.Reset_Handler
                0x0000000008001b74       0x48 ./Core/Startup/startup_stm32f103c8tx.o
                0x0000000008001b74                Reset_Handler
 .text.Default_Handler
                0x0000000008001bbc        0x2 ./Core/Startup/startup_stm32f103c8tx.o
                0x0000000008001bbc                RTC_Alarm_IRQHandler
                0x0000000008001bbc                EXTI2_IRQHandler
                0x0000000008001bbc                TIM1_CC_IRQHandler
                0x0000000008001bbc                PVD_IRQHandler
                0x0000000008001bbc                EXTI3_IRQHandler
                0x0000000008001bbc                I2C2_EV_IRQHandler
                0x0000000008001bbc                ADC1_2_IRQHandler
                0x0000000008001bbc                SPI1_IRQHandler
                0x0000000008001bbc                TAMPER_IRQHandler
                0x0000000008001bbc                DMA1_Channel4_IRQHandler
                0x0000000008001bbc                USART3_IRQHandler
                0x0000000008001bbc                RTC_IRQHandler
                0x0000000008001bbc                DMA1_Channel7_IRQHandler
                0x0000000008001bbc                CAN1_RX1_IRQHandler
                0x0000000008001bbc                TIM4_IRQHandler
                0x0000000008001bbc                I2C1_EV_IRQHandler
                0x0000000008001bbc                DMA1_Channel6_IRQHandler
                0x0000000008001bbc                TIM3_IRQHandler
                0x0000000008001bbc                RCC_IRQHandler
                0x0000000008001bbc                TIM1_TRG_COM_IRQHandler
                0x0000000008001bbc                DMA1_Channel1_IRQHandler
                0x0000000008001bbc                Default_Handler
                0x0000000008001bbc                EXTI15_10_IRQHandler
                0x0000000008001bbc                EXTI9_5_IRQHandler
                0x0000000008001bbc                SPI2_IRQHandler
                0x0000000008001bbc                DMA1_Channel5_IRQHandler
                0x0000000008001bbc                EXTI4_IRQHandler
                0x0000000008001bbc                USB_LP_CAN1_RX0_IRQHandler
                0x0000000008001bbc                USB_HP_CAN1_TX_IRQHandler
                0x0000000008001bbc                DMA1_Channel3_IRQHandler
                0x0000000008001bbc                WWDG_IRQHandler
                0x0000000008001bbc                TIM1_BRK_IRQHandler
                0x0000000008001bbc                USART2_IRQHandler
                0x0000000008001bbc                I2C2_ER_IRQHandler
                0x0000000008001bbc                DMA1_Channel2_IRQHandler
                0x0000000008001bbc                CAN1_SCE_IRQHandler
                0x0000000008001bbc                FLASH_IRQHandler
                0x0000000008001bbc                USART1_IRQHandler
                0x0000000008001bbc                I2C1_ER_IRQHandler
                0x0000000008001bbc                USBWakeUp_IRQHandler
 *fill*         0x0000000008001bbe        0x2 
 .text.HAL_Init
                0x0000000008001bc0       0x2c ./Drivers/STM32F1xx_HAL_Driver/Src/stm32f1xx_hal.o
                0x0000000008001bc0                HAL_Init
 .text.HAL_IncTick
                0x0000000008001bec       0x24 ./Drivers/STM32F1xx_HAL_Driver/Src/stm32f1xx_hal.o
                0x0000000008001bec                HAL_IncTick
 .text.HAL_GetTick
                0x0000000008001c10       0x14 ./Drivers/STM32F1xx_HAL_Driver/Src/stm32f1xx_hal.o
                0x0000000008001c10                HAL_GetTick
 .text.__NVIC_SetPriorityGrouping
                0x0000000008001c24       0x48 ./Drivers/STM32F1xx_HAL_Driver/Src/stm32f1xx_hal_cortex.o
 .text.__NVIC_GetPriorityGrouping
                0x0000000008001c6c       0x1c ./Drivers/STM32F1xx_HAL_Driver/Src/stm32f1xx_hal_cortex.o
 .text.__NVIC_EnableIRQ
                0x0000000008001c88       0x38 ./Drivers/STM32F1xx_HAL_Driver/Src/stm32f1xx_hal_cortex.o
 .text.__NVIC_SetPriority
                0x0000000008001cc0       0x54 ./Drivers/STM32F1xx_HAL_Driver/Src/stm32f1xx_hal_cortex.o
 .text.NVIC_EncodePriority
                0x0000000008001d14       0x64 ./Drivers/STM32F1xx_HAL_Driver/Src/stm32f1xx_hal_cortex.o
 .text.HAL_NVIC_SetPriorityGrouping
                0x0000000008001d78       0x16 ./Drivers/STM32F1xx_HAL_Driver/Src/stm32f1xx_hal_cortex.o
                0x0000000008001d78                HAL_NVIC_SetPriorityGrouping
 .text.HAL_NVIC_SetPriority
                0x0000000008001d8e       0x38 ./Drivers/STM32F1xx_HAL_Driver/Src/stm32f1xx_hal_cortex.o
                0x0000000008001d8e                HAL_NVIC_SetPriority
 .text.HAL_NVIC_EnableIRQ
                0x0000000008001dc6       0x1c ./Drivers/STM32F1xx_HAL_Driver/Src/stm32f1xx_hal_cortex.o
                0x0000000008001dc6                HAL_NVIC_EnableIRQ
 *fill*         0x0000000008001de2        0x2 
 .text.HAL_GPIO_Init
                0x0000000008001de4      0x308 ./Drivers/STM32F1xx_HAL_Driver/Src/stm32f1xx_hal_gpio.o
                0x0000000008001de4                HAL_GPIO_Init
 .text.HAL_GPIO_WritePin
                0x00000000080020ec       0x30 ./Drivers/STM32F1xx_HAL_Driver/Src/stm32f1xx_hal_gpio.o
                0x00000000080020ec                HAL_GPIO_WritePin
 .text.HAL_GPIO_TogglePin
                0x000000000800211c       0x32 ./Drivers/STM32F1xx_HAL_Driver/Src/stm32f1xx_hal_gpio.o
                0x000000000800211c                HAL_GPIO_TogglePin
 *fill*         0x000000000800214e        0x2 
 .text.HAL_GPIO_EXTI_IRQHandler
                0x0000000008002150       0x30 ./Drivers/STM32F1xx_HAL_Driver/Src/stm32f1xx_hal_gpio.o
                0x0000000008002150                HAL_GPIO_EXTI_IRQHandler
 .text.HAL_RCC_OscConfig
                0x0000000008002180      0x504 ./Drivers/STM32F1xx_HAL_Driver/Src/stm32f1xx_hal_rcc.o
                0x0000000008002180                HAL_RCC_OscConfig
 .text.HAL_RCC_ClockConfig
                0x0000000008002684      0x1d4 ./Drivers/STM32F1xx_HAL_Driver/Src/stm32f1xx_hal_rcc.o
                0x0000000008002684                HAL_RCC_ClockConfig
 .text.HAL_RCC_GetSysClockFreq
                0x0000000008002858       0xa8 ./Drivers/STM32F1xx_HAL_Driver/Src/stm32f1xx_hal_rcc.o
                0x0000000008002858                HAL_RCC_GetSysClockFreq
 .text.HAL_RCC_GetHCLKFreq
                0x0000000008002900       0x14 ./Drivers/STM32F1xx_HAL_Driver/Src/stm32f1xx_hal_rcc.o
                0x0000000008002900                HAL_RCC_GetHCLKFreq
 .text.HAL_RCC_GetPCLK1Freq
                0x0000000008002914       0x28 ./Drivers/STM32F1xx_HAL_Driver/Src/stm32f1xx_hal_rcc.o
                0x0000000008002914                HAL_RCC_GetPCLK1Freq
 .text.HAL_RCC_GetPCLK2Freq
                0x000000000800293c       0x28 ./Drivers/STM32F1xx_HAL_Driver/Src/stm32f1xx_hal_rcc.o
                0x000000000800293c                HAL_RCC_GetPCLK2Freq
 .text.HAL_RCC_GetClockConfig
                0x0000000008002964       0x60 ./Drivers/STM32F1xx_HAL_Driver/Src/stm32f1xx_hal_rcc.o
                0x0000000008002964                HAL_RCC_GetClockConfig
 .text.RCC_Delay
                0x00000000080029c4       0x3c ./Drivers/STM32F1xx_HAL_Driver/Src/stm32f1xx_hal_rcc.o
 .text.HAL_SPI_Init
                0x0000000008002a00      0x108 ./Drivers/STM32F1xx_HAL_Driver/Src/stm32f1xx_hal_spi.o
                0x0000000008002a00                HAL_SPI_Init
 .text.HAL_SPI_Transmit
                0x0000000008002b08      0x286 ./Drivers/STM32F1xx_HAL_Driver/Src/stm32f1xx_hal_spi.o
                0x0000000008002b08                HAL_SPI_Transmit
 .text.HAL_SPI_Receive
                0x0000000008002d8e      0x230 ./Drivers/STM32F1xx_HAL_Driver/Src/stm32f1xx_hal_spi.o
                0x0000000008002d8e                HAL_SPI_Receive
 .text.HAL_SPI_TransmitReceive
                0x0000000008002fbe      0x360 ./Drivers/STM32F1xx_HAL_Driver/Src/stm32f1xx_hal_spi.o
                0x0000000008002fbe                HAL_SPI_TransmitReceive
 *fill*         0x000000000800331e        0x2 
 .text.SPI_WaitFlagStateUntilTimeout
                0x0000000008003320      0x110 ./Drivers/STM32F1xx_HAL_Driver/Src/stm32f1xx_hal_spi.o
 .text.SPI_EndRxTransaction
                0x0000000008003430       0xa4 ./Drivers/STM32F1xx_HAL_Driver/Src/stm32f1xx_hal_spi.o
 .text.SPI_EndRxTxTransaction
                0x00000000080034d4       0x3c ./Drivers/STM32F1xx_HAL_Driver/Src/stm32f1xx_hal_spi.o
 .text.HAL_TIM_Base_Init
                0x0000000008003510       0x9e ./Drivers/STM32F1xx_HAL_Driver/Src/stm32f1xx_hal_tim.o
                0x0000000008003510                HAL_TIM_Base_Init
 *fill*         0x00000000080035ae        0x2 
 .text.HAL_TIM_Base_Start_IT
                0x00000000080035b0       0xa4 ./Drivers/STM32F1xx_HAL_Driver/Src/stm32f1xx_hal_tim.o
                0x00000000080035b0                HAL_TIM_Base_Start_IT
 .text.HAL_TIM_IRQHandler
                0x0000000008003654      0x210 ./Drivers/STM32F1xx_HAL_Driver/Src/stm32f1xx_hal_tim.o
                0x0000000008003654                HAL_TIM_IRQHandler
 .text.HAL_TIM_ConfigClockSource
                0x0000000008003864      0x18e ./Drivers/STM32F1xx_HAL_Driver/Src/stm32f1xx_hal_tim.o
                0x0000000008003864                HAL_TIM_ConfigClockSource
 .text.HAL_TIM_OC_DelayElapsedCallback
                0x00000000080039f2       0x12 ./Drivers/STM32F1xx_HAL_Driver/Src/stm32f1xx_hal_tim.o
                0x00000000080039f2                HAL_TIM_OC_DelayElapsedCallback
 .text.HAL_TIM_IC_CaptureCallback
                0x0000000008003a04       0x12 ./Drivers/STM32F1xx_HAL_Driver/Src/stm32f1xx_hal_tim.o
                0x0000000008003a04                HAL_TIM_IC_CaptureCallback
 .text.HAL_TIM_PWM_PulseFinishedCallback
                0x0000000008003a16       0x12 ./Drivers/STM32F1xx_HAL_Driver/Src/stm32f1xx_hal_tim.o
                0x0000000008003a16                HAL_TIM_PWM_PulseFinishedCallback
 .text.HAL_TIM_TriggerCallback
                0x0000000008003a28       0x12 ./Drivers/STM32F1xx_HAL_Driver/Src/stm32f1xx_hal_tim.o
                0x0000000008003a28                HAL_TIM_TriggerCallback
 *fill*         0x0000000008003a3a        0x2 
 .text.TIM_Base_SetConfig
                0x0000000008003a3c       0xc4 ./Drivers/STM32F1xx_HAL_Driver/Src/stm32f1xx_hal_tim.o
                0x0000000008003a3c                TIM_Base_SetConfig
 .text.TIM_TI1_ConfigInputStage
                0x0000000008003b00       0x5c ./Drivers/STM32F1xx_HAL_Driver/Src/stm32f1xx_hal_tim.o
 .text.TIM_TI2_ConfigInputStage
                0x0000000008003b5c       0x5e ./Drivers/STM32F1xx_HAL_Driver/Src/stm32f1xx_hal_tim.o
 .text.TIM_ITRx_SetConfig
                0x0000000008003bba       0x34 ./Drivers/STM32F1xx_HAL_Driver/Src/stm32f1xx_hal_tim.o
 .text.TIM_ETR_SetConfig
                0x0000000008003bee       0x3e ./Drivers/STM32F1xx_HAL_Driver/Src/stm32f1xx_hal_tim.o
                0x0000000008003bee                TIM_ETR_SetConfig
 .text.HAL_TIMEx_MasterConfigSynchronization
                0x0000000008003c2c       0xbc ./Drivers/STM32F1xx_HAL_Driver/Src/stm32f1xx_hal_tim_ex.o
                0x0000000008003c2c                HAL_TIMEx_MasterConfigSynchronization
 .text.HAL_TIMEx_CommutCallback
                0x0000000008003ce8       0x12 ./Drivers/STM32F1xx_HAL_Driver/Src/stm32f1xx_hal_tim_ex.o
                0x0000000008003ce8                HAL_TIMEx_CommutCallback
 .text.HAL_TIMEx_BreakCallback
                0x0000000008003cfa       0x12 ./Drivers/STM32F1xx_HAL_Driver/Src/stm32f1xx_hal_tim_ex.o
                0x0000000008003cfa                HAL_TIMEx_BreakCallback
 .text.HAL_UART_Init
                0x0000000008003d0c       0xa0 ./Drivers/STM32F1xx_HAL_Driver/Src/stm32f1xx_hal_uart.o
                0x0000000008003d0c                HAL_UART_Init
 .text.HAL_UART_Transmit
                0x0000000008003dac      0x106 ./Drivers/STM32F1xx_HAL_Driver/Src/stm32f1xx_hal_uart.o
                0x0000000008003dac                HAL_UART_Transmit
 .text.UART_WaitOnFlagUntilTimeout
                0x0000000008003eb2       0xdc ./Drivers/STM32F1xx_HAL_Driver/Src/stm32f1xx_hal_uart.o
 *fill*         0x0000000008003f8e        0x2 
 .text.UART_SetConfig
                0x0000000008003f90      0x11c ./Drivers/STM32F1xx_HAL_Driver/Src/stm32f1xx_hal_uart.o
 .text.makeFreeRtosPriority
                0x00000000080040ac       0x2e ./Middlewares/Third_Party/FreeRTOS/Source/CMSIS_RTOS/cmsis_os.o
 .text.inHandlerMode
                0x00000000080040da       0x22 ./Middlewares/Third_Party/FreeRTOS/Source/CMSIS_RTOS/cmsis_os.o
 .text.osKernelStart
                0x00000000080040fc        0xe ./Middlewares/Third_Party/FreeRTOS/Source/CMSIS_RTOS/cmsis_os.o
                0x00000000080040fc                osKernelStart
 .text.osThreadCreate
                0x000000000800410a       0x98 ./Middlewares/Third_Party/FreeRTOS/Source/CMSIS_RTOS/cmsis_os.o
                0x000000000800410a                osThreadCreate
 .text.osDelay  0x00000000080041a2       0x28 ./Middlewares/Third_Party/FreeRTOS/Source/CMSIS_RTOS/cmsis_os.o
                0x00000000080041a2                osDelay
 .text.osSemaphoreCreate
                0x00000000080041ca       0x64 ./Middlewares/Third_Party/FreeRTOS/Source/CMSIS_RTOS/cmsis_os.o
                0x00000000080041ca                osSemaphoreCreate
 *fill*         0x000000000800422e        0x2 
 .text.osSemaphoreWait
                0x0000000008004230       0x9c ./Middlewares/Third_Party/FreeRTOS/Source/CMSIS_RTOS/cmsis_os.o
                0x0000000008004230                osSemaphoreWait
 .text.osSemaphoreRelease
                0x00000000080042cc       0x6c ./Middlewares/Third_Party/FreeRTOS/Source/CMSIS_RTOS/cmsis_os.o
                0x00000000080042cc                osSemaphoreRelease
 .text.vListInitialise
                0x0000000008004338       0x3e ./Middlewares/Third_Party/FreeRTOS/Source/list.o
                0x0000000008004338                vListInitialise
 .text.vListInitialiseItem
                0x0000000008004376       0x18 ./Middlewares/Third_Party/FreeRTOS/Source/list.o
                0x0000000008004376                vListInitialiseItem
 .text.vListInsertEnd
                0x000000000800438e       0x46 ./Middlewares/Third_Party/FreeRTOS/Source/list.o
                0x000000000800438e                vListInsertEnd
 .text.vListInsert
                0x00000000080043d4       0x70 ./Middlewares/Third_Party/FreeRTOS/Source/list.o
                0x00000000080043d4                vListInsert
 .text.uxListRemove
                0x0000000008004444       0x52 ./Middlewares/Third_Party/FreeRTOS/Source/list.o
                0x0000000008004444                uxListRemove
 *fill*         0x0000000008004496        0x2 
 .text.xQueueGenericReset
                0x0000000008004498       0xd0 ./Middlewares/Third_Party/FreeRTOS/Source/queue.o
                0x0000000008004498                xQueueGenericReset
 .text.xQueueGenericCreateStatic
                0x0000000008004568       0xee ./Middlewares/Third_Party/FreeRTOS/Source/queue.o
                0x0000000008004568                xQueueGenericCreateStatic
 .text.xQueueGenericCreate
                0x0000000008004656       0x7c ./Middlewares/Third_Party/FreeRTOS/Source/queue.o
                0x0000000008004656                xQueueGenericCreate
 .text.prvInitialiseNewQueue
                0x00000000080046d2       0x3e ./Middlewares/Third_Party/FreeRTOS/Source/queue.o
 .text.xQueueGenericSend
                0x0000000008004710      0x1fc ./Middlewares/Third_Party/FreeRTOS/Source/queue.o
                0x0000000008004710                xQueueGenericSend
 .text.xQueueGiveFromISR
                0x000000000800490c      0x11a ./Middlewares/Third_Party/FreeRTOS/Source/queue.o
                0x000000000800490c                xQueueGiveFromISR
 *fill*         0x0000000008004a26        0x2 
 .text.xQueueSemaphoreTake
                0x0000000008004a28      0x218 ./Middlewares/Third_Party/FreeRTOS/Source/queue.o
                0x0000000008004a28                xQueueSemaphoreTake
 .text.xQueueReceiveFromISR
                0x0000000008004c40      0x100 ./Middlewares/Third_Party/FreeRTOS/Source/queue.o
                0x0000000008004c40                xQueueReceiveFromISR
 .text.prvGetDisinheritPriorityAfterTimeout
                0x0000000008004d40       0x2e ./Middlewares/Third_Party/FreeRTOS/Source/queue.o
 .text.prvCopyDataToQueue
                0x0000000008004d6e       0xd4 ./Middlewares/Third_Party/FreeRTOS/Source/queue.o
 .text.prvCopyDataFromQueue
                0x0000000008004e42       0x4c ./Middlewares/Third_Party/FreeRTOS/Source/queue.o
 .text.prvUnlockQueue
                0x0000000008004e8e       0xa4 ./Middlewares/Third_Party/FreeRTOS/Source/queue.o
 .text.prvIsQueueEmpty
                0x0000000008004f32       0x2c ./Middlewares/Third_Party/FreeRTOS/Source/queue.o
 .text.prvIsQueueFull
                0x0000000008004f5e       0x30 ./Middlewares/Third_Party/FreeRTOS/Source/queue.o
 .text.xTaskCreateStatic
                0x0000000008004f8e       0xb8 ./Middlewares/Third_Party/FreeRTOS/Source/tasks.o
                0x0000000008004f8e                xTaskCreateStatic
 .text.xTaskCreate
                0x0000000008005046       0x8a ./Middlewares/Third_Party/FreeRTOS/Source/tasks.o
                0x0000000008005046                xTaskCreate
 .text.prvInitialiseNewTask
                0x00000000080050d0      0x134 ./Middlewares/Third_Party/FreeRTOS/Source/tasks.o
 .text.prvAddNewTaskToReadyList
                0x0000000008005204       0xd4 ./Middlewares/Third_Party/FreeRTOS/Source/tasks.o
 .text.vTaskDelay
                0x00000000080052d8       0x68 ./Middlewares/Third_Party/FreeRTOS/Source/tasks.o
                0x00000000080052d8                vTaskDelay
 .text.vTaskStartScheduler
                0x0000000008005340       0xd4 ./Middlewares/Third_Party/FreeRTOS/Source/tasks.o
                0x0000000008005340                vTaskStartScheduler
 .text.vTaskSuspendAll
                0x0000000008005414       0x1c ./Middlewares/Third_Party/FreeRTOS/Source/tasks.o
                0x0000000008005414                vTaskSuspendAll
 .text.xTaskResumeAll
                0x0000000008005430      0x138 ./Middlewares/Third_Party/FreeRTOS/Source/tasks.o
                0x0000000008005430                xTaskResumeAll
 .text.xTaskIncrementTick
                0x0000000008005568      0x17c ./Middlewares/Third_Party/FreeRTOS/Source/tasks.o
                0x0000000008005568                xTaskIncrementTick
 .text.vTaskSetApplicationTaskTag
                0x00000000080056e4       0x38 ./Middlewares/Third_Party/FreeRTOS/Source/tasks.o
                0x00000000080056e4                vTaskSetApplicationTaskTag
 .text.vTaskSwitchContext
                0x000000000800571c       0xd8 ./Middlewares/Third_Party/FreeRTOS/Source/tasks.o
                0x000000000800571c                vTaskSwitchContext
 .text.vTaskPlaceOnEventList
                0x00000000080057f4       0x48 ./Middlewares/Third_Party/FreeRTOS/Source/tasks.o
                0x00000000080057f4                vTaskPlaceOnEventList
 .text.xTaskRemoveFromEventList
                0x000000000800583c       0xc4 ./Middlewares/Third_Party/FreeRTOS/Source/tasks.o
                0x000000000800583c                xTaskRemoveFromEventList
 .text.vTaskInternalSetTimeOutState
                0x0000000008005900       0x2c ./Middlewares/Third_Party/FreeRTOS/Source/tasks.o
                0x0000000008005900                vTaskInternalSetTimeOutState
 .text.xTaskCheckForTimeOut
                0x000000000800592c       0xc4 ./Middlewares/Third_Party/FreeRTOS/Source/tasks.o
                0x000000000800592c                xTaskCheckForTimeOut
 .text.vTaskMissedYield
                0x00000000080059f0       0x18 ./Middlewares/Third_Party/FreeRTOS/Source/tasks.o
                0x00000000080059f0                vTaskMissedYield
 .text.prvIdleTask
                0x0000000008005a08       0x34 ./Middlewares/Third_Party/FreeRTOS/Source/tasks.o
 .text.prvInitialiseTaskLists
                0x0000000008005a3c       0x80 ./Middlewares/Third_Party/FreeRTOS/Source/tasks.o
 .text.prvCheckTasksWaitingTermination
                0x0000000008005abc       0x5c ./Middlewares/Third_Party/FreeRTOS/Source/tasks.o
 .text.prvDeleteTCB
                0x0000000008005b18       0x68 ./Middlewares/Third_Party/FreeRTOS/Source/tasks.o
 .text.prvResetNextTaskUnblockTime
                0x0000000008005b80       0x48 ./Middlewares/Third_Party/FreeRTOS/Source/tasks.o
 .text.xTaskGetSchedulerState
                0x0000000008005bc8       0x3c ./Middlewares/Third_Party/FreeRTOS/Source/tasks.o
                0x0000000008005bc8                xTaskGetSchedulerState
 .text.xTaskPriorityInherit
                0x0000000008005c04      0x10c ./Middlewares/Third_Party/FreeRTOS/Source/tasks.o
                0x0000000008005c04                xTaskPriorityInherit
 .text.xTaskPriorityDisinherit
                0x0000000008005d10      0x10c ./Middlewares/Third_Party/FreeRTOS/Source/tasks.o
                0x0000000008005d10                xTaskPriorityDisinherit
 .text.vTaskPriorityDisinheritAfterTimeout
                0x0000000008005e1c      0x140 ./Middlewares/Third_Party/FreeRTOS/Source/tasks.o
                0x0000000008005e1c                vTaskPriorityDisinheritAfterTimeout
 .text.pvTaskIncrementMutexHeldCount
                0x0000000008005f5c       0x28 ./Middlewares/Third_Party/FreeRTOS/Source/tasks.o
                0x0000000008005f5c                pvTaskIncrementMutexHeldCount
 .text.prvAddCurrentTaskToDelayedList
                0x0000000008005f84       0xcc ./Middlewares/Third_Party/FreeRTOS/Source/tasks.o
 .text.pxPortInitialiseStack
                0x0000000008006050       0x58 ./Middlewares/Third_Party/FreeRTOS/Source/portable/GCC/ARM_CM3/port.o
                0x0000000008006050                pxPortInitialiseStack
 .text.prvTaskExitError
                0x00000000080060a8       0x58 ./Middlewares/Third_Party/FreeRTOS/Source/portable/GCC/ARM_CM3/port.o
 .text.SVC_Handler
                0x0000000008006100       0x28 ./Middlewares/Third_Party/FreeRTOS/Source/portable/GCC/ARM_CM3/port.o
                0x0000000008006100                SVC_Handler
 .text.prvPortStartFirstTask
                0x0000000008006128       0x20 ./Middlewares/Third_Party/FreeRTOS/Source/portable/GCC/ARM_CM3/port.o
 .text.xPortStartScheduler
                0x0000000008006148      0x104 ./Middlewares/Third_Party/FreeRTOS/Source/portable/GCC/ARM_CM3/port.o
                0x0000000008006148                xPortStartScheduler
 .text.vPortEnterCritical
                0x000000000800624c       0x60 ./Middlewares/Third_Party/FreeRTOS/Source/portable/GCC/ARM_CM3/port.o
                0x000000000800624c                vPortEnterCritical
 .text.vPortExitCritical
                0x00000000080062ac       0x50 ./Middlewares/Third_Party/FreeRTOS/Source/portable/GCC/ARM_CM3/port.o
                0x00000000080062ac                vPortExitCritical
 *fill*         0x00000000080062fc        0x4 
 .text.PendSV_Handler
                0x0000000008006300       0x48 ./Middlewares/Third_Party/FreeRTOS/Source/portable/GCC/ARM_CM3/port.o
                0x0000000008006300                PendSV_Handler
 .text.SysTick_Handler
                0x0000000008006348       0x44 ./Middlewares/Third_Party/FreeRTOS/Source/portable/GCC/ARM_CM3/port.o
                0x0000000008006348                SysTick_Handler
 .text.vPortSetupTimerInterrupt
                0x000000000800638c       0x44 ./Middlewares/Third_Party/FreeRTOS/Source/portable/GCC/ARM_CM3/port.o
                0x000000000800638c                vPortSetupTimerInterrupt
 .text.vPortValidateInterruptPriority
                0x00000000080063d0       0x7c ./Middlewares/Third_Party/FreeRTOS/Source/portable/GCC/ARM_CM3/port.o
                0x00000000080063d0                vPortValidateInterruptPriority
 .text.pvPortMalloc
                0x000000000800644c      0x188 ./Middlewares/Third_Party/FreeRTOS/Source/portable/MemMang/heap_4.o
                0x000000000800644c                pvPortMalloc
 .text.vPortFree
                0x00000000080065d4       0xb4 ./Middlewares/Third_Party/FreeRTOS/Source/portable/MemMang/heap_4.o
                0x00000000080065d4                vPortFree
 .text.prvHeapInit
                0x0000000008006688       0xc4 ./Middlewares/Third_Party/FreeRTOS/Source/portable/MemMang/heap_4.o
 .text.prvInsertBlockIntoFreeList
                0x000000000800674c       0xb0 ./Middlewares/Third_Party/FreeRTOS/Source/portable/MemMang/heap_4.o
 .text.memset   0x00000000080067fc       0x10 /opt/st/stm32cubeide_1.14.0/plugins/com.st.stm32cube.ide.mcu.externaltools.gnu-tools-for-stm32.11.3.rel1.linux64_1.1.100.202309141235/tools/bin/../lib/gcc/arm-none-eabi/11.3.1/../../../../arm-none-eabi/lib/thumb/v7-m/nofp/libc_nano.a(libc_a-memset.o)
                0x00000000080067fc                memset
 .text._reclaim_reent
                0x000000000800680c       0xac /opt/st/stm32cubeide_1.14.0/plugins/com.st.stm32cube.ide.mcu.externaltools.gnu-tools-for-stm32.11.3.rel1.linux64_1.1.100.202309141235/tools/bin/../lib/gcc/arm-none-eabi/11.3.1/../../../../arm-none-eabi/lib/thumb/v7-m/nofp/libc_nano.a(libc_a-reent.o)
                0x000000000800680c                _reclaim_reent
 .text.__libc_init_array
                0x00000000080068b8       0x48 /opt/st/stm32cubeide_1.14.0/plugins/com.st.stm32cube.ide.mcu.externaltools.gnu-tools-for-stm32.11.3.rel1.linux64_1.1.100.202309141235/tools/bin/../lib/gcc/arm-none-eabi/11.3.1/../../../../arm-none-eabi/lib/thumb/v7-m/nofp/libc_nano.a(libc_a-init.o)
                0x00000000080068b8                __libc_init_array
 .text.__retarget_lock_acquire_recursive
                0x0000000008006900        0x2 /opt/st/stm32cubeide_1.14.0/plugins/com.st.stm32cube.ide.mcu.externaltools.gnu-tools-for-stm32.11.3.rel1.linux64_1.1.100.202309141235/tools/bin/../lib/gcc/arm-none-eabi/11.3.1/../../../../arm-none-eabi/lib/thumb/v7-m/nofp/libc_nano.a(libc_a-lock.o)
                0x0000000008006900                __retarget_lock_acquire_recursive
 .text.__retarget_lock_release_recursive
                0x0000000008006902        0x2 /opt/st/stm32cubeide_1.14.0/plugins/com.st.stm32cube.ide.mcu.externaltools.gnu-tools-for-stm32.11.3.rel1.linux64_1.1.100.202309141235/tools/bin/../lib/gcc/arm-none-eabi/11.3.1/../../../../arm-none-eabi/lib/thumb/v7-m/nofp/libc_nano.a(libc_a-lock.o)
                0x0000000008006902                __retarget_lock_release_recursive
 .text.memcpy   0x0000000008006904       0x1c /opt/st/stm32cubeide_1.14.0/plugins/com.st.stm32cube.ide.mcu.externaltools.gnu-tools-for-stm32.11.3.rel1.linux64_1.1.100.202309141235/tools/bin/../lib/gcc/arm-none-eabi/11.3.1/../../../../arm-none-eabi/lib/thumb/v7-m/nofp/libc_nano.a(libc_a-memcpy-stub.o)
                0x0000000008006904                memcpy
 .text._free_r  0x0000000008006920       0x90 /opt/st/stm32cubeide_1.14.0/plugins/com.st.stm32cube.ide.mcu.externaltools.gnu-tools-for-stm32.11.3.rel1.linux64_1.1.100.202309141235/tools/bin/../lib/gcc/arm-none-eabi/11.3.1/../../../../arm-none-eabi/lib/thumb/v7-m/nofp/libc_nano.a(libc_a-freer.o)
                0x0000000008006920                _free_r
 .text.__malloc_lock
                0x00000000080069b0        0xc /opt/st/stm32cubeide_1.14.0/plugins/com.st.stm32cube.ide.mcu.externaltools.gnu-tools-for-stm32.11.3.rel1.linux64_1.1.100.202309141235/tools/bin/../lib/gcc/arm-none-eabi/11.3.1/../../../../arm-none-eabi/lib/thumb/v7-m/nofp/libc_nano.a(libc_a-mlock.o)
                0x00000000080069b0                __malloc_lock
 .text.__malloc_unlock
                0x00000000080069bc        0xc /opt/st/stm32cubeide_1.14.0/plugins/com.st.stm32cube.ide.mcu.externaltools.gnu-tools-for-stm32.11.3.rel1.linux64_1.1.100.202309141235/tools/bin/../lib/gcc/arm-none-eabi/11.3.1/../../../../arm-none-eabi/lib/thumb/v7-m/nofp/libc_nano.a(libc_a-mlock.o)
                0x00000000080069bc                __malloc_unlock
 *(.glue_7)
 .glue_7        0x00000000080069c8        0x0 linker stubs
 *(.glue_7t)
 .glue_7t       0x00000000080069c8        0x0 linker stubs
 *(.eh_frame)
 .eh_frame      0x00000000080069c8        0x0 /opt/st/stm32cubeide_1.14.0/plugins/com.st.stm32cube.ide.mcu.externaltools.gnu-tools-for-stm32.11.3.rel1.linux64_1.1.100.202309141235/tools/bin/../lib/gcc/arm-none-eabi/11.3.1/thumb/v7-m/nofp/crtbegin.o
 *(.init)
 .init          0x00000000080069c8        0x4 /opt/st/stm32cubeide_1.14.0/plugins/com.st.stm32cube.ide.mcu.externaltools.gnu-tools-for-stm32.11.3.rel1.linux64_1.1.100.202309141235/tools/bin/../lib/gcc/arm-none-eabi/11.3.1/thumb/v7-m/nofp/crti.o
                0x00000000080069c8                _init
 .init          0x00000000080069cc        0x8 /opt/st/stm32cubeide_1.14.0/plugins/com.st.stm32cube.ide.mcu.externaltools.gnu-tools-for-stm32.11.3.rel1.linux64_1.1.100.202309141235/tools/bin/../lib/gcc/arm-none-eabi/11.3.1/thumb/v7-m/nofp/crtn.o
 *(.fini)
 .fini          0x00000000080069d4        0x4 /opt/st/stm32cubeide_1.14.0/plugins/com.st.stm32cube.ide.mcu.externaltools.gnu-tools-for-stm32.11.3.rel1.linux64_1.1.100.202309141235/tools/bin/../lib/gcc/arm-none-eabi/11.3.1/thumb/v7-m/nofp/crti.o
                0x00000000080069d4                _fini
 .fini          0x00000000080069d8        0x8 /opt/st/stm32cubeide_1.14.0/plugins/com.st.stm32cube.ide.mcu.externaltools.gnu-tools-for-stm32.11.3.rel1.linux64_1.1.100.202309141235/tools/bin/../lib/gcc/arm-none-eabi/11.3.1/thumb/v7-m/nofp/crtn.o
                0x00000000080069e0                . = ALIGN (0x4)
                0x00000000080069e0                _etext = .

.vfp11_veneer   0x00000000080069e0        0x0
 .vfp11_veneer  0x00000000080069e0        0x0 linker stubs

.v4_bx          0x00000000080069e0        0x0
 .v4_bx         0x00000000080069e0        0x0 linker stubs

.iplt           0x00000000080069e0        0x0
 .iplt          0x00000000080069e0        0x0 /opt/st/stm32cubeide_1.14.0/plugins/com.st.stm32cube.ide.mcu.externaltools.gnu-tools-for-stm32.11.3.rel1.linux64_1.1.100.202309141235/tools/bin/../lib/gcc/arm-none-eabi/11.3.1/thumb/v7-m/nofp/crtbegin.o

.rodata         0x00000000080069e0       0x8c
                0x00000000080069e0                . = ALIGN (0x4)
 *(.rodata)
 .rodata        0x00000000080069e0        0x6 ./Core/Src/ADXL.o
 *fill*         0x00000000080069e6        0x2 
 .rodata        0x00000000080069e8       0x50 ./Core/Src/freertos.o
 .rodata        0x0000000008006a38        0x5 ./Middlewares/Third_Party/FreeRTOS/Source/tasks.o
 *(.rodata*)
 *fill*         0x0000000008006a3d        0x3 
 .rodata.AHBPrescTable
                0x0000000008006a40       0x10 ./Core/Src/system_stm32f1xx.o
                0x0000000008006a40                AHBPrescTable
 .rodata.APBPrescTable
                0x0000000008006a50        0x8 ./Core/Src/system_stm32f1xx.o
                0x0000000008006a50                APBPrescTable
 .rodata.aPLLMULFactorTable.1
                0x0000000008006a58       0x10 ./Drivers/STM32F1xx_HAL_Driver/Src/stm32f1xx_hal_rcc.o
 .rodata.aPredivFactorTable.0
                0x0000000008006a68        0x2 ./Drivers/STM32F1xx_HAL_Driver/Src/stm32f1xx_hal_rcc.o
                0x0000000008006a6c                . = ALIGN (0x4)
 *fill*         0x0000000008006a6a        0x2 

.rel.dyn        0x0000000008006a6c        0x0
 .rel.iplt      0x0000000008006a6c        0x0 /opt/st/stm32cubeide_1.14.0/plugins/com.st.stm32cube.ide.mcu.externaltools.gnu-tools-for-stm32.11.3.rel1.linux64_1.1.100.202309141235/tools/bin/../lib/gcc/arm-none-eabi/11.3.1/thumb/v7-m/nofp/crtbegin.o

.ARM.extab      0x0000000008006a6c        0x0
                0x0000000008006a6c                . = ALIGN (0x4)
 *(.ARM.extab* .gnu.linkonce.armextab.*)
                0x0000000008006a6c                . = ALIGN (0x4)

.ARM            0x0000000008006a6c        0x0
                0x0000000008006a6c                . = ALIGN (0x4)
                0x0000000008006a6c                __exidx_start = .
 *(.ARM.exidx*)
                0x0000000008006a6c                __exidx_end = .
                0x0000000008006a6c                . = ALIGN (0x4)

.preinit_array  0x0000000008006a6c        0x0
                0x0000000008006a6c                . = ALIGN (0x4)
                0x0000000008006a6c                PROVIDE (__preinit_array_start = .)
 *(.preinit_array*)
                0x0000000008006a6c                PROVIDE (__preinit_array_end = .)
                0x0000000008006a6c                . = ALIGN (0x4)

.init_array     0x0000000008006a6c        0x4
                0x0000000008006a6c                . = ALIGN (0x4)
                0x0000000008006a6c                PROVIDE (__init_array_start = .)
 *(SORT_BY_NAME(.init_array.*))
 *(.init_array*)
 .init_array    0x0000000008006a6c        0x4 /opt/st/stm32cubeide_1.14.0/plugins/com.st.stm32cube.ide.mcu.externaltools.gnu-tools-for-stm32.11.3.rel1.linux64_1.1.100.202309141235/tools/bin/../lib/gcc/arm-none-eabi/11.3.1/thumb/v7-m/nofp/crtbegin.o
                0x0000000008006a70                PROVIDE (__init_array_end = .)
                0x0000000008006a70                . = ALIGN (0x4)

.fini_array     0x0000000008006a70        0x4
                0x0000000008006a70                . = ALIGN (0x4)
                [!provide]                        PROVIDE (__fini_array_start = .)
 *(SORT_BY_NAME(.fini_array.*))
 *(.fini_array*)
 .fini_array    0x0000000008006a70        0x4 /opt/st/stm32cubeide_1.14.0/plugins/com.st.stm32cube.ide.mcu.externaltools.gnu-tools-for-stm32.11.3.rel1.linux64_1.1.100.202309141235/tools/bin/../lib/gcc/arm-none-eabi/11.3.1/thumb/v7-m/nofp/crtbegin.o
                [!provide]                        PROVIDE (__fini_array_end = .)
                0x0000000008006a74                . = ALIGN (0x4)
                0x0000000008006a74                _sidata = LOADADDR (.data)

.data           0x0000000020000000       0x60 load address 0x0000000008006a74
                0x0000000020000000                . = ALIGN (0x4)
                0x0000000020000000                _sdata = .
 *(.data)
 *(.data*)
 .data.SystemCoreClock
                0x0000000020000000        0x4 ./Core/Src/system_stm32f1xx.o
                0x0000000020000000                SystemCoreClock
 .data.uwTickPrio
                0x0000000020000004        0x4 ./Drivers/STM32F1xx_HAL_Driver/Src/stm32f1xx_hal.o
                0x0000000020000004                uwTickPrio
 .data.uwTickFreq
                0x0000000020000008        0x1 ./Drivers/STM32F1xx_HAL_Driver/Src/stm32f1xx_hal.o
                0x0000000020000008                uwTickFreq
 *fill*         0x0000000020000009        0x3 
 .data.uxCriticalNesting
                0x000000002000000c        0x4 ./Middlewares/Third_Party/FreeRTOS/Source/portable/GCC/ARM_CM3/port.o
 .data._impure_data
                0x0000000020000010       0x4c /opt/st/stm32cubeide_1.14.0/plugins/com.st.stm32cube.ide.mcu.externaltools.gnu-tools-for-stm32.11.3.rel1.linux64_1.1.100.202309141235/tools/bin/../lib/gcc/arm-none-eabi/11.3.1/../../../../arm-none-eabi/lib/thumb/v7-m/nofp/libc_nano.a(libc_a-impure.o)
                0x0000000020000010                _impure_data
 .data._impure_ptr
                0x000000002000005c        0x4 /opt/st/stm32cubeide_1.14.0/plugins/com.st.stm32cube.ide.mcu.externaltools.gnu-tools-for-stm32.11.3.rel1.linux64_1.1.100.202309141235/tools/bin/../lib/gcc/arm-none-eabi/11.3.1/../../../../arm-none-eabi/lib/thumb/v7-m/nofp/libc_nano.a(libc_a-impure.o)
                0x000000002000005c                _impure_ptr
 *(.RamFunc)
 *(.RamFunc*)
                0x0000000020000060                . = ALIGN (0x4)
                0x0000000020000060                _edata = .

.igot.plt       0x0000000020000060        0x0 load address 0x0000000008006ad4
 .igot.plt      0x0000000020000060        0x0 /opt/st/stm32cubeide_1.14.0/plugins/com.st.stm32cube.ide.mcu.externaltools.gnu-tools-for-stm32.11.3.rel1.linux64_1.1.100.202309141235/tools/bin/../lib/gcc/arm-none-eabi/11.3.1/thumb/v7-m/nofp/crtbegin.o
                0x0000000020000060                . = ALIGN (0x4)

.bss            0x0000000020000060     0x12b4 load address 0x0000000008006ad4
                0x0000000020000060                _sbss = .
                0x0000000020000060                __bss_start__ = _sbss
 *(.bss)
 .bss           0x0000000020000060       0x1c /opt/st/stm32cubeide_1.14.0/plugins/com.st.stm32cube.ide.mcu.externaltools.gnu-tools-for-stm32.11.3.rel1.linux64_1.1.100.202309141235/tools/bin/../lib/gcc/arm-none-eabi/11.3.1/thumb/v7-m/nofp/crtbegin.o
 *(.bss*)
 .bss.ADXL_InitStruct
                0x000000002000007c        0xb ./Core/Src/ADXL.o
                0x000000002000007c                ADXL_InitStruct
 *fill*         0x0000000020000087        0x1 
 .bss.ADXL_acc  0x0000000020000088        0xc ./Core/Src/ADXL.o
                0x0000000020000088                ADXL_acc
 .bss.GAINX     0x0000000020000094        0x4 ./Core/Src/ADXL.o
 .bss.GAINY     0x0000000020000098        0x4 ./Core/Src/ADXL.o
 .bss.GAINZ     0x000000002000009c        0x4 ./Core/Src/ADXL.o
 .bss.double_tap_count
                0x00000000200000a0        0x2 ./Core/Src/Accelerometer.o
                0x00000000200000a0                double_tap_count
 *fill*         0x00000000200000a2        0x2 
 .bss.defaultTaskHandle
                0x00000000200000a4        0x4 ./Core/Src/freertos.o
                0x00000000200000a4                defaultTaskHandle
 .bss.ReadAccelHandle
                0x00000000200000a8        0x4 ./Core/Src/freertos.o
                0x00000000200000a8                ReadAccelHandle
 .bss.AccelDataReadyHandle
                0x00000000200000ac        0x4 ./Core/Src/freertos.o
                0x00000000200000ac                AccelDataReadyHandle
 .bss.xIdleTaskTCBBuffer
                0x00000000200000b0       0xa4 ./Core/Src/freertos.o
 .bss.xIdleStack
                0x0000000020000154      0x200 ./Core/Src/freertos.o
 .bss.hspi1     0x0000000020000354       0x58 ./Core/Src/spi.o
                0x0000000020000354                hspi1
 .bss.htim1     0x00000000200003ac       0x48 ./Core/Src/stm32f1xx_hal_timebase_tim.o
                0x00000000200003ac                htim1
 .bss.htim2     0x00000000200003f4       0x48 ./Core/Src/tim.o
                0x00000000200003f4                htim2
 .bss.huart1    0x000000002000043c       0x48 ./Core/Src/usart.o
                0x000000002000043c                huart1
 .bss.uwTick    0x0000000020000484        0x4 ./Drivers/STM32F1xx_HAL_Driver/Src/stm32f1xx_hal.o
                0x0000000020000484                uwTick
 .bss.pxCurrentTCB
                0x0000000020000488        0x4 ./Middlewares/Third_Party/FreeRTOS/Source/tasks.o
                0x0000000020000488                pxCurrentTCB
 .bss.pxReadyTasksLists
                0x000000002000048c       0x8c ./Middlewares/Third_Party/FreeRTOS/Source/tasks.o
 .bss.xDelayedTaskList1
                0x0000000020000518       0x14 ./Middlewares/Third_Party/FreeRTOS/Source/tasks.o
 .bss.xDelayedTaskList2
                0x000000002000052c       0x14 ./Middlewares/Third_Party/FreeRTOS/Source/tasks.o
 .bss.pxDelayedTaskList
                0x0000000020000540        0x4 ./Middlewares/Third_Party/FreeRTOS/Source/tasks.o
 .bss.pxOverflowDelayedTaskList
                0x0000000020000544        0x4 ./Middlewares/Third_Party/FreeRTOS/Source/tasks.o
 .bss.xPendingReadyList
                0x0000000020000548       0x14 ./Middlewares/Third_Party/FreeRTOS/Source/tasks.o
 .bss.xTasksWaitingTermination
                0x000000002000055c       0x14 ./Middlewares/Third_Party/FreeRTOS/Source/tasks.o
 .bss.uxDeletedTasksWaitingCleanUp
                0x0000000020000570        0x4 ./Middlewares/Third_Party/FreeRTOS/Source/tasks.o
 .bss.xSuspendedTaskList
                0x0000000020000574       0x14 ./Middlewares/Third_Party/FreeRTOS/Source/tasks.o
 .bss.uxCurrentNumberOfTasks
                0x0000000020000588        0x4 ./Middlewares/Third_Party/FreeRTOS/Source/tasks.o
 .bss.xTickCount
                0x000000002000058c        0x4 ./Middlewares/Third_Party/FreeRTOS/Source/tasks.o
 .bss.uxTopReadyPriority
                0x0000000020000590        0x4 ./Middlewares/Third_Party/FreeRTOS/Source/tasks.o
 .bss.xSchedulerRunning
                0x0000000020000594        0x4 ./Middlewares/Third_Party/FreeRTOS/Source/tasks.o
 .bss.uxPendedTicks
                0x0000000020000598        0x4 ./Middlewares/Third_Party/FreeRTOS/Source/tasks.o
 .bss.xYieldPending
                0x000000002000059c        0x4 ./Middlewares/Third_Party/FreeRTOS/Source/tasks.o
 .bss.xNumOfOverflows
                0x00000000200005a0        0x4 ./Middlewares/Third_Party/FreeRTOS/Source/tasks.o
 .bss.uxTaskNumber
                0x00000000200005a4        0x4 ./Middlewares/Third_Party/FreeRTOS/Source/tasks.o
 .bss.xNextTaskUnblockTime
                0x00000000200005a8        0x4 ./Middlewares/Third_Party/FreeRTOS/Source/tasks.o
 .bss.xIdleTaskHandle
                0x00000000200005ac        0x4 ./Middlewares/Third_Party/FreeRTOS/Source/tasks.o
 .bss.uxSchedulerSuspended
                0x00000000200005b0        0x4 ./Middlewares/Third_Party/FreeRTOS/Source/tasks.o
 .bss.ucMaxSysCallPriority
                0x00000000200005b4        0x1 ./Middlewares/Third_Party/FreeRTOS/Source/portable/GCC/ARM_CM3/port.o
 *fill*         0x00000000200005b5        0x3 
 .bss.ulMaxPRIGROUPValue
                0x00000000200005b8        0x4 ./Middlewares/Third_Party/FreeRTOS/Source/portable/GCC/ARM_CM3/port.o
 .bss.ucHeap    0x00000000200005bc      0xc00 ./Middlewares/Third_Party/FreeRTOS/Source/portable/MemMang/heap_4.o
 .bss.xStart    0x00000000200011bc        0x8 ./Middlewares/Third_Party/FreeRTOS/Source/portable/MemMang/heap_4.o
 .bss.pxEnd     0x00000000200011c4        0x4 ./Middlewares/Third_Party/FreeRTOS/Source/portable/MemMang/heap_4.o
 .bss.xFreeBytesRemaining
                0x00000000200011c8        0x4 ./Middlewares/Third_Party/FreeRTOS/Source/portable/MemMang/heap_4.o
 .bss.xMinimumEverFreeBytesRemaining
                0x00000000200011cc        0x4 ./Middlewares/Third_Party/FreeRTOS/Source/portable/MemMang/heap_4.o
 .bss.xBlockAllocatedBit
                0x00000000200011d0        0x4 ./Middlewares/Third_Party/FreeRTOS/Source/portable/MemMang/heap_4.o
 .bss.__sf      0x00000000200011d4      0x138 /opt/st/stm32cubeide_1.14.0/plugins/com.st.stm32cube.ide.mcu.externaltools.gnu-tools-for-stm32.11.3.rel1.linux64_1.1.100.202309141235/tools/bin/../lib/gcc/arm-none-eabi/11.3.1/../../../../arm-none-eabi/lib/thumb/v7-m/nofp/libc_nano.a(libc_a-findfp.o)
                0x00000000200011d4                __sf
 .bss.__lock___malloc_recursive_mutex
                0x000000002000130c        0x1 /opt/st/stm32cubeide_1.14.0/plugins/com.st.stm32cube.ide.mcu.externaltools.gnu-tools-for-stm32.11.3.rel1.linux64_1.1.100.202309141235/tools/bin/../lib/gcc/arm-none-eabi/11.3.1/../../../../arm-none-eabi/lib/thumb/v7-m/nofp/libc_nano.a(libc_a-lock.o)
                0x000000002000130c                __lock___malloc_recursive_mutex
 *fill*         0x000000002000130d        0x3 
 .bss.__malloc_free_list
                0x0000000020001310        0x4 /opt/st/stm32cubeide_1.14.0/plugins/com.st.stm32cube.ide.mcu.externaltools.gnu-tools-for-stm32.11.3.rel1.linux64_1.1.100.202309141235/tools/bin/../lib/gcc/arm-none-eabi/11.3.1/../../../../arm-none-eabi/lib/thumb/v7-m/nofp/libc_nano.a(libc_a-mallocr.o)
                0x0000000020001310                __malloc_free_list
 *(COMMON)
                0x0000000020001314                . = ALIGN (0x4)
                0x0000000020001314                _ebss = .
                0x0000000020001314                __bss_end__ = _ebss

._user_heap_stack
                0x0000000020001314      0x604 load address 0x0000000008006ad4
                0x0000000020001318                . = ALIGN (0x8)
 *fill*         0x0000000020001314        0x4 
                [!provide]                        PROVIDE (end = .)
                0x0000000020001318                PROVIDE (_end = .)
                0x0000000020001518                . = (. + _Min_Heap_Size)
 *fill*         0x0000000020001318      0x200 
                0x0000000020001918                . = (. + _Min_Stack_Size)
 *fill*         0x0000000020001518      0x400 
                0x0000000020001918                . = ALIGN (0x8)

/DISCARD/
 libc.a(*)
 libm.a(*)
 libgcc.a(*)

.ARM.attributes
                0x0000000000000000       0x29
 *(.ARM.attributes)
 .ARM.attributes
                0x0000000000000000       0x1d /opt/st/stm32cubeide_1.14.0/plugins/com.st.stm32cube.ide.mcu.externaltools.gnu-tools-for-stm32.11.3.rel1.linux64_1.1.100.202309141235/tools/bin/../lib/gcc/arm-none-eabi/11.3.1/thumb/v7-m/nofp/crti.o
 .ARM.attributes
                0x000000000000001d       0x2d /opt/st/stm32cubeide_1.14.0/plugins/com.st.stm32cube.ide.mcu.externaltools.gnu-tools-for-stm32.11.3.rel1.linux64_1.1.100.202309141235/tools/bin/../lib/gcc/arm-none-eabi/11.3.1/thumb/v7-m/nofp/crtbegin.o
 .ARM.attributes
                0x000000000000004a       0x2d ./Core/Src/ADXL.o
 .ARM.attributes
                0x0000000000000077       0x2d ./Core/Src/Accelerometer.o
 .ARM.attributes
                0x00000000000000a4       0x2d ./Core/Src/freertos.o
 .ARM.attributes
                0x00000000000000d1       0x2d ./Core/Src/gpio.o
 .ARM.attributes
                0x00000000000000fe       0x2d ./Core/Src/main.o
 .ARM.attributes
                0x000000000000012b       0x2d ./Core/Src/spi.o
 .ARM.attributes
                0x0000000000000158       0x2d ./Core/Src/stm32f1xx_hal_msp.o
 .ARM.attributes
                0x0000000000000185       0x2d ./Core/Src/stm32f1xx_hal_timebase_tim.o
 .ARM.attributes
                0x00000000000001b2       0x2d ./Core/Src/stm32f1xx_it.o
 .ARM.attributes
                0x00000000000001df       0x2d ./Core/Src/system_stm32f1xx.o
 .ARM.attributes
                0x000000000000020c       0x2d ./Core/Src/tim.o
 .ARM.attributes
                0x0000000000000239       0x2d ./Core/Src/usart.o
 .ARM.attributes
                0x0000000000000266       0x21 ./Core/Startup/startup_stm32f103c8tx.o
 .ARM.attributes
                0x0000000000000287       0x2d ./Drivers/STM32F1xx_HAL_Driver/Src/stm32f1xx_hal.o
 .ARM.attributes
                0x00000000000002b4       0x2d ./Drivers/STM32F1xx_HAL_Driver/Src/stm32f1xx_hal_cortex.o
 .ARM.attributes
                0x00000000000002e1       0x2d ./Drivers/STM32F1xx_HAL_Driver/Src/stm32f1xx_hal_gpio.o
 .ARM.attributes
                0x000000000000030e       0x2d ./Drivers/STM32F1xx_HAL_Driver/Src/stm32f1xx_hal_rcc.o
 .ARM.attributes
                0x000000000000033b       0x2d ./Drivers/STM32F1xx_HAL_Driver/Src/stm32f1xx_hal_spi.o
 .ARM.attributes
                0x0000000000000368       0x2d ./Drivers/STM32F1xx_HAL_Driver/Src/stm32f1xx_hal_tim.o
 .ARM.attributes
                0x0000000000000395       0x2d ./Drivers/STM32F1xx_HAL_Driver/Src/stm32f1xx_hal_tim_ex.o
 .ARM.attributes
                0x00000000000003c2       0x2d ./Drivers/STM32F1xx_HAL_Driver/Src/stm32f1xx_hal_uart.o
 .ARM.attributes
                0x00000000000003ef       0x2d ./Middlewares/Third_Party/FreeRTOS/Source/CMSIS_RTOS/cmsis_os.o
 .ARM.attributes
                0x000000000000041c       0x2d ./Middlewares/Third_Party/FreeRTOS/Source/list.o
 .ARM.attributes
                0x0000000000000449       0x2d ./Middlewares/Third_Party/FreeRTOS/Source/queue.o
 .ARM.attributes
                0x0000000000000476       0x2d ./Middlewares/Third_Party/FreeRTOS/Source/tasks.o
 .ARM.attributes
                0x00000000000004a3       0x2d ./Middlewares/Third_Party/FreeRTOS/Source/portable/GCC/ARM_CM3/port.o
 .ARM.attributes
                0x00000000000004d0       0x2d ./Middlewares/Third_Party/FreeRTOS/Source/portable/MemMang/heap_4.o
 .ARM.attributes
                0x00000000000004fd       0x2d /opt/st/stm32cubeide_1.14.0/plugins/com.st.stm32cube.ide.mcu.externaltools.gnu-tools-for-stm32.11.3.rel1.linux64_1.1.100.202309141235/tools/bin/../lib/gcc/arm-none-eabi/11.3.1/../../../../arm-none-eabi/lib/thumb/v7-m/nofp/libc_nano.a(libc_a-findfp.o)
 .ARM.attributes
                0x000000000000052a       0x2d /opt/st/stm32cubeide_1.14.0/plugins/com.st.stm32cube.ide.mcu.externaltools.gnu-tools-for-stm32.11.3.rel1.linux64_1.1.100.202309141235/tools/bin/../lib/gcc/arm-none-eabi/11.3.1/../../../../arm-none-eabi/lib/thumb/v7-m/nofp/libc_nano.a(libc_a-memset.o)
 .ARM.attributes
                0x0000000000000557       0x2d /opt/st/stm32cubeide_1.14.0/plugins/com.st.stm32cube.ide.mcu.externaltools.gnu-tools-for-stm32.11.3.rel1.linux64_1.1.100.202309141235/tools/bin/../lib/gcc/arm-none-eabi/11.3.1/../../../../arm-none-eabi/lib/thumb/v7-m/nofp/libc_nano.a(libc_a-reent.o)
 .ARM.attributes
                0x0000000000000584       0x2d /opt/st/stm32cubeide_1.14.0/plugins/com.st.stm32cube.ide.mcu.externaltools.gnu-tools-for-stm32.11.3.rel1.linux64_1.1.100.202309141235/tools/bin/../lib/gcc/arm-none-eabi/11.3.1/../../../../arm-none-eabi/lib/thumb/v7-m/nofp/libc_nano.a(libc_a-impure.o)
 .ARM.attributes
                0x00000000000005b1       0x2d /opt/st/stm32cubeide_1.14.0/plugins/com.st.stm32cube.ide.mcu.externaltools.gnu-tools-for-stm32.11.3.rel1.linux64_1.1.100.202309141235/tools/bin/../lib/gcc/arm-none-eabi/11.3.1/../../../../arm-none-eabi/lib/thumb/v7-m/nofp/libc_nano.a(libc_a-init.o)
 .ARM.attributes
                0x00000000000005de       0x2d /opt/st/stm32cubeide_1.14.0/plugins/com.st.stm32cube.ide.mcu.externaltools.gnu-tools-for-stm32.11.3.rel1.linux64_1.1.100.202309141235/tools/bin/../lib/gcc/arm-none-eabi/11.3.1/../../../../arm-none-eabi/lib/thumb/v7-m/nofp/libc_nano.a(libc_a-lock.o)
 .ARM.attributes
                0x000000000000060b       0x2d /opt/st/stm32cubeide_1.14.0/plugins/com.st.stm32cube.ide.mcu.externaltools.gnu-tools-for-stm32.11.3.rel1.linux64_1.1.100.202309141235/tools/bin/../lib/gcc/arm-none-eabi/11.3.1/../../../../arm-none-eabi/lib/thumb/v7-m/nofp/libc_nano.a(libc_a-memcpy-stub.o)
 .ARM.attributes
                0x0000000000000638       0x2d /opt/st/stm32cubeide_1.14.0/plugins/com.st.stm32cube.ide.mcu.externaltools.gnu-tools-for-stm32.11.3.rel1.linux64_1.1.100.202309141235/tools/bin/../lib/gcc/arm-none-eabi/11.3.1/../../../../arm-none-eabi/lib/thumb/v7-m/nofp/libc_nano.a(libc_a-freer.o)
 .ARM.attributes
                0x0000000000000665       0x2d /opt/st/stm32cubeide_1.14.0/plugins/com.st.stm32cube.ide.mcu.externaltools.gnu-tools-for-stm32.11.3.rel1.linux64_1.1.100.202309141235/tools/bin/../lib/gcc/arm-none-eabi/11.3.1/../../../../arm-none-eabi/lib/thumb/v7-m/nofp/libc_nano.a(libc_a-mallocr.o)
 .ARM.attributes
                0x0000000000000692       0x2d /opt/st/stm32cubeide_1.14.0/plugins/com.st.stm32cube.ide.mcu.externaltools.gnu-tools-for-stm32.11.3.rel1.linux64_1.1.100.202309141235/tools/bin/../lib/gcc/arm-none-eabi/11.3.1/../../../../arm-none-eabi/lib/thumb/v7-m/nofp/libc_nano.a(libc_a-mlock.o)
 .ARM.attributes
                0x00000000000006bf       0x1d /opt/st/stm32cubeide_1.14.0/plugins/com.st.stm32cube.ide.mcu.externaltools.gnu-tools-for-stm32.11.3.rel1.linux64_1.1.100.202309141235/tools/bin/../lib/gcc/arm-none-eabi/11.3.1/thumb/v7-m/nofp/libgcc.a(_arm_muldf3.o)
 .ARM.attributes
                0x00000000000006dc       0x1d /opt/st/stm32cubeide_1.14.0/plugins/com.st.stm32cube.ide.mcu.externaltools.gnu-tools-for-stm32.11.3.rel1.linux64_1.1.100.202309141235/tools/bin/../lib/gcc/arm-none-eabi/11.3.1/thumb/v7-m/nofp/libgcc.a(_arm_mulsf3.o)
 .ARM.attributes
                0x00000000000006f9       0x1d /opt/st/stm32cubeide_1.14.0/plugins/com.st.stm32cube.ide.mcu.externaltools.gnu-tools-for-stm32.11.3.rel1.linux64_1.1.100.202309141235/tools/bin/../lib/gcc/arm-none-eabi/11.3.1/thumb/v7-m/nofp/libgcc.a(_arm_addsubdf3.o)
 .ARM.attributes
                0x0000000000000716       0x1d /opt/st/stm32cubeide_1.14.0/plugins/com.st.stm32cube.ide.mcu.externaltools.gnu-tools-for-stm32.11.3.rel1.linux64_1.1.100.202309141235/tools/bin/../lib/gcc/arm-none-eabi/11.3.1/thumb/v7-m/nofp/libgcc.a(_arm_fixdfsi.o)
 .ARM.attributes
                0x0000000000000733       0x1d /opt/st/stm32cubeide_1.14.0/plugins/com.st.stm32cube.ide.mcu.externaltools.gnu-tools-for-stm32.11.3.rel1.linux64_1.1.100.202309141235/tools/bin/../lib/gcc/arm-none-eabi/11.3.1/thumb/v7-m/nofp/libgcc.a(_arm_addsubsf3.o)
 .ARM.attributes
                0x0000000000000750       0x1d /opt/st/stm32cubeide_1.14.0/plugins/com.st.stm32cube.ide.mcu.externaltools.gnu-tools-for-stm32.11.3.rel1.linux64_1.1.100.202309141235/tools/bin/../lib/gcc/arm-none-eabi/11.3.1/thumb/v7-m/nofp/crtn.o
OUTPUT(F103C8T6_ACL.elf elf32-littlearm)
LOAD linker stubs
LOAD /opt/st/stm32cubeide_1.14.0/plugins/com.st.stm32cube.ide.mcu.externaltools.gnu-tools-for-stm32.11.3.rel1.linux64_1.1.100.202309141235/tools/bin/../lib/gcc/arm-none-eabi/11.3.1/../../../../arm-none-eabi/lib/thumb/v7-m/nofp/libc.a
LOAD /opt/st/stm32cubeide_1.14.0/plugins/com.st.stm32cube.ide.mcu.externaltools.gnu-tools-for-stm32.11.3.rel1.linux64_1.1.100.202309141235/tools/bin/../lib/gcc/arm-none-eabi/11.3.1/../../../../arm-none-eabi/lib/thumb/v7-m/nofp/libm.a
LOAD /opt/st/stm32cubeide_1.14.0/plugins/com.st.stm32cube.ide.mcu.externaltools.gnu-tools-for-stm32.11.3.rel1.linux64_1.1.100.202309141235/tools/bin/../lib/gcc/arm-none-eabi/11.3.1/thumb/v7-m/nofp/libgcc.a

.comment        0x0000000000000000       0x43
 .comment       0x0000000000000000       0x43 /opt/st/stm32cubeide_1.14.0/plugins/com.st.stm32cube.ide.mcu.externaltools.gnu-tools-for-stm32.11.3.rel1.linux64_1.1.100.202309141235/tools/bin/../lib/gcc/arm-none-eabi/11.3.1/thumb/v7-m/nofp/crtbegin.o
                                         0x44 (size before relaxing)
 .comment       0x0000000000000043       0x44 ./Core/Src/ADXL.o
 .comment       0x0000000000000043       0x44 ./Core/Src/Accelerometer.o
 .comment       0x0000000000000043       0x44 ./Core/Src/freertos.o
 .comment       0x0000000000000043       0x44 ./Core/Src/gpio.o
 .comment       0x0000000000000043       0x44 ./Core/Src/main.o
 .comment       0x0000000000000043       0x44 ./Core/Src/spi.o
 .comment       0x0000000000000043       0x44 ./Core/Src/stm32f1xx_hal_msp.o
 .comment       0x0000000000000043       0x44 ./Core/Src/stm32f1xx_hal_timebase_tim.o
 .comment       0x0000000000000043       0x44 ./Core/Src/stm32f1xx_it.o
 .comment       0x0000000000000043       0x44 ./Core/Src/system_stm32f1xx.o
 .comment       0x0000000000000043       0x44 ./Core/Src/tim.o
 .comment       0x0000000000000043       0x44 ./Core/Src/usart.o
 .comment       0x0000000000000043       0x44 ./Drivers/STM32F1xx_HAL_Driver/Src/stm32f1xx_hal.o
 .comment       0x0000000000000043       0x44 ./Drivers/STM32F1xx_HAL_Driver/Src/stm32f1xx_hal_cortex.o
 .comment       0x0000000000000043       0x44 ./Drivers/STM32F1xx_HAL_Driver/Src/stm32f1xx_hal_gpio.o
 .comment       0x0000000000000043       0x44 ./Drivers/STM32F1xx_HAL_Driver/Src/stm32f1xx_hal_rcc.o
 .comment       0x0000000000000043       0x44 ./Drivers/STM32F1xx_HAL_Driver/Src/stm32f1xx_hal_spi.o
 .comment       0x0000000000000043       0x44 ./Drivers/STM32F1xx_HAL_Driver/Src/stm32f1xx_hal_tim.o
 .comment       0x0000000000000043       0x44 ./Drivers/STM32F1xx_HAL_Driver/Src/stm32f1xx_hal_tim_ex.o
 .comment       0x0000000000000043       0x44 ./Drivers/STM32F1xx_HAL_Driver/Src/stm32f1xx_hal_uart.o
 .comment       0x0000000000000043       0x44 ./Middlewares/Third_Party/FreeRTOS/Source/CMSIS_RTOS/cmsis_os.o
 .comment       0x0000000000000043       0x44 ./Middlewares/Third_Party/FreeRTOS/Source/list.o
 .comment       0x0000000000000043       0x44 ./Middlewares/Third_Party/FreeRTOS/Source/queue.o
 .comment       0x0000000000000043       0x44 ./Middlewares/Third_Party/FreeRTOS/Source/tasks.o
 .comment       0x0000000000000043       0x44 ./Middlewares/Third_Party/FreeRTOS/Source/portable/GCC/ARM_CM3/port.o
 .comment       0x0000000000000043       0x44 ./Middlewares/Third_Party/FreeRTOS/Source/portable/MemMang/heap_4.o

.debug_info     0x0000000000000000    0x16e24
 .debug_info    0x0000000000000000      0xf05 ./Core/Src/ADXL.o
 .debug_info    0x0000000000000f05      0x9c6 ./Core/Src/Accelerometer.o
 .debug_info    0x00000000000018cb      0xe9d ./Core/Src/freertos.o
 .debug_info    0x0000000000002768      0x44e ./Core/Src/gpio.o
 .debug_info    0x0000000000002bb6      0x9be ./Core/Src/main.o
 .debug_info    0x0000000000003574      0x7b2 ./Core/Src/spi.o
 .debug_info    0x0000000000003d26      0x361 ./Core/Src/stm32f1xx_hal_msp.o
 .debug_info    0x0000000000004087      0x99a ./Core/Src/stm32f1xx_hal_timebase_tim.o
 .debug_info    0x0000000000004a21      0x6ca ./Core/Src/stm32f1xx_it.o
 .debug_info    0x00000000000050eb      0x222 ./Core/Src/system_stm32f1xx.o
 .debug_info    0x000000000000530d      0x9bb ./Core/Src/tim.o
 .debug_info    0x0000000000005cc8      0x798 ./Core/Src/usart.o
 .debug_info    0x0000000000006460       0x23 ./Core/Startup/startup_stm32f103c8tx.o
 .debug_info    0x0000000000006483      0x704 ./Drivers/STM32F1xx_HAL_Driver/Src/stm32f1xx_hal.o
 .debug_info    0x0000000000006b87      0xa87 ./Drivers/STM32F1xx_HAL_Driver/Src/stm32f1xx_hal_cortex.o
 .debug_info    0x000000000000760e      0x5ab ./Drivers/STM32F1xx_HAL_Driver/Src/stm32f1xx_hal_gpio.o
 .debug_info    0x0000000000007bb9      0x7d5 ./Drivers/STM32F1xx_HAL_Driver/Src/stm32f1xx_hal_rcc.o
 .debug_info    0x000000000000838e     0x1503 ./Drivers/STM32F1xx_HAL_Driver/Src/stm32f1xx_hal_spi.o
 .debug_info    0x0000000000009891     0x293b ./Drivers/STM32F1xx_HAL_Driver/Src/stm32f1xx_hal_tim.o
 .debug_info    0x000000000000c1cc     0x149b ./Drivers/STM32F1xx_HAL_Driver/Src/stm32f1xx_hal_tim_ex.o
 .debug_info    0x000000000000d667     0x2fa8 ./Drivers/STM32F1xx_HAL_Driver/Src/stm32f1xx_hal_uart.o
 .debug_info    0x000000000001060f     0x21cc ./Middlewares/Third_Party/FreeRTOS/Source/CMSIS_RTOS/cmsis_os.o
 .debug_info    0x00000000000127db      0x2aa ./Middlewares/Third_Party/FreeRTOS/Source/list.o
 .debug_info    0x0000000000012a85     0x1722 ./Middlewares/Third_Party/FreeRTOS/Source/queue.o
 .debug_info    0x00000000000141a7     0x2409 ./Middlewares/Third_Party/FreeRTOS/Source/tasks.o
 .debug_info    0x00000000000165b0      0x4b1 ./Middlewares/Third_Party/FreeRTOS/Source/portable/GCC/ARM_CM3/port.o
 .debug_info    0x0000000000016a61      0x3c3 ./Middlewares/Third_Party/FreeRTOS/Source/portable/MemMang/heap_4.o

.debug_abbrev   0x0000000000000000     0x3bdb
 .debug_abbrev  0x0000000000000000      0x2ce ./Core/Src/ADXL.o
 .debug_abbrev  0x00000000000002ce      0x214 ./Core/Src/Accelerometer.o
 .debug_abbrev  0x00000000000004e2      0x264 ./Core/Src/freertos.o
 .debug_abbrev  0x0000000000000746      0x161 ./Core/Src/gpio.o
 .debug_abbrev  0x00000000000008a7      0x265 ./Core/Src/main.o
 .debug_abbrev  0x0000000000000b0c      0x1e0 ./Core/Src/spi.o
 .debug_abbrev  0x0000000000000cec      0x11c ./Core/Src/stm32f1xx_hal_msp.o
 .debug_abbrev  0x0000000000000e08      0x1f3 ./Core/Src/stm32f1xx_hal_timebase_tim.o
 .debug_abbrev  0x0000000000000ffb      0x195 ./Core/Src/stm32f1xx_it.o
 .debug_abbrev  0x0000000000001190      0x13f ./Core/Src/system_stm32f1xx.o
 .debug_abbrev  0x00000000000012cf      0x20e ./Core/Src/tim.o
 .debug_abbrev  0x00000000000014dd      0x1e6 ./Core/Src/usart.o
 .debug_abbrev  0x00000000000016c3       0x12 ./Core/Startup/startup_stm32f103c8tx.o
 .debug_abbrev  0x00000000000016d5      0x201 ./Drivers/STM32F1xx_HAL_Driver/Src/stm32f1xx_hal.o
 .debug_abbrev  0x00000000000018d6      0x2f8 ./Drivers/STM32F1xx_HAL_Driver/Src/stm32f1xx_hal_cortex.o
 .debug_abbrev  0x0000000000001bce      0x1ca ./Drivers/STM32F1xx_HAL_Driver/Src/stm32f1xx_hal_gpio.o
 .debug_abbrev  0x0000000000001d98      0x2b3 ./Drivers/STM32F1xx_HAL_Driver/Src/stm32f1xx_hal_rcc.o
 .debug_abbrev  0x000000000000204b      0x284 ./Drivers/STM32F1xx_HAL_Driver/Src/stm32f1xx_hal_spi.o
 .debug_abbrev  0x00000000000022cf      0x277 ./Drivers/STM32F1xx_HAL_Driver/Src/stm32f1xx_hal_tim.o
 .debug_abbrev  0x0000000000002546      0x282 ./Drivers/STM32F1xx_HAL_Driver/Src/stm32f1xx_hal_tim_ex.o
 .debug_abbrev  0x00000000000027c8      0x2f8 ./Drivers/STM32F1xx_HAL_Driver/Src/stm32f1xx_hal_uart.o
 .debug_abbrev  0x0000000000002ac0      0x416 ./Middlewares/Third_Party/FreeRTOS/Source/CMSIS_RTOS/cmsis_os.o
 .debug_abbrev  0x0000000000002ed6       0xf5 ./Middlewares/Third_Party/FreeRTOS/Source/list.o
 .debug_abbrev  0x0000000000002fcb      0x3cd ./Middlewares/Third_Party/FreeRTOS/Source/queue.o
 .debug_abbrev  0x0000000000003398      0x3e6 ./Middlewares/Third_Party/FreeRTOS/Source/tasks.o
 .debug_abbrev  0x000000000000377e      0x258 ./Middlewares/Third_Party/FreeRTOS/Source/portable/GCC/ARM_CM3/port.o
 .debug_abbrev  0x00000000000039d6      0x205 ./Middlewares/Third_Party/FreeRTOS/Source/portable/MemMang/heap_4.o

.debug_aranges  0x0000000000000000     0x14c8
 .debug_aranges
                0x0000000000000000       0xe0 ./Core/Src/ADXL.o
 .debug_aranges
                0x00000000000000e0       0x28 ./Core/Src/Accelerometer.o
 .debug_aranges
                0x0000000000000108       0x38 ./Core/Src/freertos.o
 .debug_aranges
                0x0000000000000140       0x20 ./Core/Src/gpio.o
 .debug_aranges
                0x0000000000000160       0x50 ./Core/Src/main.o
 .debug_aranges
                0x00000000000001b0       0x30 ./Core/Src/spi.o
 .debug_aranges
                0x00000000000001e0       0x20 ./Core/Src/stm32f1xx_hal_msp.o
 .debug_aranges
                0x0000000000000200       0x30 ./Core/Src/stm32f1xx_hal_timebase_tim.o
 .debug_aranges
                0x0000000000000230       0x68 ./Core/Src/stm32f1xx_it.o
 .debug_aranges
                0x0000000000000298       0x28 ./Core/Src/system_stm32f1xx.o
 .debug_aranges
                0x00000000000002c0       0x30 ./Core/Src/tim.o
 .debug_aranges
                0x00000000000002f0       0x30 ./Core/Src/usart.o
 .debug_aranges
                0x0000000000000320       0x28 ./Core/Startup/startup_stm32f103c8tx.o
 .debug_aranges
                0x0000000000000348       0xe0 ./Drivers/STM32F1xx_HAL_Driver/Src/stm32f1xx_hal.o
 .debug_aranges
                0x0000000000000428      0x100 ./Drivers/STM32F1xx_HAL_Driver/Src/stm32f1xx_hal_cortex.o
 .debug_aranges
                0x0000000000000528       0x58 ./Drivers/STM32F1xx_HAL_Driver/Src/stm32f1xx_hal_gpio.o
 .debug_aranges
                0x0000000000000580       0x90 ./Drivers/STM32F1xx_HAL_Driver/Src/stm32f1xx_hal_rcc.o
 .debug_aranges
                0x0000000000000610      0x1d0 ./Drivers/STM32F1xx_HAL_Driver/Src/stm32f1xx_hal_spi.o
 .debug_aranges
                0x00000000000007e0      0x3d0 ./Drivers/STM32F1xx_HAL_Driver/Src/stm32f1xx_hal_tim.o
 .debug_aranges
                0x0000000000000bb0      0x168 ./Drivers/STM32F1xx_HAL_Driver/Src/stm32f1xx_hal_tim_ex.o
 .debug_aranges
                0x0000000000000d18      0x208 ./Drivers/STM32F1xx_HAL_Driver/Src/stm32f1xx_hal_uart.o
 .debug_aranges
                0x0000000000000f20      0x1d8 ./Middlewares/Third_Party/FreeRTOS/Source/CMSIS_RTOS/cmsis_os.o
 .debug_aranges
                0x00000000000010f8       0x40 ./Middlewares/Third_Party/FreeRTOS/Source/list.o
 .debug_aranges
                0x0000000000001138      0x108 ./Middlewares/Third_Party/FreeRTOS/Source/queue.o
 .debug_aranges
                0x0000000000001240      0x1c0 ./Middlewares/Third_Party/FreeRTOS/Source/tasks.o
 .debug_aranges
                0x0000000000001400       0x78 ./Middlewares/Third_Party/FreeRTOS/Source/portable/GCC/ARM_CM3/port.o
 .debug_aranges
                0x0000000000001478       0x50 ./Middlewares/Third_Party/FreeRTOS/Source/portable/MemMang/heap_4.o

.debug_rnglists
                0x0000000000000000     0x1010
 .debug_rnglists
                0x0000000000000000       0xab ./Core/Src/ADXL.o
 .debug_rnglists
                0x00000000000000ab       0x1a ./Core/Src/Accelerometer.o
 .debug_rnglists
                0x00000000000000c5       0x26 ./Core/Src/freertos.o
 .debug_rnglists
                0x00000000000000eb       0x14 ./Core/Src/gpio.o
 .debug_rnglists
                0x00000000000000ff       0x38 ./Core/Src/main.o
 .debug_rnglists
                0x0000000000000137       0x20 ./Core/Src/spi.o
 .debug_rnglists
                0x0000000000000157       0x13 ./Core/Src/stm32f1xx_hal_msp.o
 .debug_rnglists
                0x000000000000016a       0x20 ./Core/Src/stm32f1xx_hal_timebase_tim.o
 .debug_rnglists
                0x000000000000018a       0x49 ./Core/Src/stm32f1xx_it.o
 .debug_rnglists
                0x00000000000001d3       0x1a ./Core/Src/system_stm32f1xx.o
 .debug_rnglists
                0x00000000000001ed       0x20 ./Core/Src/tim.o
 .debug_rnglists
                0x000000000000020d       0x20 ./Core/Src/usart.o
 .debug_rnglists
                0x000000000000022d       0x19 ./Core/Startup/startup_stm32f103c8tx.o
 .debug_rnglists
                0x0000000000000246       0xa3 ./Drivers/STM32F1xx_HAL_Driver/Src/stm32f1xx_hal.o
 .debug_rnglists
                0x00000000000002e9       0xbb ./Drivers/STM32F1xx_HAL_Driver/Src/stm32f1xx_hal_cortex.o
 .debug_rnglists
                0x00000000000003a4       0x3f ./Drivers/STM32F1xx_HAL_Driver/Src/stm32f1xx_hal_gpio.o
 .debug_rnglists
                0x00000000000003e3       0x6c ./Drivers/STM32F1xx_HAL_Driver/Src/stm32f1xx_hal_rcc.o
 .debug_rnglists
                0x000000000000044f      0x16e ./Drivers/STM32F1xx_HAL_Driver/Src/stm32f1xx_hal_spi.o
 .debug_rnglists
                0x00000000000005bd      0x31a ./Drivers/STM32F1xx_HAL_Driver/Src/stm32f1xx_hal_tim.o
 .debug_rnglists
                0x00000000000008d7      0x125 ./Drivers/STM32F1xx_HAL_Driver/Src/stm32f1xx_hal_tim_ex.o
 .debug_rnglists
                0x00000000000009fc      0x1bc ./Drivers/STM32F1xx_HAL_Driver/Src/stm32f1xx_hal_uart.o
 .debug_rnglists
                0x0000000000000bb8      0x16a ./Middlewares/Third_Party/FreeRTOS/Source/CMSIS_RTOS/cmsis_os.o
 .debug_rnglists
                0x0000000000000d22       0x2b ./Middlewares/Third_Party/FreeRTOS/Source/list.o
 .debug_rnglists
                0x0000000000000d4d       0xcd ./Middlewares/Third_Party/FreeRTOS/Source/queue.o
 .debug_rnglists
                0x0000000000000e1a      0x165 ./Middlewares/Third_Party/FreeRTOS/Source/tasks.o
 .debug_rnglists
                0x0000000000000f7f       0x56 ./Middlewares/Third_Party/FreeRTOS/Source/portable/GCC/ARM_CM3/port.o
 .debug_rnglists
                0x0000000000000fd5       0x3b ./Middlewares/Third_Party/FreeRTOS/Source/portable/MemMang/heap_4.o

.debug_macro    0x0000000000000000    0x1b38e
 .debug_macro   0x0000000000000000      0x328 ./Core/Src/ADXL.o
 .debug_macro   0x0000000000000328      0xa9c ./Core/Src/ADXL.o
 .debug_macro   0x0000000000000dc4      0x221 ./Core/Src/ADXL.o
 .debug_macro   0x0000000000000fe5       0x2e ./Core/Src/ADXL.o
 .debug_macro   0x0000000000001013       0x22 ./Core/Src/ADXL.o
 .debug_macro   0x0000000000001035       0x22 ./Core/Src/ADXL.o
 .debug_macro   0x0000000000001057       0x8e ./Core/Src/ADXL.o
 .debug_macro   0x00000000000010e5       0x51 ./Core/Src/ADXL.o
 .debug_macro   0x0000000000001136      0x103 ./Core/Src/ADXL.o
 .debug_macro   0x0000000000001239       0x6a ./Core/Src/ADXL.o
 .debug_macro   0x00000000000012a3      0x1df ./Core/Src/ADXL.o
 .debug_macro   0x0000000000001482       0x1c ./Core/Src/ADXL.o
 .debug_macro   0x000000000000149e       0x22 ./Core/Src/ADXL.o
 .debug_macro   0x00000000000014c0       0xbd ./Core/Src/ADXL.o
 .debug_macro   0x000000000000157d      0xd23 ./Core/Src/ADXL.o
 .debug_macro   0x00000000000022a0     0xe09e ./Core/Src/ADXL.o
 .debug_macro   0x000000000001033e       0x6d ./Core/Src/ADXL.o
 .debug_macro   0x00000000000103ab     0x348d ./Core/Src/ADXL.o
 .debug_macro   0x0000000000013838      0x174 ./Core/Src/ADXL.o
 .debug_macro   0x00000000000139ac       0x5c ./Core/Src/ADXL.o
 .debug_macro   0x0000000000013a08      0x5bc ./Core/Src/ADXL.o
 .debug_macro   0x0000000000013fc4      0x289 ./Core/Src/ADXL.o
 .debug_macro   0x000000000001424d      0x1cb ./Core/Src/ADXL.o
 .debug_macro   0x0000000000014418      0x114 ./Core/Src/ADXL.o
 .debug_macro   0x000000000001452c      0x1b2 ./Core/Src/ADXL.o
 .debug_macro   0x00000000000146de       0x27 ./Core/Src/ADXL.o
 .debug_macro   0x0000000000014705      0x136 ./Core/Src/ADXL.o
 .debug_macro   0x000000000001483b      0x1bc ./Core/Src/ADXL.o
 .debug_macro   0x00000000000149f7       0x34 ./Core/Src/ADXL.o
 .debug_macro   0x0000000000014a2b       0x3c ./Core/Src/ADXL.o
 .debug_macro   0x0000000000014a67       0x57 ./Core/Src/ADXL.o
 .debug_macro   0x0000000000014abe       0x87 ./Core/Src/ADXL.o
 .debug_macro   0x0000000000014b45      0x240 ./Core/Src/ADXL.o
 .debug_macro   0x0000000000014d85      0x140 ./Core/Src/ADXL.o
 .debug_macro   0x0000000000014ec5      0x217 ./Core/Src/ADXL.o
 .debug_macro   0x00000000000150dc      0x8ed ./Core/Src/ADXL.o
 .debug_macro   0x00000000000159c9      0x28e ./Core/Src/ADXL.o
 .debug_macro   0x0000000000015c57       0x83 ./Core/Src/ADXL.o
 .debug_macro   0x0000000000015cda       0x8e ./Core/Src/ADXL.o
 .debug_macro   0x0000000000015d68       0x22 ./Core/Src/ADXL.o
 .debug_macro   0x0000000000015d8a      0x202 ./Core/Src/ADXL.o
 .debug_macro   0x0000000000015f8c       0xf1 ./Core/Src/ADXL.o
 .debug_macro   0x000000000001607d      0x15a ./Core/Src/ADXL.o
 .debug_macro   0x00000000000161d7       0xd7 ./Core/Src/ADXL.o
 .debug_macro   0x00000000000162ae       0x10 ./Core/Src/ADXL.o
 .debug_macro   0x00000000000162be       0x1f ./Core/Src/ADXL.o
 .debug_macro   0x00000000000162dd       0x61 ./Core/Src/ADXL.o
 .debug_macro   0x000000000001633e       0x24 ./Core/Src/ADXL.o
 .debug_macro   0x0000000000016362       0x43 ./Core/Src/ADXL.o
 .debug_macro   0x00000000000163a5       0x34 ./Core/Src/ADXL.o
 .debug_macro   0x00000000000163d9       0x16 ./Core/Src/ADXL.o
 .debug_macro   0x00000000000163ef       0x43 ./Core/Src/ADXL.o
 .debug_macro   0x0000000000016432       0x34 ./Core/Src/ADXL.o
 .debug_macro   0x0000000000016466       0x10 ./Core/Src/ADXL.o
 .debug_macro   0x0000000000016476       0x58 ./Core/Src/ADXL.o
 .debug_macro   0x00000000000164ce       0x8e ./Core/Src/ADXL.o
 .debug_macro   0x000000000001655c       0x1c ./Core/Src/ADXL.o
 .debug_macro   0x0000000000016578      0x177 ./Core/Src/ADXL.o
 .debug_macro   0x00000000000166ef       0x10 ./Core/Src/ADXL.o
 .debug_macro   0x00000000000166ff       0x35 ./Core/Src/ADXL.o
 .debug_macro   0x0000000000016734      0x49c ./Core/Src/ADXL.o
 .debug_macro   0x0000000000016bd0       0xb5 ./Core/Src/ADXL.o
 .debug_macro   0x0000000000016c85       0x8c ./Core/Src/ADXL.o
 .debug_macro   0x0000000000016d11       0x91 ./Core/Src/ADXL.o
 .debug_macro   0x0000000000016da2       0x8d ./Core/Src/ADXL.o
 .debug_macro   0x0000000000016e2f       0x7e ./Core/Src/ADXL.o
 .debug_macro   0x0000000000016ead       0x19 ./Core/Src/ADXL.o
 .debug_macro   0x0000000000016ec6       0xf2 ./Core/Src/ADXL.o
 .debug_macro   0x0000000000016fb8      0x3a4 ./Core/Src/Accelerometer.o
 .debug_macro   0x000000000001735c       0x5b ./Core/Src/Accelerometer.o
 .debug_macro   0x00000000000173b7       0x94 ./Core/Src/Accelerometer.o
 .debug_macro   0x000000000001744b       0x57 ./Core/Src/Accelerometer.o
 .debug_macro   0x00000000000174a2      0x369 ./Core/Src/Accelerometer.o
 .debug_macro   0x000000000001780b      0x19b ./Core/Src/Accelerometer.o
 .debug_macro   0x00000000000179a6       0xe3 ./Core/Src/Accelerometer.o
 .debug_macro   0x0000000000017a89       0x56 ./Core/Src/Accelerometer.o
 .debug_macro   0x0000000000017adf       0x88 ./Core/Src/Accelerometer.o
 .debug_macro   0x0000000000017b67       0x12 ./Core/Src/Accelerometer.o
 .debug_macro   0x0000000000017b79       0x16 ./Core/Src/Accelerometer.o
 .debug_macro   0x0000000000017b8f       0x16 ./Core/Src/Accelerometer.o
 .debug_macro   0x0000000000017ba5       0x20 ./Core/Src/Accelerometer.o
 .debug_macro   0x0000000000017bc5      0x316 ./Core/Src/freertos.o
 .debug_macro   0x0000000000017edb      0x1c6 ./Core/Src/gpio.o
 .debug_macro   0x00000000000180a1      0x364 ./Core/Src/main.o
 .debug_macro   0x0000000000018405       0xe3 ./Core/Src/main.o
 .debug_macro   0x00000000000184e8      0x1c6 ./Core/Src/spi.o
 .debug_macro   0x00000000000186ae      0x1bc ./Core/Src/stm32f1xx_hal_msp.o
 .debug_macro   0x000000000001886a      0x1ad ./Core/Src/stm32f1xx_hal_timebase_tim.o
 .debug_macro   0x0000000000018a17      0x1c6 ./Core/Src/stm32f1xx_it.o
 .debug_macro   0x0000000000018bdd      0x1ad ./Core/Src/system_stm32f1xx.o
 .debug_macro   0x0000000000018d8a      0x1c6 ./Core/Src/tim.o
 .debug_macro   0x0000000000018f50      0x1c6 ./Core/Src/usart.o
 .debug_macro   0x0000000000019116      0x1d1 ./Drivers/STM32F1xx_HAL_Driver/Src/stm32f1xx_hal.o
 .debug_macro   0x00000000000192e7      0x1ad ./Drivers/STM32F1xx_HAL_Driver/Src/stm32f1xx_hal_cortex.o
 .debug_macro   0x0000000000019494      0x218 ./Drivers/STM32F1xx_HAL_Driver/Src/stm32f1xx_hal_gpio.o
 .debug_macro   0x00000000000196ac      0x1bf ./Drivers/STM32F1xx_HAL_Driver/Src/stm32f1xx_hal_rcc.o
 .debug_macro   0x000000000001986b      0x1b5 ./Drivers/STM32F1xx_HAL_Driver/Src/stm32f1xx_hal_spi.o
 .debug_macro   0x0000000000019a20      0x1ae ./Drivers/STM32F1xx_HAL_Driver/Src/stm32f1xx_hal_tim.o
 .debug_macro   0x0000000000019bce      0x1ad ./Drivers/STM32F1xx_HAL_Driver/Src/stm32f1xx_hal_tim_ex.o
 .debug_macro   0x0000000000019d7b      0x1ae ./Drivers/STM32F1xx_HAL_Driver/Src/stm32f1xx_hal_uart.o
 .debug_macro   0x0000000000019f29      0x365 ./Middlewares/Third_Party/FreeRTOS/Source/CMSIS_RTOS/cmsis_os.o
 .debug_macro   0x000000000001a28e       0x10 ./Middlewares/Third_Party/FreeRTOS/Source/CMSIS_RTOS/cmsis_os.o
 .debug_macro   0x000000000001a29e      0x2f3 ./Middlewares/Third_Party/FreeRTOS/Source/list.o
 .debug_macro   0x000000000001a591      0x37e ./Middlewares/Third_Party/FreeRTOS/Source/queue.o
 .debug_macro   0x000000000001a90f      0x3ec ./Middlewares/Third_Party/FreeRTOS/Source/tasks.o
 .debug_macro   0x000000000001acfb       0x10 ./Middlewares/Third_Party/FreeRTOS/Source/tasks.o
 .debug_macro   0x000000000001ad0b      0x369 ./Middlewares/Third_Party/FreeRTOS/Source/portable/GCC/ARM_CM3/port.o
 .debug_macro   0x000000000001b074      0x31a ./Middlewares/Third_Party/FreeRTOS/Source/portable/MemMang/heap_4.o

.debug_line     0x0000000000000000    0x187a6
 .debug_line    0x0000000000000000      0xeb1 ./Core/Src/ADXL.o
 .debug_line    0x0000000000000eb1      0xb23 ./Core/Src/Accelerometer.o
 .debug_line    0x00000000000019d4      0x96a ./Core/Src/freertos.o
 .debug_line    0x000000000000233e      0x6a4 ./Core/Src/gpio.o
 .debug_line    0x00000000000029e2      0xa66 ./Core/Src/main.o
 .debug_line    0x0000000000003448      0x6d8 ./Core/Src/spi.o
 .debug_line    0x0000000000003b20      0x663 ./Core/Src/stm32f1xx_hal_msp.o
 .debug_line    0x0000000000004183      0x6cf ./Core/Src/stm32f1xx_hal_timebase_tim.o
 .debug_line    0x0000000000004852      0x745 ./Core/Src/stm32f1xx_it.o
 .debug_line    0x0000000000004f97      0x6df ./Core/Src/system_stm32f1xx.o
 .debug_line    0x0000000000005676      0x6ce ./Core/Src/tim.o
 .debug_line    0x0000000000005d44      0x6d0 ./Core/Src/usart.o
 .debug_line    0x0000000000006414       0x78 ./Core/Startup/startup_stm32f103c8tx.o
 .debug_line    0x000000000000648c      0x90c ./Drivers/STM32F1xx_HAL_Driver/Src/stm32f1xx_hal.o
 .debug_line    0x0000000000006d98      0xaf4 ./Drivers/STM32F1xx_HAL_Driver/Src/stm32f1xx_hal_cortex.o
 .debug_line    0x000000000000788c      0x9a5 ./Drivers/STM32F1xx_HAL_Driver/Src/stm32f1xx_hal_gpio.o
 .debug_line    0x0000000000008231      0xd15 ./Drivers/STM32F1xx_HAL_Driver/Src/stm32f1xx_hal_rcc.o
 .debug_line    0x0000000000008f46     0x1b94 ./Drivers/STM32F1xx_HAL_Driver/Src/stm32f1xx_hal_spi.o
 .debug_line    0x000000000000aada     0x33f8 ./Drivers/STM32F1xx_HAL_Driver/Src/stm32f1xx_hal_tim.o
 .debug_line    0x000000000000ded2     0x186b ./Drivers/STM32F1xx_HAL_Driver/Src/stm32f1xx_hal_tim_ex.o
 .debug_line    0x000000000000f73d     0x283a ./Drivers/STM32F1xx_HAL_Driver/Src/stm32f1xx_hal_uart.o
 .debug_line    0x0000000000011f77     0x1461 ./Middlewares/Third_Party/FreeRTOS/Source/CMSIS_RTOS/cmsis_os.o
 .debug_line    0x00000000000133d8      0x9b9 ./Middlewares/Third_Party/FreeRTOS/Source/list.o
 .debug_line    0x0000000000013d91     0x1736 ./Middlewares/Third_Party/FreeRTOS/Source/queue.o
 .debug_line    0x00000000000154c7     0x1c2a ./Middlewares/Third_Party/FreeRTOS/Source/tasks.o
 .debug_line    0x00000000000170f1      0xb3a ./Middlewares/Third_Party/FreeRTOS/Source/portable/GCC/ARM_CM3/port.o
 .debug_line    0x0000000000017c2b      0xb7b ./Middlewares/Third_Party/FreeRTOS/Source/portable/MemMang/heap_4.o

.debug_str      0x0000000000000000    0x95612
 .debug_str     0x0000000000000000    0x8cdf8 ./Core/Src/ADXL.o
                                      0x8d1ee (size before relaxing)
 .debug_str     0x000000000008cdf8     0x20dd ./Core/Src/Accelerometer.o
                                      0x8eeeb (size before relaxing)
 .debug_str     0x000000000008eed5      0x6ff ./Core/Src/freertos.o
                                      0x8cc84 (size before relaxing)
 .debug_str     0x000000000008f5d4      0x31b ./Core/Src/gpio.o
                                      0x84ffd (size before relaxing)
 .debug_str     0x000000000008f8ef      0x4ad ./Core/Src/main.o
                                      0x8d1ac (size before relaxing)
 .debug_str     0x000000000008fd9c       0x5b ./Core/Src/spi.o
                                      0x85107 (size before relaxing)
 .debug_str     0x000000000008fdf7       0x5a ./Core/Src/stm32f1xx_hal_msp.o
                                      0x84f72 (size before relaxing)
 .debug_str     0x000000000008fe51       0xe1 ./Core/Src/stm32f1xx_hal_timebase_tim.o
                                      0x852fe (size before relaxing)
 .debug_str     0x000000000008ff32       0xf0 ./Core/Src/stm32f1xx_it.o
                                      0x851b5 (size before relaxing)
 .debug_str     0x0000000000090022       0x7e ./Core/Src/system_stm32f1xx.o
                                      0x84a46 (size before relaxing)
 .debug_str     0x00000000000900a0      0x13e ./Core/Src/tim.o