../Core/Src/ADXL.c:85:12:ADXL_Init	24	static
../Core/Src/ADXL.c:137:6:ADXL_getAccel	40	static
../Core/Src/ADXL.c:162:6:ADXL_Measure	24	static
../Core/Src/ADXL.c:192:6:ADXL_Sleep	24	static
../Core/Src/ADXL.c:220:6:ADXL_Standby	24	static
../Core/Src/ADXL.c:249:6:ADXL_test	16	static
../Core/Src/ADXL.c:259:6:ADXL_enableSelfTest	16	static
../Core/Src/ADXL.c:271:6:ADXL_disableSelfTest	16	static
../Core/Src/ADXL.c:286:6:ADXL_SetOffset	16	static
../Core/Src/ADXL.c:295:6:adxlInterrupt	24	static
../Core/Src/ADXL.c:317:6:ADXL_enableSingleTap	32	static
../Core/Src/ADXL.c:344:6:ADXL_disableSingleTap	16	static
../Core/Src/ADXL.c:361:6:ADXL_enableDoubleTap	32	static
../Core/Src/ADXL.c:389:6:ADXL_disableDoubleTap	16	static
../Core/Src/ADXL.c:403:6:ADXL_enableActivity	32	static
../Core/Src/ADXL.c:429:6:ADXL_disableActivity	16	static
../Core/Src/ADXL.c:452:6:ADXL_enableFreeFall	24	static
../Core/Src/ADXL.c:471:6:ADXL_disableFreeFall	16	static
../Core/Src/ADXL.c:484:6:ADXL_IntProto	24	static
../Core/Src/ADXL.c:502:13:writeRegister	16	static
../Core/Src/ADXL.c:520:13:readRegister	16	static
../Core/Src/ADXL.c:571:13:adxlBW	24	static
../Core/Src/ADXL.c:617:13:adxlFormat	24	static
